10.0.0.1 - - [21/May/2025:13:17:10 +0000] "POST /css/main.css HTTP/1.1" 302 3102 "https://www.facebook.com" "Mozilla/5.0 (compatible; Googlebot/2.1; +http://www.google.com/bot.html)"
10.0.0.1 - - [21/May/2025:13:17:10 +0000] "PUT /contact.html HTTP/2.0" 401 5669 "https://www.twitter.com" "Mozilla/5.0 (compatible; Googlebot/2.1; +http://www.google.com/bot.html)"
192.168.1.4 - - [21/May/2025:13:17:11 +0000] "DELETE /products.html HTTP/1.1" 200 6615 "https://www.facebook.com" "Mozilla/5.0 (Macintosh; Intel Mac OS X 10_15_7) AppleWebKit/605.1.15 (KHTML, like Gecko) Version/14.1.1 Safari/605.1.15"
192.168.1.2 - - [21/May/2025:13:17:11 +0000] "GET /contact.html HTTP/1.0" 200 7453 "https://www.linkedin.com" "Mozilla/5.0 (iPhone; CPU iPhone OS 14_6 like Mac OS X) AppleWebKit/605.1.15 (KHTML, like Gecko) Version/14.0 Mobile/15E148 Safari/604.1"
10.0.0.1 - - [21/May/2025:13:17:11 +0000] "GET /api/v1/users HTTP/2.0" 401 5758 "https://www.google.com" "Mozilla/5.0 (compatible; Googlebot/2.1; +http://www.google.com/bot.html)"
192.168.1.3 - - [21/May/2025:13:17:11 +0000] "GET /index.html HTTP/2.0" 200 4316 "https://www.twitter.com" "Mozilla/5.0 (iPhone; CPU iPhone OS 14_6 like Mac OS X) AppleWebKit/605.1.15 (KHTML, like Gecko) Version/14.0 Mobile/15E148 Safari/604.1"
192.168.1.5 - - [21/May/2025:13:17:13 +0000] "POST /index.html HTTP/1.0" 200 8837 "-" "Mozilla/5.0 (X11; Linux x86_64; rv:89.0) Gecko/20100101 Firefox/89.0"
172.16.0.1 - - [21/May/2025:13:17:13 +0000] "DELETE /api/v1/users HTTP/1.1" 304 4838 "https://www.linkedin.com" "Mozilla/5.0 (iPhone; CPU iPhone OS 14_6 like Mac OS X) AppleWebKit/605.1.15 (KHTML, like Gecko) Version/14.0 Mobile/15E148 Safari/604.1"
10.0.0.1 - - [21/May/2025:13:17:13 +0000] "DELETE /services.html HTTP/1.1" 403 9955 "https://www.bing.com" "Mozilla/5.0 (Windows NT 10.0; Win64; x64) AppleWebKit/537.36 (KHTML, like Gecko) Chrome/91.0.4472.124 Safari/537.36"
10.0.0.1 - - [21/May/2025:13:17:13 +0000] "DELETE /css/main.css HTTP/2.0" 400 876 "https://www.twitter.com" "Mozilla/5.0 (compatible; Googlebot/2.1; +http://www.google.com/bot.html)"
192.168.1.1 - - [21/May/2025:13:17:13 +0000] "PUT /contact.html HTTP/1.1" 200 8127 "-" "Mozilla/5.0 (X11; Linux x86_64; rv:89.0) Gecko/20100101 Firefox/89.0"
192.168.1.3 - - [21/May/2025:13:17:14 +0000] "DELETE /images/logo.png HTTP/1.1" 200 3131 "https://www.google.com" "Mozilla/5.0 (Macintosh; Intel Mac OS X 10_15_7) AppleWebKit/605.1.15 (KHTML, like Gecko) Version/14.1.1 Safari/605.1.15"
8.8.4.4 - - [21/May/2025:13:17:14 +0000] "POST /css/main.css HTTP/1.1" 403 5865 "https://www.google.com" "Mozilla/5.0 (X11; Linux x86_64; rv:89.0) Gecko/20100101 Firefox/89.0"
8.8.4.4 - - [21/May/2025:13:17:15 +0000] "POST /contact.html HTTP/1.1" 301 349 "https://www.twitter.com" "Mozilla/5.0 (Windows NT 10.0; Win64; x64) AppleWebKit/537.36 (KHTML, like Gecko) Chrome/91.0.4472.124 Safari/537.36"
192.168.1.2 - - [21/May/2025:13:17:15 +0000] "DELETE /js/app.js HTTP/1.1" 304 2868 "https://www.linkedin.com" "Mozilla/5.0 (Macintosh; Intel Mac OS X 10_15_7) AppleWebKit/605.1.15 (KHTML, like Gecko) Version/14.1.1 Safari/605.1.15"
8.8.8.8 - - [21/May/2025:13:17:15 +0000] "GET /api/v1/products HTTP/2.0" 401 3415 "https://www.bing.com" "Mozilla/5.0 (iPhone; CPU iPhone OS 14_6 like Mac OS X) AppleWebKit/605.1.15 (KHTML, like Gecko) Version/14.0 Mobile/15E148 Safari/604.1"
192.168.1.2 - - [21/May/2025:13:17:15 +0000] "DELETE /contact.html HTTP/1.0" 200 2361 "-" "Mozilla/5.0 (X11; Linux x86_64; rv:89.0) Gecko/20100101 Firefox/89.0"
10.0.0.1 - - [21/May/2025:13:17:15 +0000] "POST /js/app.js HTTP/2.0" 404 622 "https://www.facebook.com" "Mozilla/5.0 (Windows NT 10.0; Win64; x64) AppleWebKit/537.36 (KHTML, like Gecko) Chrome/91.0.4472.124 Safari/537.36"
172.16.0.1 - - [21/May/2025:13:17:17 +0000] "GET /products.html HTTP/1.1" 200 9928 "https://www.twitter.com" "Mozilla/5.0 (compatible; Googlebot/2.1; +http://www.google.com/bot.html)"
172.16.0.1 - - [21/May/2025:13:17:17 +0000] "DELETE /products.html HTTP/2.0" 200 6896 "https://www.linkedin.com" "Mozilla/5.0 (Windows NT 10.0; Win64; x64) AppleWebKit/537.36 (KHTML, like Gecko) Chrome/91.0.4472.124 Safari/537.36"
8.8.8.8 - - [21/May/2025:13:17:17 +0000] "GET /js/app.js HTTP/2.0" 400 7394 "https://www.twitter.com" "Mozilla/5.0 (iPhone; CPU iPhone OS 14_6 like Mac OS X) AppleWebKit/605.1.15 (KHTML, like Gecko) Version/14.0 Mobile/15E148 Safari/604.1"
192.168.1.5 - - [21/May/2025:13:17:17 +0000] "POST /contact.html HTTP/2.0" 400 2830 "https://www.google.com" "Mozilla/5.0 (Macintosh; Intel Mac OS X 10_15_7) AppleWebKit/605.1.15 (KHTML, like Gecko) Version/14.1.1 Safari/605.1.15"
8.8.8.8 - - [21/May/2025:13:17:17 +0000] "PUT /products.html HTTP/2.0" 404 6631 "https://www.facebook.com" "Mozilla/5.0 (iPhone; CPU iPhone OS 14_6 like Mac OS X) AppleWebKit/605.1.15 (KHTML, like Gecko) Version/14.0 Mobile/15E148 Safari/604.1"
192.168.1.2 - - [21/May/2025:13:17:18 +0000] "POST /products.html HTTP/2.0" 301 3667 "-" "Mozilla/5.0 (Windows NT 10.0; Win64; x64) AppleWebKit/537.36 (KHTML, like Gecko) Chrome/91.0.4472.124 Safari/537.36"
10.0.0.1 - - [21/May/2025:13:17:18 +0000] "POST /products.html HTTP/2.0" 302 1706 "https://www.google.com" "Mozilla/5.0 (X11; Linux x86_64; rv:89.0) Gecko/20100101 Firefox/89.0"
172.16.0.1 - - [21/May/2025:13:17:18 +0000] "POST /services.html HTTP/2.0" 200 4140 "-" "Mozilla/5.0 (compatible; Googlebot/2.1; +http://www.google.com/bot.html)"
192.168.1.3 - - [21/May/2025:13:17:19 +0000] "POST /api/v1/users HTTP/1.0" 404 9811 "https://www.facebook.com" "Mozilla/5.0 (Windows NT 10.0; Win64; x64) AppleWebKit/537.36 (KHTML, like Gecko) Chrome/91.0.4472.124 Safari/537.36"
192.168.1.5 - - [21/May/2025:13:17:19 +0000] "GET /js/app.js HTTP/2.0" 200 7736 "https://www.google.com" "Mozilla/5.0 (X11; Linux x86_64; rv:89.0) Gecko/20100101 Firefox/89.0"
10.0.0.2 - - [21/May/2025:13:17:19 +0000] "POST /services.html HTTP/2.0" 200 5656 "-" "Mozilla/5.0 (Macintosh; Intel Mac OS X 10_15_7) AppleWebKit/605.1.15 (KHTML, like Gecko) Version/14.1.1 Safari/605.1.15"
8.8.4.4 - - [21/May/2025:13:17:19 +0000] "PUT /about.html HTTP/2.0" 200 546 "https://www.bing.com" "Mozilla/5.0 (Macintosh; Intel Mac OS X 10_15_7) AppleWebKit/605.1.15 (KHTML, like Gecko) Version/14.1.1 Safari/605.1.15"
192.168.1.3 - - [21/May/2025:13:17:19 +0000] "POST /index.html HTTP/2.0" 304 889 "-" "Mozilla/5.0 (X11; Linux x86_64; rv:89.0) Gecko/20100101 Firefox/89.0"
172.16.0.1 - - [21/May/2025:13:17:21 +0000] "POST /images/logo.png HTTP/1.0" 200 1716 "https://www.google.com" "Mozilla/5.0 (X11; Linux x86_64; rv:89.0) Gecko/20100101 Firefox/89.0"
192.168.1.1 - - [21/May/2025:13:17:21 +0000] "PUT /js/app.js HTTP/1.1" 200 965 "https://www.linkedin.com" "Mozilla/5.0 (Windows NT 10.0; Win64; x64) AppleWebKit/537.36 (KHTML, like Gecko) Chrome/91.0.4472.124 Safari/537.36"
172.16.0.1 - - [21/May/2025:13:17:21 +0000] "DELETE /services.html HTTP/1.1" 401 6520 "https://www.google.com" "Mozilla/5.0 (compatible; Googlebot/2.1; +http://www.google.com/bot.html)"
192.168.1.5 - - [21/May/2025:13:17:21 +0000] "GET /js/app.js HTTP/1.1" 404 5567 "https://www.linkedin.com" "Mozilla/5.0 (compatible; Googlebot/2.1; +http://www.google.com/bot.html)"
192.168.1.5 - - [21/May/2025:13:17:21 +0000] "DELETE /services.html HTTP/1.0" 404 2930 "https://www.bing.com" "Mozilla/5.0 (compatible; Googlebot/2.1; +http://www.google.com/bot.html)"
192.168.1.2 - - [21/May/2025:13:17:24 +0000] "DELETE /services.html HTTP/2.0" 200 10070 "https://www.google.com" "Mozilla/5.0 (Macintosh; Intel Mac OS X 10_15_7) AppleWebKit/605.1.15 (KHTML, like Gecko) Version/14.1.1 Safari/605.1.15"
10.0.0.1 - - [21/May/2025:13:17:24 +0000] "PUT /services.html HTTP/1.1" 200 7370 "https://www.google.com" "Mozilla/5.0 (Windows NT 10.0; Win64; x64) AppleWebKit/537.36 (KHTML, like Gecko) Chrome/91.0.4472.124 Safari/537.36"
8.8.4.4 - - [21/May/2025:13:17:24 +0000] "POST /api/v1/users HTTP/1.0" 301 4204 "https://www.bing.com" "Mozilla/5.0 (Macintosh; Intel Mac OS X 10_15_7) AppleWebKit/605.1.15 (KHTML, like Gecko) Version/14.1.1 Safari/605.1.15"
10.0.0.2 - - [21/May/2025:13:17:24 +0000] "PUT /images/logo.png HTTP/1.0" 401 1559 "https://www.facebook.com" "Mozilla/5.0 (X11; Linux x86_64; rv:89.0) Gecko/20100101 Firefox/89.0"
172.16.0.1 - - [21/May/2025:13:17:26 +0000] "DELETE /js/app.js HTTP/2.0" 404 9327 "-" "Mozilla/5.0 (Windows NT 10.0; Win64; x64) AppleWebKit/537.36 (KHTML, like Gecko) Chrome/91.0.4472.124 Safari/537.36"
192.168.1.4 - - [21/May/2025:13:17:26 +0000] "POST /products.html HTTP/1.1" 302 9773 "https://www.bing.com" "Mozilla/5.0 (iPhone; CPU iPhone OS 14_6 like Mac OS X) AppleWebKit/605.1.15 (KHTML, like Gecko) Version/14.0 Mobile/15E148 Safari/604.1"
10.0.0.2 - - [21/May/2025:13:17:26 +0000] "PUT /images/logo.png HTTP/2.0" 403 9241 "https://www.linkedin.com" "Mozilla/5.0 (iPhone; CPU iPhone OS 14_6 like Mac OS X) AppleWebKit/605.1.15 (KHTML, like Gecko) Version/14.0 Mobile/15E148 Safari/604.1"
192.168.1.3 - - [21/May/2025:13:17:28 +0000] "PUT /index.html HTTP/1.0" 200 1306 "https://www.facebook.com" "Mozilla/5.0 (X11; Linux x86_64; rv:89.0) Gecko/20100101 Firefox/89.0"
192.168.1.4 - - [21/May/2025:13:17:28 +0000] "PUT /css/main.css HTTP/1.0" 500 6311 "https://www.twitter.com" "Mozilla/5.0 (iPhone; CPU iPhone OS 14_6 like Mac OS X) AppleWebKit/605.1.15 (KHTML, like Gecko) Version/14.0 Mobile/15E148 Safari/604.1"
172.16.0.1 - - [21/May/2025:13:17:28 +0000] "GET /images/logo.png HTTP/1.1" 404 5909 "https://www.facebook.com" "Mozilla/5.0 (Macintosh; Intel Mac OS X 10_15_7) AppleWebKit/605.1.15 (KHTML, like Gecko) Version/14.1.1 Safari/605.1.15"
172.16.0.1 - - [21/May/2025:13:17:28 +0000] "DELETE /api/v1/products HTTP/2.0" 302 2158 "https://www.bing.com" "Mozilla/5.0 (Macintosh; Intel Mac OS X 10_15_7) AppleWebKit/605.1.15 (KHTML, like Gecko) Version/14.1.1 Safari/605.1.15"
172.16.0.1 - - [21/May/2025:13:17:29 +0000] "PUT /api/v1/products HTTP/1.0" 302 1071 "https://www.facebook.com" "Mozilla/5.0 (Windows NT 10.0; Win64; x64) AppleWebKit/537.36 (KHTML, like Gecko) Chrome/91.0.4472.124 Safari/537.36"
10.0.0.1 - - [21/May/2025:13:17:29 +0000] "PUT /images/logo.png HTTP/1.0" 401 1255 "-" "Mozilla/5.0 (Macintosh; Intel Mac OS X 10_15_7) AppleWebKit/605.1.15 (KHTML, like Gecko) Version/14.1.1 Safari/605.1.15"
8.8.8.8 - - [21/May/2025:13:17:29 +0000] "DELETE /about.html HTTP/1.0" 500 2897 "https://www.linkedin.com" "Mozilla/5.0 (iPhone; CPU iPhone OS 14_6 like Mac OS X) AppleWebKit/605.1.15 (KHTML, like Gecko) Version/14.0 Mobile/15E148 Safari/604.1"
192.168.1.1 - - [21/May/2025:13:17:29 +0000] "GET /products.html HTTP/1.1" 302 8409 "https://www.google.com" "Mozilla/5.0 (X11; Linux x86_64; rv:89.0) Gecko/20100101 Firefox/89.0"
192.168.1.1 - - [21/May/2025:13:17:29 +0000] "PUT /products.html HTTP/1.1" 403 1901 "https://www.linkedin.com" "Mozilla/5.0 (Windows NT 10.0; Win64; x64) AppleWebKit/537.36 (KHTML, like Gecko) Chrome/91.0.4472.124 Safari/537.36"
192.168.1.2 - - [21/May/2025:13:17:32 +0000] "DELETE /api/v1/products HTTP/2.0" 200 4921 "https://www.facebook.com" "Mozilla/5.0 (compatible; Googlebot/2.1; +http://www.google.com/bot.html)"
8.8.4.4 - - [21/May/2025:13:17:32 +0000] "DELETE /services.html HTTP/1.0" 200 2983 "https://www.google.com" "Mozilla/5.0 (X11; Linux x86_64; rv:89.0) Gecko/20100101 Firefox/89.0"
192.168.1.2 - - [21/May/2025:13:17:32 +0000] "PUT /css/main.css HTTP/1.0" 304 3373 "-" "Mozilla/5.0 (compatible; Googlebot/2.1; +http://www.google.com/bot.html)"
192.168.1.2 - - [21/May/2025:13:17:34 +0000] "PUT /services.html HTTP/1.1" 500 5644 "https://www.google.com" "Mozilla/5.0 (X11; Linux x86_64; rv:89.0) Gecko/20100101 Firefox/89.0"
10.0.0.1 - - [21/May/2025:13:17:36 +0000] "POST /images/logo.png HTTP/1.0" 304 5997 "-" "Mozilla/5.0 (iPhone; CPU iPhone OS 14_6 like Mac OS X) AppleWebKit/605.1.15 (KHTML, like Gecko) Version/14.0 Mobile/15E148 Safari/604.1"
192.168.1.5 - - [21/May/2025:13:17:36 +0000] "DELETE /services.html HTTP/1.0" 500 3435 "https://www.facebook.com" "Mozilla/5.0 (compatible; Googlebot/2.1; +http://www.google.com/bot.html)"
10.0.0.1 - - [21/May/2025:13:17:36 +0000] "PUT /api/v1/users HTTP/2.0" 302 937 "https://www.linkedin.com" "Mozilla/5.0 (compatible; Googlebot/2.1; +http://www.google.com/bot.html)"
8.8.4.4 - - [21/May/2025:13:17:36 +0000] "POST /api/v1/users HTTP/2.0" 200 3027 "https://www.bing.com" "Mozilla/5.0 (compatible; Googlebot/2.1; +http://www.google.com/bot.html)"
10.0.0.1 - - [21/May/2025:13:17:38 +0000] "POST /api/v1/users HTTP/1.1" 500 4035 "https://www.bing.com" "Mozilla/5.0 (X11; Linux x86_64; rv:89.0) Gecko/20100101 Firefox/89.0"
10.0.0.1 - - [21/May/2025:13:17:38 +0000] "GET /images/logo.png HTTP/2.0" 500 1131 "https://www.facebook.com" "Mozilla/5.0 (iPhone; CPU iPhone OS 14_6 like Mac OS X) AppleWebKit/605.1.15 (KHTML, like Gecko) Version/14.0 Mobile/15E148 Safari/604.1"
192.168.1.4 - - [21/May/2025:13:17:41 +0000] "POST /images/logo.png HTTP/1.0" 403 406 "-" "Mozilla/5.0 (X11; Linux x86_64; rv:89.0) Gecko/20100101 Firefox/89.0"
172.16.0.1 - - [21/May/2025:13:17:41 +0000] "DELETE /js/app.js HTTP/2.0" 400 477 "https://www.google.com" "Mozilla/5.0 (iPhone; CPU iPhone OS 14_6 like Mac OS X) AppleWebKit/605.1.15 (KHTML, like Gecko) Version/14.0 Mobile/15E148 Safari/604.1"
192.168.1.3 - - [21/May/2025:13:17:43 +0000] "DELETE /js/app.js HTTP/1.1" 304 9233 "https://www.google.com" "Mozilla/5.0 (Windows NT 10.0; Win64; x64) AppleWebKit/537.36 (KHTML, like Gecko) Chrome/91.0.4472.124 Safari/537.36"
8.8.4.4 - - [21/May/2025:13:17:44 +0000] "POST /about.html HTTP/2.0" 400 5249 "https://www.linkedin.com" "Mozilla/5.0 (Macintosh; Intel Mac OS X 10_15_7) AppleWebKit/605.1.15 (KHTML, like Gecko) Version/14.1.1 Safari/605.1.15"
192.168.1.5 - - [21/May/2025:13:17:45 +0000] "DELETE /css/main.css HTTP/1.1" 200 607 "https://www.facebook.com" "Mozilla/5.0 (X11; Linux x86_64; rv:89.0) Gecko/20100101 Firefox/89.0"
192.168.1.1 - - [21/May/2025:13:17:45 +0000] "POST /index.html HTTP/1.1" 403 3753 "https://www.bing.com" "Mozilla/5.0 (compatible; Googlebot/2.1; +http://www.google.com/bot.html)"
8.8.8.8 - - [21/May/2025:13:17:45 +0000] "DELETE /api/v1/products HTTP/1.0" 301 3448 "https://www.bing.com" "Mozilla/5.0 (compatible; Googlebot/2.1; +http://www.google.com/bot.html)"
8.8.8.8 - - [21/May/2025:13:17:47 +0000] "GET /css/main.css HTTP/2.0" 200 1955 "https://www.google.com" "Mozilla/5.0 (Macintosh; Intel Mac OS X 10_15_7) AppleWebKit/605.1.15 (KHTML, like Gecko) Version/14.1.1 Safari/605.1.15"
10.0.0.1 - - [21/May/2025:13:17:47 +0000] "POST /js/app.js HTTP/2.0" 200 395 "https://www.linkedin.com" "Mozilla/5.0 (iPhone; CPU iPhone OS 14_6 like Mac OS X) AppleWebKit/605.1.15 (KHTML, like Gecko) Version/14.0 Mobile/15E148 Safari/604.1"
192.168.1.1 - - [21/May/2025:13:17:48 +0000] "PUT /images/logo.png HTTP/1.1" 200 5102 "https://www.linkedin.com" "Mozilla/5.0 (X11; Linux x86_64; rv:89.0) Gecko/20100101 Firefox/89.0"
192.168.1.4 - - [21/May/2025:13:17:51 +0000] "GET /api/v1/products HTTP/2.0" 200 8625 "-" "Mozilla/5.0 (Macintosh; Intel Mac OS X 10_15_7) AppleWebKit/605.1.15 (KHTML, like Gecko) Version/14.1.1 Safari/605.1.15"
10.0.0.1 - - [21/May/2025:13:17:51 +0000] "PUT /services.html HTTP/2.0" 200 4200 "https://www.twitter.com" "Mozilla/5.0 (iPhone; CPU iPhone OS 14_6 like Mac OS X) AppleWebKit/605.1.15 (KHTML, like Gecko) Version/14.0 Mobile/15E148 Safari/604.1"
10.0.0.1 - - [21/May/2025:13:17:51 +0000] "DELETE /products.html HTTP/1.1" 403 8634 "https://www.linkedin.com" "Mozilla/5.0 (Macintosh; Intel Mac OS X 10_15_7) AppleWebKit/605.1.15 (KHTML, like Gecko) Version/14.1.1 Safari/605.1.15"
192.168.1.1 - - [21/May/2025:13:17:53 +0000] "PUT /images/logo.png HTTP/1.1" 200 109 "https://www.bing.com" "Mozilla/5.0 (iPhone; CPU iPhone OS 14_6 like Mac OS X) AppleWebKit/605.1.15 (KHTML, like Gecko) Version/14.0 Mobile/15E148 Safari/604.1"
10.0.0.2 - - [21/May/2025:13:17:53 +0000] "GET /api/v1/users HTTP/2.0" 200 6911 "https://www.twitter.com" "Mozilla/5.0 (iPhone; CPU iPhone OS 14_6 like Mac OS X) AppleWebKit/605.1.15 (KHTML, like Gecko) Version/14.0 Mobile/15E148 Safari/604.1"
192.168.1.2 - - [21/May/2025:13:17:53 +0000] "GET /css/main.css HTTP/1.1" 403 9183 "https://www.linkedin.com" "Mozilla/5.0 (Windows NT 10.0; Win64; x64) AppleWebKit/537.36 (KHTML, like Gecko) Chrome/91.0.4472.124 Safari/537.36"
192.168.1.1 - - [21/May/2025:13:17:54 +0000] "GET /js/app.js HTTP/2.0" 302 586 "https://www.google.com" "Mozilla/5.0 (Windows NT 10.0; Win64; x64) AppleWebKit/537.36 (KHTML, like Gecko) Chrome/91.0.4472.124 Safari/537.36"
192.168.1.5 - - [21/May/2025:13:17:54 +0000] "GET /images/logo.png HTTP/2.0" 401 8996 "https://www.google.com" "Mozilla/5.0 (Windows NT 10.0; Win64; x64) AppleWebKit/537.36 (KHTML, like Gecko) Chrome/91.0.4472.124 Safari/537.36"
192.168.1.3 - - [21/May/2025:13:17:56 +0000] "PUT /js/app.js HTTP/1.1" 301 8241 "https://www.facebook.com" "Mozilla/5.0 (iPhone; CPU iPhone OS 14_6 like Mac OS X) AppleWebKit/605.1.15 (KHTML, like Gecko) Version/14.0 Mobile/15E148 Safari/604.1"
10.0.0.2 - - [21/May/2025:13:17:56 +0000] "POST /about.html HTTP/1.1" 401 9106 "https://www.google.com" "Mozilla/5.0 (iPhone; CPU iPhone OS 14_6 like Mac OS X) AppleWebKit/605.1.15 (KHTML, like Gecko) Version/14.0 Mobile/15E148 Safari/604.1"
10.0.0.2 - - [21/May/2025:13:17:56 +0000] "POST /index.html HTTP/1.0" 200 1778 "-" "Mozilla/5.0 (compatible; Googlebot/2.1; +http://www.google.com/bot.html)"
8.8.4.4 - - [21/May/2025:13:17:56 +0000] "DELETE /api/v1/products HTTP/1.1" 500 1408 "https://www.google.com" "Mozilla/5.0 (compatible; Googlebot/2.1; +http://www.google.com/bot.html)"
8.8.8.8 - - [21/May/2025:13:17:57 +0000] "DELETE /about.html HTTP/1.0" 304 3649 "https://www.bing.com" "Mozilla/5.0 (Windows NT 10.0; Win64; x64) AppleWebKit/537.36 (KHTML, like Gecko) Chrome/91.0.4472.124 Safari/537.36"
192.168.1.1 - - [21/May/2025:13:17:57 +0000] "GET /index.html HTTP/2.0" 304 2429 "https://www.google.com" "Mozilla/5.0 (Windows NT 10.0; Win64; x64) AppleWebKit/537.36 (KHTML, like Gecko) Chrome/91.0.4472.124 Safari/537.36"
192.168.1.2 - - [21/May/2025:13:17:57 +0000] "POST /api/v1/users HTTP/1.0" 200 2777 "-" "Mozilla/5.0 (Windows NT 10.0; Win64; x64) AppleWebKit/537.36 (KHTML, like Gecko) Chrome/91.0.4472.124 Safari/537.36"
10.0.0.1 - - [21/May/2025:13:17:57 +0000] "GET /services.html HTTP/1.1" 401 3651 "https://www.bing.com" "Mozilla/5.0 (iPhone; CPU iPhone OS 14_6 like Mac OS X) AppleWebKit/605.1.15 (KHTML, like Gecko) Version/14.0 Mobile/15E148 Safari/604.1"
10.0.0.1 - - [21/May/2025:13:17:57 +0000] "POST /api/v1/products HTTP/1.0" 403 6012 "https://www.bing.com" "Mozilla/5.0 (compatible; Googlebot/2.1; +http://www.google.com/bot.html)"
192.168.1.5 - - [21/May/2025:13:17:59 +0000] "DELETE /products.html HTTP/2.0" 302 7128 "https://www.twitter.com" "Mozilla/5.0 (compatible; Googlebot/2.1; +http://www.google.com/bot.html)"
192.168.1.1 - - [21/May/2025:13:18:02 +0000] "GET /products.html HTTP/1.0" 200 7042 "https://www.google.com" "Mozilla/5.0 (compatible; Googlebot/2.1; +http://www.google.com/bot.html)"
192.168.1.3 - - [21/May/2025:13:18:05 +0000] "GET /api/v1/users HTTP/1.0" 200 5160 "https://www.bing.com" "Mozilla/5.0 (Windows NT 10.0; Win64; x64) AppleWebKit/537.36 (KHTML, like Gecko) Chrome/91.0.4472.124 Safari/537.36"
8.8.8.8 - - [21/May/2025:13:18:05 +0000] "PUT /api/v1/users HTTP/1.0" 401 9945 "https://www.facebook.com" "Mozilla/5.0 (X11; Linux x86_64; rv:89.0) Gecko/20100101 Firefox/89.0"
10.0.0.1 - - [21/May/2025:13:18:05 +0000] "GET /services.html HTTP/1.1" 301 4353 "https://www.bing.com" "Mozilla/5.0 (compatible; Googlebot/2.1; +http://www.google.com/bot.html)"
10.0.0.2 - - [21/May/2025:13:18:05 +0000] "POST /services.html HTTP/1.1" 400 9010 "https://www.bing.com" "Mozilla/5.0 (Macintosh; Intel Mac OS X 10_15_7) AppleWebKit/605.1.15 (KHTML, like Gecko) Version/14.1.1 Safari/605.1.15"
192.168.1.2 - - [21/May/2025:13:18:05 +0000] "DELETE /contact.html HTTP/2.0" 404 7483 "https://www.facebook.com" "Mozilla/5.0 (X11; Linux x86_64; rv:89.0) Gecko/20100101 Firefox/89.0"
192.168.1.2 - - [21/May/2025:13:18:08 +0000] "PUT /contact.html HTTP/2.0" 200 1570 "https://www.twitter.com" "Mozilla/5.0 (compatible; Googlebot/2.1; +http://www.google.com/bot.html)"
192.168.1.1 - - [21/May/2025:13:18:08 +0000] "PUT /css/main.css HTTP/1.1" 200 314 "https://www.google.com" "Mozilla/5.0 (Macintosh; Intel Mac OS X 10_15_7) AppleWebKit/605.1.15 (KHTML, like Gecko) Version/14.1.1 Safari/605.1.15"
192.168.1.2 - - [21/May/2025:13:18:10 +0000] "GET /api/v1/users HTTP/1.0" 400 8641 "https://www.twitter.com" "Mozilla/5.0 (compatible; Googlebot/2.1; +http://www.google.com/bot.html)"
192.168.1.5 - - [21/May/2025:13:18:11 +0000] "GET /index.html HTTP/2.0" 200 7411 "https://www.linkedin.com" "Mozilla/5.0 (Windows NT 10.0; Win64; x64) AppleWebKit/537.36 (KHTML, like Gecko) Chrome/91.0.4472.124 Safari/537.36"
10.0.0.2 - - [21/May/2025:13:18:11 +0000] "DELETE /contact.html HTTP/1.1" 500 8348 "https://www.google.com" "Mozilla/5.0 (iPhone; CPU iPhone OS 14_6 like Mac OS X) AppleWebKit/605.1.15 (KHTML, like Gecko) Version/14.0 Mobile/15E148 Safari/604.1"
192.168.1.3 - - [21/May/2025:13:18:11 +0000] "PUT /index.html HTTP/1.0" 404 4516 "https://www.facebook.com" "Mozilla/5.0 (Macintosh; Intel Mac OS X 10_15_7) AppleWebKit/605.1.15 (KHTML, like Gecko) Version/14.1.1 Safari/605.1.15"
8.8.4.4 - - [21/May/2025:13:18:11 +0000] "GET /images/logo.png HTTP/1.0" 304 4097 "-" "Mozilla/5.0 (X11; Linux x86_64; rv:89.0) Gecko/20100101 Firefox/89.0"
8.8.4.4 - - [21/May/2025:13:18:14 +0000] "GET /js/app.js HTTP/2.0" 200 7574 "https://www.facebook.com" "Mozilla/5.0 (X11; Linux x86_64; rv:89.0) Gecko/20100101 Firefox/89.0"
10.0.0.1 - - [21/May/2025:13:18:14 +0000] "DELETE /services.html HTTP/1.0" 404 5658 "https://www.bing.com" "Mozilla/5.0 (X11; Linux x86_64; rv:89.0) Gecko/20100101 Firefox/89.0"
192.168.1.4 - - [21/May/2025:13:18:14 +0000] "GET /index.html HTTP/2.0" 301 9644 "https://www.google.com" "Mozilla/5.0 (X11; Linux x86_64; rv:89.0) Gecko/20100101 Firefox/89.0"
192.168.1.1 - - [21/May/2025:13:18:15 +0000] "POST /index.html HTTP/2.0" 403 1528 "https://www.facebook.com" "Mozilla/5.0 (iPhone; CPU iPhone OS 14_6 like Mac OS X) AppleWebKit/605.1.15 (KHTML, like Gecko) Version/14.0 Mobile/15E148 Safari/604.1"
10.0.0.2 - - [21/May/2025:13:18:15 +0000] "DELETE /js/app.js HTTP/1.1" 200 8604 "https://www.google.com" "Mozilla/5.0 (Macintosh; Intel Mac OS X 10_15_7) AppleWebKit/605.1.15 (KHTML, like Gecko) Version/14.1.1 Safari/605.1.15"
192.168.1.3 - - [21/May/2025:13:18:18 +0000] "GET /services.html HTTP/1.1" 200 6253 "https://www.google.com" "Mozilla/5.0 (iPhone; CPU iPhone OS 14_6 like Mac OS X) AppleWebKit/605.1.15 (KHTML, like Gecko) Version/14.0 Mobile/15E148 Safari/604.1"
10.0.0.1 - - [21/May/2025:13:18:18 +0000] "DELETE /index.html HTTP/1.0" 200 1831 "https://www.linkedin.com" "Mozilla/5.0 (Windows NT 10.0; Win64; x64) AppleWebKit/537.36 (KHTML, like Gecko) Chrome/91.0.4472.124 Safari/537.36"
10.0.0.2 - - [21/May/2025:13:18:21 +0000] "DELETE /images/logo.png HTTP/2.0" 400 222 "https://www.linkedin.com" "Mozilla/5.0 (Macintosh; Intel Mac OS X 10_15_7) AppleWebKit/605.1.15 (KHTML, like Gecko) Version/14.1.1 Safari/605.1.15"
10.0.0.2 - - [21/May/2025:13:18:21 +0000] "PUT /images/logo.png HTTP/2.0" 400 8462 "https://www.linkedin.com" "Mozilla/5.0 (compatible; Googlebot/2.1; +http://www.google.com/bot.html)"
192.168.1.3 - - [21/May/2025:13:18:21 +0000] "GET /images/logo.png HTTP/1.1" 302 5537 "https://www.twitter.com" "Mozilla/5.0 (compatible; Googlebot/2.1; +http://www.google.com/bot.html)"
192.168.1.5 - - [21/May/2025:13:18:22 +0000] "PUT /contact.html HTTP/1.0" 304 6991 "https://www.bing.com" "Mozilla/5.0 (iPhone; CPU iPhone OS 14_6 like Mac OS X) AppleWebKit/605.1.15 (KHTML, like Gecko) Version/14.0 Mobile/15E148 Safari/604.1"
10.0.0.2 - - [21/May/2025:13:18:22 +0000] "POST /index.html HTTP/1.1" 401 8768 "https://www.bing.com" "Mozilla/5.0 (X11; Linux x86_64; rv:89.0) Gecko/20100101 Firefox/89.0"
10.0.0.2 - - [21/May/2025:13:18:22 +0000] "POST /products.html HTTP/1.1" 302 4206 "https://www.facebook.com" "Mozilla/5.0 (Macintosh; Intel Mac OS X 10_15_7) AppleWebKit/605.1.15 (KHTML, like Gecko) Version/14.1.1 Safari/605.1.15"
8.8.4.4 - - [21/May/2025:13:18:22 +0000] "GET /api/v1/products HTTP/2.0" 500 3190 "https://www.linkedin.com" "Mozilla/5.0 (Windows NT 10.0; Win64; x64) AppleWebKit/537.36 (KHTML, like Gecko) Chrome/91.0.4472.124 Safari/537.36"
10.0.0.2 - - [21/May/2025:13:18:23 +0000] "GET /about.html HTTP/1.0" 500 9946 "https://www.linkedin.com" "Mozilla/5.0 (Macintosh; Intel Mac OS X 10_15_7) AppleWebKit/605.1.15 (KHTML, like Gecko) Version/14.1.1 Safari/605.1.15"
192.168.1.4 - - [21/May/2025:13:18:23 +0000] "POST /js/app.js HTTP/2.0" 301 2114 "https://www.facebook.com" "Mozilla/5.0 (compatible; Googlebot/2.1; +http://www.google.com/bot.html)"
8.8.8.8 - - [21/May/2025:13:18:24 +0000] "DELETE /css/main.css HTTP/2.0" 401 1978 "https://www.facebook.com" "Mozilla/5.0 (Windows NT 10.0; Win64; x64) AppleWebKit/537.36 (KHTML, like Gecko) Chrome/91.0.4472.124 Safari/537.36"
172.16.0.1 - - [21/May/2025:13:18:24 +0000] "DELETE /js/app.js HTTP/1.0" 200 1387 "-" "Mozilla/5.0 (Macintosh; Intel Mac OS X 10_15_7) AppleWebKit/605.1.15 (KHTML, like Gecko) Version/14.1.1 Safari/605.1.15"
192.168.1.2 - - [21/May/2025:13:18:24 +0000] "PUT /services.html HTTP/1.1" 200 4482 "https://www.facebook.com" "Mozilla/5.0 (X11; Linux x86_64; rv:89.0) Gecko/20100101 Firefox/89.0"
10.0.0.2 - - [21/May/2025:13:18:24 +0000] "GET /images/logo.png HTTP/2.0" 403 4571 "https://www.twitter.com" "Mozilla/5.0 (Macintosh; Intel Mac OS X 10_15_7) AppleWebKit/605.1.15 (KHTML, like Gecko) Version/14.1.1 Safari/605.1.15"
192.168.1.1 - - [21/May/2025:13:18:27 +0000] "PUT /services.html HTTP/2.0" 200 9700 "https://www.twitter.com" "Mozilla/5.0 (iPhone; CPU iPhone OS 14_6 like Mac OS X) AppleWebKit/605.1.15 (KHTML, like Gecko) Version/14.0 Mobile/15E148 Safari/604.1"
192.168.1.3 - - [21/May/2025:13:18:27 +0000] "PUT /index.html HTTP/1.0" 404 6879 "https://www.twitter.com" "Mozilla/5.0 (compatible; Googlebot/2.1; +http://www.google.com/bot.html)"
10.0.0.2 - - [21/May/2025:13:18:27 +0000] "GET /products.html HTTP/1.1" 200 567 "https://www.google.com" "Mozilla/5.0 (X11; Linux x86_64; rv:89.0) Gecko/20100101 Firefox/89.0"
192.168.1.3 - - [21/May/2025:13:18:27 +0000] "GET /api/v1/users HTTP/1.0" 301 3840 "https://www.bing.com" "Mozilla/5.0 (X11; Linux x86_64; rv:89.0) Gecko/20100101 Firefox/89.0"
192.168.1.3 - - [21/May/2025:13:18:27 +0000] "POST /contact.html HTTP/1.1" 200 4663 "-" "Mozilla/5.0 (Macintosh; Intel Mac OS X 10_15_7) AppleWebKit/605.1.15 (KHTML, like Gecko) Version/14.1.1 Safari/605.1.15"
10.0.0.2 - - [21/May/2025:13:18:28 +0000] "DELETE /about.html HTTP/2.0" 404 5711 "https://www.linkedin.com" "Mozilla/5.0 (iPhone; CPU iPhone OS 14_6 like Mac OS X) AppleWebKit/605.1.15 (KHTML, like Gecko) Version/14.0 Mobile/15E148 Safari/604.1"
172.16.0.1 - - [21/May/2025:13:18:28 +0000] "GET /products.html HTTP/1.1" 200 6150 "https://www.bing.com" "Mozilla/5.0 (X11; Linux x86_64; rv:89.0) Gecko/20100101 Firefox/89.0"
192.168.1.1 - - [21/May/2025:13:18:28 +0000] "DELETE /css/main.css HTTP/1.1" 200 2147 "https://www.bing.com" "Mozilla/5.0 (iPhone; CPU iPhone OS 14_6 like Mac OS X) AppleWebKit/605.1.15 (KHTML, like Gecko) Version/14.0 Mobile/15E148 Safari/604.1"
10.0.0.2 - - [21/May/2025:13:18:28 +0000] "DELETE /about.html HTTP/1.0" 401 4092 "https://www.google.com" "Mozilla/5.0 (Macintosh; Intel Mac OS X 10_15_7) AppleWebKit/605.1.15 (KHTML, like Gecko) Version/14.1.1 Safari/605.1.15"
192.168.1.4 - - [21/May/2025:13:18:30 +0000] "DELETE /index.html HTTP/1.1" 400 1603 "https://www.google.com" "Mozilla/5.0 (Windows NT 10.0; Win64; x64) AppleWebKit/537.36 (KHTML, like Gecko) Chrome/91.0.4472.124 Safari/537.36"
8.8.4.4 - - [21/May/2025:13:18:30 +0000] "POST /api/v1/products HTTP/1.1" 400 8125 "https://www.google.com" "Mozilla/5.0 (Windows NT 10.0; Win64; x64) AppleWebKit/537.36 (KHTML, like Gecko) Chrome/91.0.4472.124 Safari/537.36"
172.16.0.1 - - [21/May/2025:13:18:30 +0000] "GET /js/app.js HTTP/1.1" 401 552 "-" "Mozilla/5.0 (X11; Linux x86_64; rv:89.0) Gecko/20100101 Firefox/89.0"
192.168.1.2 - - [21/May/2025:13:18:30 +0000] "GET /api/v1/users HTTP/1.0" 302 1981 "https://www.facebook.com" "Mozilla/5.0 (iPhone; CPU iPhone OS 14_6 like Mac OS X) AppleWebKit/605.1.15 (KHTML, like Gecko) Version/14.0 Mobile/15E148 Safari/604.1"
10.0.0.2 - - [21/May/2025:13:18:30 +0000] "DELETE /about.html HTTP/1.0" 304 5693 "https://www.twitter.com" "Mozilla/5.0 (X11; Linux x86_64; rv:89.0) Gecko/20100101 Firefox/89.0"
192.168.1.4 - - [21/May/2025:13:18:31 +0000] "GET /contact.html HTTP/1.1" 200 6310 "https://www.twitter.com" "Mozilla/5.0 (iPhone; CPU iPhone OS 14_6 like Mac OS X) AppleWebKit/605.1.15 (KHTML, like Gecko) Version/14.0 Mobile/15E148 Safari/604.1"
10.0.0.2 - - [21/May/2025:13:18:33 +0000] "PUT /api/v1/products HTTP/1.1" 200 1393 "https://www.google.com" "Mozilla/5.0 (compatible; Googlebot/2.1; +http://www.google.com/bot.html)"
192.168.1.5 - - [21/May/2025:13:18:33 +0000] "PUT /services.html HTTP/1.0" 400 3564 "https://www.facebook.com" "Mozilla/5.0 (Macintosh; Intel Mac OS X 10_15_7) AppleWebKit/605.1.15 (KHTML, like Gecko) Version/14.1.1 Safari/605.1.15"
172.16.0.1 - - [21/May/2025:13:18:35 +0000] "PUT /index.html HTTP/1.1" 304 7806 "https://www.twitter.com" "Mozilla/5.0 (compatible; Googlebot/2.1; +http://www.google.com/bot.html)"
8.8.4.4 - - [21/May/2025:13:18:35 +0000] "GET /api/v1/products HTTP/1.1" 500 7308 "https://www.twitter.com" "Mozilla/5.0 (compatible; Googlebot/2.1; +http://www.google.com/bot.html)"
192.168.1.4 - - [21/May/2025:13:18:35 +0000] "PUT /api/v1/users HTTP/2.0" 200 6161 "https://www.twitter.com" "Mozilla/5.0 (Macintosh; Intel Mac OS X 10_15_7) AppleWebKit/605.1.15 (KHTML, like Gecko) Version/14.1.1 Safari/605.1.15"
192.168.1.2 - - [21/May/2025:13:18:36 +0000] "PUT /js/app.js HTTP/1.0" 200 2522 "-" "Mozilla/5.0 (iPhone; CPU iPhone OS 14_6 like Mac OS X) AppleWebKit/605.1.15 (KHTML, like Gecko) Version/14.0 Mobile/15E148 Safari/604.1"
192.168.1.4 - - [21/May/2025:13:18:38 +0000] "PUT /api/v1/products HTTP/2.0" 200 5046 "https://www.twitter.com" "Mozilla/5.0 (compatible; Googlebot/2.1; +http://www.google.com/bot.html)"
192.168.1.2 - - [21/May/2025:13:18:38 +0000] "GET /about.html HTTP/2.0" 401 4285 "https://www.linkedin.com" "Mozilla/5.0 (compatible; Googlebot/2.1; +http://www.google.com/bot.html)"
192.168.1.2 - - [21/May/2025:13:18:38 +0000] "DELETE /products.html HTTP/2.0" 304 7073 "https://www.twitter.com" "Mozilla/5.0 (compatible; Googlebot/2.1; +http://www.google.com/bot.html)"
10.0.0.2 - - [21/May/2025:13:18:38 +0000] "DELETE /api/v1/users HTTP/1.0" 200 846 "-" "Mozilla/5.0 (Macintosh; Intel Mac OS X 10_15_7) AppleWebKit/605.1.15 (KHTML, like Gecko) Version/14.1.1 Safari/605.1.15"
8.8.8.8 - - [21/May/2025:13:18:38 +0000] "PUT /api/v1/products HTTP/1.1" 400 7364 "https://www.bing.com" "Mozilla/5.0 (Macintosh; Intel Mac OS X 10_15_7) AppleWebKit/605.1.15 (KHTML, like Gecko) Version/14.1.1 Safari/605.1.15"
192.168.1.2 - - [21/May/2025:13:18:39 +0000] "POST /services.html HTTP/2.0" 200 1399 "https://www.twitter.com" "Mozilla/5.0 (compatible; Googlebot/2.1; +http://www.google.com/bot.html)"
192.168.1.1 - - [21/May/2025:13:18:39 +0000] "POST /api/v1/products HTTP/1.1" 400 1650 "https://www.linkedin.com" "Mozilla/5.0 (Macintosh; Intel Mac OS X 10_15_7) AppleWebKit/605.1.15 (KHTML, like Gecko) Version/14.1.1 Safari/605.1.15"
172.16.0.1 - - [21/May/2025:13:18:40 +0000] "POST /api/v1/products HTTP/1.0" 403 4789 "https://www.linkedin.com" "Mozilla/5.0 (iPhone; CPU iPhone OS 14_6 like Mac OS X) AppleWebKit/605.1.15 (KHTML, like Gecko) Version/14.0 Mobile/15E148 Safari/604.1"
192.168.1.4 - - [21/May/2025:13:18:40 +0000] "DELETE /about.html HTTP/1.0" 301 136 "https://www.twitter.com" "Mozilla/5.0 (Macintosh; Intel Mac OS X 10_15_7) AppleWebKit/605.1.15 (KHTML, like Gecko) Version/14.1.1 Safari/605.1.15"
192.168.1.2 - - [21/May/2025:13:18:40 +0000] "GET /contact.html HTTP/1.0" 302 1814 "-" "Mozilla/5.0 (Macintosh; Intel Mac OS X 10_15_7) AppleWebKit/605.1.15 (KHTML, like Gecko) Version/14.1.1 Safari/605.1.15"
192.168.1.3 - - [21/May/2025:13:18:40 +0000] "PUT /api/v1/products HTTP/1.1" 304 1870 "https://www.facebook.com" "Mozilla/5.0 (iPhone; CPU iPhone OS 14_6 like Mac OS X) AppleWebKit/605.1.15 (KHTML, like Gecko) Version/14.0 Mobile/15E148 Safari/604.1"
8.8.8.8 - - [21/May/2025:13:18:40 +0000] "POST /api/v1/users HTTP/2.0" 301 1345 "https://www.facebook.com" "Mozilla/5.0 (Windows NT 10.0; Win64; x64) AppleWebKit/537.36 (KHTML, like Gecko) Chrome/91.0.4472.124 Safari/537.36"
192.168.1.3 - - [21/May/2025:13:18:43 +0000] "POST /js/app.js HTTP/1.0" 200 2430 "https://www.facebook.com" "Mozilla/5.0 (compatible; Googlebot/2.1; +http://www.google.com/bot.html)"
192.168.1.2 - - [21/May/2025:13:18:46 +0000] "GET /css/main.css HTTP/1.1" 301 1363 "https://www.twitter.com" "Mozilla/5.0 (compatible; Googlebot/2.1; +http://www.google.com/bot.html)"
192.168.1.5 - - [21/May/2025:13:18:47 +0000] "PUT /api/v1/products HTTP/2.0" 200 9023 "https://www.google.com" "Mozilla/5.0 (iPhone; CPU iPhone OS 14_6 like Mac OS X) AppleWebKit/605.1.15 (KHTML, like Gecko) Version/14.0 Mobile/15E148 Safari/604.1"
192.168.1.4 - - [21/May/2025:13:18:49 +0000] "GET /images/logo.png HTTP/2.0" 301 9549 "https://www.linkedin.com" "Mozilla/5.0 (Macintosh; Intel Mac OS X 10_15_7) AppleWebKit/605.1.15 (KHTML, like Gecko) Version/14.1.1 Safari/605.1.15"
192.168.1.4 - - [21/May/2025:13:18:52 +0000] "GET /services.html HTTP/1.0" 200 2546 "https://www.bing.com" "Mozilla/5.0 (Windows NT 10.0; Win64; x64) AppleWebKit/537.36 (KHTML, like Gecko) Chrome/91.0.4472.124 Safari/537.36"
10.0.0.2 - - [21/May/2025:13:18:52 +0000] "GET /api/v1/users HTTP/1.1" 200 7840 "https://www.linkedin.com" "Mozilla/5.0 (Windows NT 10.0; Win64; x64) AppleWebKit/537.36 (KHTML, like Gecko) Chrome/91.0.4472.124 Safari/537.36"
192.168.1.3 - - [21/May/2025:13:18:52 +0000] "PUT /index.html HTTP/1.0" 200 4669 "https://www.facebook.com" "Mozilla/5.0 (X11; Linux x86_64; rv:89.0) Gecko/20100101 Firefox/89.0"
192.168.1.3 - - [21/May/2025:13:18:53 +0000] "PUT /api/v1/products HTTP/1.1" 302 3790 "-" "Mozilla/5.0 (Macintosh; Intel Mac OS X 10_15_7) AppleWebKit/605.1.15 (KHTML, like Gecko) Version/14.1.1 Safari/605.1.15"
10.0.0.1 - - [21/May/2025:13:18:53 +0000] "GET /images/logo.png HTTP/1.0" 200 3083 "https://www.linkedin.com" "Mozilla/5.0 (X11; Linux x86_64; rv:89.0) Gecko/20100101 Firefox/89.0"
192.168.1.4 - - [21/May/2025:13:18:53 +0000] "PUT /api/v1/products HTTP/1.0" 200 3184 "https://www.twitter.com" "Mozilla/5.0 (compatible; Googlebot/2.1; +http://www.google.com/bot.html)"
172.16.0.1 - - [21/May/2025:13:18:55 +0000] "PUT /css/main.css HTTP/2.0" 304 3994 "-" "Mozilla/5.0 (iPhone; CPU iPhone OS 14_6 like Mac OS X) AppleWebKit/605.1.15 (KHTML, like Gecko) Version/14.0 Mobile/15E148 Safari/604.1"
192.168.1.1 - - [21/May/2025:13:18:55 +0000] "POST /css/main.css HTTP/1.1" 301 8024 "-" "Mozilla/5.0 (Macintosh; Intel Mac OS X 10_15_7) AppleWebKit/605.1.15 (KHTML, like Gecko) Version/14.1.1 Safari/605.1.15"
192.168.1.1 - - [21/May/2025:13:18:55 +0000] "GET /contact.html HTTP/1.1" 200 2206 "https://www.twitter.com" "Mozilla/5.0 (Windows NT 10.0; Win64; x64) AppleWebKit/537.36 (KHTML, like Gecko) Chrome/91.0.4472.124 Safari/537.36"
192.168.1.4 - - [21/May/2025:13:18:56 +0000] "GET /css/main.css HTTP/1.1" 401 8781 "https://www.twitter.com" "Mozilla/5.0 (Macintosh; Intel Mac OS X 10_15_7) AppleWebKit/605.1.15 (KHTML, like Gecko) Version/14.1.1 Safari/605.1.15"
192.168.1.4 - - [21/May/2025:13:18:56 +0000] "GET /products.html HTTP/1.1" 302 2168 "https://www.google.com" "Mozilla/5.0 (Macintosh; Intel Mac OS X 10_15_7) AppleWebKit/605.1.15 (KHTML, like Gecko) Version/14.1.1 Safari/605.1.15"
8.8.8.8 - - [21/May/2025:13:18:56 +0000] "DELETE /api/v1/products HTTP/2.0" 200 5771 "https://www.google.com" "Mozilla/5.0 (iPhone; CPU iPhone OS 14_6 like Mac OS X) AppleWebKit/605.1.15 (KHTML, like Gecko) Version/14.0 Mobile/15E148 Safari/604.1"
10.0.0.1 - - [21/May/2025:13:18:57 +0000] "POST /css/main.css HTTP/2.0" 200 8143 "https://www.bing.com" "Mozilla/5.0 (iPhone; CPU iPhone OS 14_6 like Mac OS X) AppleWebKit/605.1.15 (KHTML, like Gecko) Version/14.0 Mobile/15E148 Safari/604.1"
192.168.1.5 - - [21/May/2025:13:18:59 +0000] "POST /contact.html HTTP/2.0" 401 1132 "https://www.linkedin.com" "Mozilla/5.0 (iPhone; CPU iPhone OS 14_6 like Mac OS X) AppleWebKit/605.1.15 (KHTML, like Gecko) Version/14.0 Mobile/15E148 Safari/604.1"
192.168.1.5 - - [21/May/2025:13:18:59 +0000] "DELETE /services.html HTTP/1.0" 500 3117 "https://www.google.com" "Mozilla/5.0 (iPhone; CPU iPhone OS 14_6 like Mac OS X) AppleWebKit/605.1.15 (KHTML, like Gecko) Version/14.0 Mobile/15E148 Safari/604.1"
172.16.0.1 - - [21/May/2025:13:19:01 +0000] "DELETE /products.html HTTP/1.1" 301 2947 "https://www.google.com" "Mozilla/5.0 (X11; Linux x86_64; rv:89.0) Gecko/20100101 Firefox/89.0"
10.0.0.2 - - [21/May/2025:13:19:01 +0000] "DELETE /css/main.css HTTP/2.0" 304 3076 "https://www.twitter.com" "Mozilla/5.0 (X11; Linux x86_64; rv:89.0) Gecko/20100101 Firefox/89.0"
10.0.0.2 - - [21/May/2025:13:19:01 +0000] "DELETE /api/v1/products HTTP/1.0" 200 6681 "-" "Mozilla/5.0 (Windows NT 10.0; Win64; x64) AppleWebKit/537.36 (KHTML, like Gecko) Chrome/91.0.4472.124 Safari/537.36"
172.16.0.1 - - [21/May/2025:13:19:04 +0000] "PUT /api/v1/products HTTP/1.0" 500 898 "-" "Mozilla/5.0 (iPhone; CPU iPhone OS 14_6 like Mac OS X) AppleWebKit/605.1.15 (KHTML, like Gecko) Version/14.0 Mobile/15E148 Safari/604.1"
10.0.0.2 - - [21/May/2025:13:19:04 +0000] "POST /services.html HTTP/1.1" 200 2075 "https://www.twitter.com" "Mozilla/5.0 (Windows NT 10.0; Win64; x64) AppleWebKit/537.36 (KHTML, like Gecko) Chrome/91.0.4472.124 Safari/537.36"
192.168.1.1 - - [21/May/2025:13:19:04 +0000] "PUT /images/logo.png HTTP/1.0" 404 778 "https://www.facebook.com" "Mozilla/5.0 (Windows NT 10.0; Win64; x64) AppleWebKit/537.36 (KHTML, like Gecko) Chrome/91.0.4472.124 Safari/537.36"
10.0.0.1 - - [21/May/2025:13:19:04 +0000] "POST /css/main.css HTTP/1.1" 200 3431 "https://www.bing.com" "Mozilla/5.0 (iPhone; CPU iPhone OS 14_6 like Mac OS X) AppleWebKit/605.1.15 (KHTML, like Gecko) Version/14.0 Mobile/15E148 Safari/604.1"
192.168.1.5 - - [21/May/2025:13:19:06 +0000] "POST /products.html HTTP/2.0" 200 9077 "https://www.facebook.com" "Mozilla/5.0 (X11; Linux x86_64; rv:89.0) Gecko/20100101 Firefox/89.0"
172.16.0.1 - - [21/May/2025:13:19:06 +0000] "GET /about.html HTTP/2.0" 302 8290 "https://www.twitter.com" "Mozilla/5.0 (Macintosh; Intel Mac OS X 10_15_7) AppleWebKit/605.1.15 (KHTML, like Gecko) Version/14.1.1 Safari/605.1.15"
192.168.1.2 - - [21/May/2025:13:19:08 +0000] "POST /services.html HTTP/1.1" 200 1603 "https://www.facebook.com" "Mozilla/5.0 (X11; Linux x86_64; rv:89.0) Gecko/20100101 Firefox/89.0"
192.168.1.4 - - [21/May/2025:13:19:10 +0000] "PUT /css/main.css HTTP/1.1" 404 9530 "https://www.twitter.com" "Mozilla/5.0 (Windows NT 10.0; Win64; x64) AppleWebKit/537.36 (KHTML, like Gecko) Chrome/91.0.4472.124 Safari/537.36"
8.8.4.4 - - [21/May/2025:13:19:10 +0000] "GET /index.html HTTP/1.1" 301 317 "https://www.bing.com" "Mozilla/5.0 (Windows NT 10.0; Win64; x64) AppleWebKit/537.36 (KHTML, like Gecko) Chrome/91.0.4472.124 Safari/537.36"
192.168.1.3 - - [21/May/2025:13:19:10 +0000] "POST /index.html HTTP/2.0" 301 2341 "-" "Mozilla/5.0 (Macintosh; Intel Mac OS X 10_15_7) AppleWebKit/605.1.15 (KHTML, like Gecko) Version/14.1.1 Safari/605.1.15"
10.0.0.1 - - [21/May/2025:13:19:13 +0000] "PUT /products.html HTTP/1.1" 403 6722 "https://www.linkedin.com" "Mozilla/5.0 (Windows NT 10.0; Win64; x64) AppleWebKit/537.36 (KHTML, like Gecko) Chrome/91.0.4472.124 Safari/537.36"
8.8.4.4 - - [21/May/2025:13:19:13 +0000] "POST /index.html HTTP/2.0" 302 6525 "https://www.bing.com" "Mozilla/5.0 (X11; Linux x86_64; rv:89.0) Gecko/20100101 Firefox/89.0"
192.168.1.5 - - [21/May/2025:13:19:13 +0000] "DELETE /index.html HTTP/1.1" 200 8185 "https://www.facebook.com" "Mozilla/5.0 (Windows NT 10.0; Win64; x64) AppleWebKit/537.36 (KHTML, like Gecko) Chrome/91.0.4472.124 Safari/537.36"
192.168.1.4 - - [21/May/2025:13:19:13 +0000] "GET /api/v1/users HTTP/1.1" 301 5196 "https://www.linkedin.com" "Mozilla/5.0 (compatible; Googlebot/2.1; +http://www.google.com/bot.html)"
192.168.1.1 - - [21/May/2025:13:19:13 +0000] "GET /contact.html HTTP/2.0" 200 4363 "https://www.twitter.com" "Mozilla/5.0 (Windows NT 10.0; Win64; x64) AppleWebKit/537.36 (KHTML, like Gecko) Chrome/91.0.4472.124 Safari/537.36"
192.168.1.2 - - [21/May/2025:13:19:15 +0000] "PUT /api/v1/products HTTP/1.1" 200 1935 "https://www.twitter.com" "Mozilla/5.0 (compatible; Googlebot/2.1; +http://www.google.com/bot.html)"
192.168.1.4 - - [21/May/2025:13:19:15 +0000] "GET /index.html HTTP/2.0" 200 2844 "https://www.facebook.com" "Mozilla/5.0 (iPhone; CPU iPhone OS 14_6 like Mac OS X) AppleWebKit/605.1.15 (KHTML, like Gecko) Version/14.0 Mobile/15E148 Safari/604.1"
192.168.1.3 - - [21/May/2025:13:19:15 +0000] "DELETE /services.html HTTP/1.1" 302 5807 "https://www.google.com" "Mozilla/5.0 (Macintosh; Intel Mac OS X 10_15_7) AppleWebKit/605.1.15 (KHTML, like Gecko) Version/14.1.1 Safari/605.1.15"
192.168.1.3 - - [21/May/2025:13:19:15 +0000] "GET /services.html HTTP/1.1" 200 6947 "https://www.google.com" "Mozilla/5.0 (Windows NT 10.0; Win64; x64) AppleWebKit/537.36 (KHTML, like Gecko) Chrome/91.0.4472.124 Safari/537.36"
172.16.0.1 - - [21/May/2025:13:19:15 +0000] "PUT /images/logo.png HTTP/1.0" 401 8581 "https://www.bing.com" "Mozilla/5.0 (iPhone; CPU iPhone OS 14_6 like Mac OS X) AppleWebKit/605.1.15 (KHTML, like Gecko) Version/14.0 Mobile/15E148 Safari/604.1"
192.168.1.5 - - [21/May/2025:13:19:16 +0000] "PUT /products.html HTTP/1.0" 400 4906 "https://www.bing.com" "Mozilla/5.0 (X11; Linux x86_64; rv:89.0) Gecko/20100101 Firefox/89.0"
192.168.1.5 - - [21/May/2025:13:19:18 +0000] "DELETE /api/v1/users HTTP/1.0" 200 9223 "https://www.bing.com" "Mozilla/5.0 (Macintosh; Intel Mac OS X 10_15_7) AppleWebKit/605.1.15 (KHTML, like Gecko) Version/14.1.1 Safari/605.1.15"
172.16.0.1 - - [21/May/2025:13:19:18 +0000] "GET /services.html HTTP/2.0" 200 5275 "https://www.linkedin.com" "Mozilla/5.0 (Windows NT 10.0; Win64; x64) AppleWebKit/537.36 (KHTML, like Gecko) Chrome/91.0.4472.124 Safari/537.36"
8.8.4.4 - - [21/May/2025:13:19:18 +0000] "GET /contact.html HTTP/1.0" 200 7052 "https://www.bing.com" "Mozilla/5.0 (X11; Linux x86_64; rv:89.0) Gecko/20100101 Firefox/89.0"
192.168.1.2 - - [21/May/2025:13:19:21 +0000] "PUT /js/app.js HTTP/1.1" 200 2145 "-" "Mozilla/5.0 (iPhone; CPU iPhone OS 14_6 like Mac OS X) AppleWebKit/605.1.15 (KHTML, like Gecko) Version/14.0 Mobile/15E148 Safari/604.1"
192.168.1.5 - - [21/May/2025:13:19:21 +0000] "GET /index.html HTTP/1.0" 304 7056 "https://www.linkedin.com" "Mozilla/5.0 (iPhone; CPU iPhone OS 14_6 like Mac OS X) AppleWebKit/605.1.15 (KHTML, like Gecko) Version/14.0 Mobile/15E148 Safari/604.1"
192.168.1.4 - - [21/May/2025:13:19:22 +0000] "PUT /about.html HTTP/2.0" 400 9981 "https://www.google.com" "Mozilla/5.0 (compatible; Googlebot/2.1; +http://www.google.com/bot.html)"
10.0.0.2 - - [21/May/2025:13:19:22 +0000] "GET /about.html HTTP/1.0" 404 1095 "https://www.facebook.com" "Mozilla/5.0 (iPhone; CPU iPhone OS 14_6 like Mac OS X) AppleWebKit/605.1.15 (KHTML, like Gecko) Version/14.0 Mobile/15E148 Safari/604.1"
8.8.4.4 - - [21/May/2025:13:19:23 +0000] "DELETE /images/logo.png HTTP/1.1" 400 198 "-" "Mozilla/5.0 (Macintosh; Intel Mac OS X 10_15_7) AppleWebKit/605.1.15 (KHTML, like Gecko) Version/14.1.1 Safari/605.1.15"
192.168.1.1 - - [21/May/2025:13:19:23 +0000] "DELETE /products.html HTTP/2.0" 404 4385 "https://www.bing.com" "Mozilla/5.0 (iPhone; CPU iPhone OS 14_6 like Mac OS X) AppleWebKit/605.1.15 (KHTML, like Gecko) Version/14.0 Mobile/15E148 Safari/604.1"
192.168.1.3 - - [21/May/2025:13:19:25 +0000] "PUT /contact.html HTTP/1.1" 200 232 "-" "Mozilla/5.0 (compatible; Googlebot/2.1; +http://www.google.com/bot.html)"
172.16.0.1 - - [21/May/2025:13:19:25 +0000] "DELETE /api/v1/products HTTP/1.0" 200 6871 "https://www.google.com" "Mozilla/5.0 (compatible; Googlebot/2.1; +http://www.google.com/bot.html)"
192.168.1.1 - - [21/May/2025:13:19:25 +0000] "POST /images/logo.png HTTP/2.0" 404 1064 "https://www.linkedin.com" "Mozilla/5.0 (iPhone; CPU iPhone OS 14_6 like Mac OS X) AppleWebKit/605.1.15 (KHTML, like Gecko) Version/14.0 Mobile/15E148 Safari/604.1"
10.0.0.2 - - [21/May/2025:13:19:25 +0000] "POST /api/v1/products HTTP/2.0" 401 4872 "https://www.google.com" "Mozilla/5.0 (compatible; Googlebot/2.1; +http://www.google.com/bot.html)"
192.168.1.4 - - [21/May/2025:13:19:28 +0000] "PUT /services.html HTTP/1.1" 200 10019 "https://www.google.com" "Mozilla/5.0 (Macintosh; Intel Mac OS X 10_15_7) AppleWebKit/605.1.15 (KHTML, like Gecko) Version/14.1.1 Safari/605.1.15"
8.8.4.4 - - [21/May/2025:13:19:28 +0000] "POST /css/main.css HTTP/2.0" 400 510 "https://www.bing.com" "Mozilla/5.0 (iPhone; CPU iPhone OS 14_6 like Mac OS X) AppleWebKit/605.1.15 (KHTML, like Gecko) Version/14.0 Mobile/15E148 Safari/604.1"
192.168.1.4 - - [21/May/2025:13:19:28 +0000] "DELETE /services.html HTTP/1.0" 301 7855 "https://www.facebook.com" "Mozilla/5.0 (compatible; Googlebot/2.1; +http://www.google.com/bot.html)"
192.168.1.1 - - [21/May/2025:13:19:28 +0000] "GET /products.html HTTP/1.0" 302 9418 "https://www.twitter.com" "Mozilla/5.0 (X11; Linux x86_64; rv:89.0) Gecko/20100101 Firefox/89.0"
192.168.1.2 - - [21/May/2025:13:19:28 +0000] "DELETE /contact.html HTTP/1.1" 200 200 "https://www.google.com" "Mozilla/5.0 (compatible; Googlebot/2.1; +http://www.google.com/bot.html)"
8.8.4.4 - - [21/May/2025:13:19:29 +0000] "PUT /api/v1/products HTTP/1.0" 302 9524 "https://www.facebook.com" "Mozilla/5.0 (Macintosh; Intel Mac OS X 10_15_7) AppleWebKit/605.1.15 (KHTML, like Gecko) Version/14.1.1 Safari/605.1.15"
172.16.0.1 - - [21/May/2025:13:19:29 +0000] "PUT /api/v1/products HTTP/1.0" 400 5128 "https://www.linkedin.com" "Mozilla/5.0 (compatible; Googlebot/2.1; +http://www.google.com/bot.html)"
192.168.1.5 - - [21/May/2025:13:19:29 +0000] "DELETE /js/app.js HTTP/1.0" 301 380 "https://www.linkedin.com" "Mozilla/5.0 (iPhone; CPU iPhone OS 14_6 like Mac OS X) AppleWebKit/605.1.15 (KHTML, like Gecko) Version/14.0 Mobile/15E148 Safari/604.1"
192.168.1.3 - - [21/May/2025:13:19:29 +0000] "POST /css/main.css HTTP/2.0" 400 453 "-" "Mozilla/5.0 (iPhone; CPU iPhone OS 14_6 like Mac OS X) AppleWebKit/605.1.15 (KHTML, like Gecko) Version/14.0 Mobile/15E148 Safari/604.1"
10.0.0.2 - - [21/May/2025:13:19:30 +0000] "POST /services.html HTTP/1.1" 401 1305 "https://www.bing.com" "Mozilla/5.0 (Macintosh; Intel Mac OS X 10_15_7) AppleWebKit/605.1.15 (KHTML, like Gecko) Version/14.1.1 Safari/605.1.15"
10.0.0.2 - - [21/May/2025:13:19:33 +0000] "GET /js/app.js HTTP/2.0" 200 5902 "https://www.twitter.com" "Mozilla/5.0 (Macintosh; Intel Mac OS X 10_15_7) AppleWebKit/605.1.15 (KHTML, like Gecko) Version/14.1.1 Safari/605.1.15"
192.168.1.1 - - [21/May/2025:13:19:34 +0000] "PUT /contact.html HTTP/1.0" 200 6574 "https://www.google.com" "Mozilla/5.0 (Macintosh; Intel Mac OS X 10_15_7) AppleWebKit/605.1.15 (KHTML, like Gecko) Version/14.1.1 Safari/605.1.15"
8.8.4.4 - - [21/May/2025:13:19:34 +0000] "PUT /images/logo.png HTTP/1.1" 200 9700 "https://www.google.com" "Mozilla/5.0 (iPhone; CPU iPhone OS 14_6 like Mac OS X) AppleWebKit/605.1.15 (KHTML, like Gecko) Version/14.0 Mobile/15E148 Safari/604.1"
10.0.0.2 - - [21/May/2025:13:19:34 +0000] "PUT /images/logo.png HTTP/1.1" 500 2383 "https://www.facebook.com" "Mozilla/5.0 (X11; Linux x86_64; rv:89.0) Gecko/20100101 Firefox/89.0"
8.8.4.4 - - [21/May/2025:13:19:34 +0000] "GET /products.html HTTP/1.0" 200 5028 "https://www.linkedin.com" "Mozilla/5.0 (Macintosh; Intel Mac OS X 10_15_7) AppleWebKit/605.1.15 (KHTML, like Gecko) Version/14.1.1 Safari/605.1.15"
192.168.1.2 - - [21/May/2025:13:19:37 +0000] "GET /api/v1/products HTTP/2.0" 301 2850 "-" "Mozilla/5.0 (Windows NT 10.0; Win64; x64) AppleWebKit/537.36 (KHTML, like Gecko) Chrome/91.0.4472.124 Safari/537.36"
172.16.0.1 - - [21/May/2025:13:19:37 +0000] "DELETE /index.html HTTP/1.0" 200 1073 "https://www.google.com" "Mozilla/5.0 (Macintosh; Intel Mac OS X 10_15_7) AppleWebKit/605.1.15 (KHTML, like Gecko) Version/14.1.1 Safari/605.1.15"
192.168.1.5 - - [21/May/2025:13:19:37 +0000] "DELETE /index.html HTTP/1.0" 200 6250 "https://www.bing.com" "Mozilla/5.0 (Windows NT 10.0; Win64; x64) AppleWebKit/537.36 (KHTML, like Gecko) Chrome/91.0.4472.124 Safari/537.36"
8.8.4.4 - - [21/May/2025:13:19:37 +0000] "PUT /api/v1/products HTTP/2.0" 403 1073 "-" "Mozilla/5.0 (compatible; Googlebot/2.1; +http://www.google.com/bot.html)"
8.8.4.4 - - [21/May/2025:13:19:37 +0000] "POST /about.html HTTP/2.0" 400 3732 "https://www.linkedin.com" "Mozilla/5.0 (Macintosh; Intel Mac OS X 10_15_7) AppleWebKit/605.1.15 (KHTML, like Gecko) Version/14.1.1 Safari/605.1.15"
8.8.8.8 - - [21/May/2025:13:19:38 +0000] "GET /api/v1/products HTTP/1.0" 302 9459 "https://www.linkedin.com" "Mozilla/5.0 (X11; Linux x86_64; rv:89.0) Gecko/20100101 Firefox/89.0"
192.168.1.5 - - [21/May/2025:13:19:38 +0000] "GET /about.html HTTP/1.0" 301 4861 "https://www.bing.com" "Mozilla/5.0 (iPhone; CPU iPhone OS 14_6 like Mac OS X) AppleWebKit/605.1.15 (KHTML, like Gecko) Version/14.0 Mobile/15E148 Safari/604.1"
8.8.8.8 - - [21/May/2025:13:19:38 +0000] "GET /about.html HTTP/2.0" 200 6996 "https://www.bing.com" "Mozilla/5.0 (X11; Linux x86_64; rv:89.0) Gecko/20100101 Firefox/89.0"
192.168.1.5 - - [21/May/2025:13:19:38 +0000] "GET /images/logo.png HTTP/1.0" 401 3547 "https://www.facebook.com" "Mozilla/5.0 (compatible; Googlebot/2.1; +http://www.google.com/bot.html)"
10.0.0.2 - - [21/May/2025:13:19:38 +0000] "GET /api/v1/users HTTP/2.0" 200 320 "https://www.bing.com" "Mozilla/5.0 (X11; Linux x86_64; rv:89.0) Gecko/20100101 Firefox/89.0"
