10.0.0.2 - - [21/May/2025:13:14:33 +0000] "GET /css/main.css HTTP/1.1" 200 3719 "https://www.linkedin.com" "Mozilla/5.0 (Macintosh; Intel Mac OS X 10_15_7) AppleWebKit/605.1.15 (KHTML, like Gecko) Version/14.1.1 Safari/605.1.15"
192.168.1.3 - - [21/May/2025:13:14:33 +0000] "GET /api/v1/users HTTP/2.0" 200 4094 "https://www.bing.com" "Mozilla/5.0 (iPhone; CPU iPhone OS 14_6 like Mac OS X) AppleWebKit/605.1.15 (KHTML, like Gecko) Version/14.0 Mobile/15E148 Safari/604.1"
172.16.0.1 - - [21/May/2025:13:14:33 +0000] "POST /api/v1/products HTTP/1.0" 401 5384 "https://www.linkedin.com" "Mozilla/5.0 (compatible; Googlebot/2.1; +http://www.google.com/bot.html)"
192.168.1.3 - - [21/May/2025:13:14:34 +0000] "PUT /js/app.js HTTP/2.0" 304 638 "https://www.bing.com" "Mozilla/5.0 (iPhone; CPU iPhone OS 14_6 like Mac OS X) AppleWebKit/605.1.15 (KHTML, like Gecko) Version/14.0 Mobile/15E148 Safari/604.1"
192.168.1.5 - - [21/May/2025:13:14:37 +0000] "DELETE /contact.html HTTP/1.0" 200 3177 "https://www.facebook.com" "Mozilla/5.0 (iPhone; CPU iPhone OS 14_6 like Mac OS X) AppleWebKit/605.1.15 (KHTML, like Gecko) Version/14.0 Mobile/15E148 Safari/604.1"
172.16.0.1 - - [21/May/2025:13:14:37 +0000] "POST /api/v1/products HTTP/1.0" 200 7129 "https://www.twitter.com" "Mozilla/5.0 (Windows NT 10.0; Win64; x64) AppleWebKit/537.36 (KHTML, like Gecko) Chrome/91.0.4472.124 Safari/537.36"
192.168.1.5 - - [21/May/2025:13:14:37 +0000] "DELETE /index.html HTTP/2.0" 302 4286 "https://www.linkedin.com" "Mozilla/5.0 (Windows NT 10.0; Win64; x64) AppleWebKit/537.36 (KHTML, like Gecko) Chrome/91.0.4472.124 Safari/537.36"
10.0.0.1 - - [21/May/2025:13:14:39 +0000] "GET /about.html HTTP/2.0" 200 3307 "-" "Mozilla/5.0 (Macintosh; Intel Mac OS X 10_15_7) AppleWebKit/605.1.15 (KHTML, like Gecko) Version/14.1.1 Safari/605.1.15"
192.168.1.3 - - [21/May/2025:13:14:39 +0000] "PUT /about.html HTTP/1.1" 200 8374 "https://www.linkedin.com" "Mozilla/5.0 (Macintosh; Intel Mac OS X 10_15_7) AppleWebKit/605.1.15 (KHTML, like Gecko) Version/14.1.1 Safari/605.1.15"
192.168.1.1 - - [21/May/2025:13:14:39 +0000] "GET /images/logo.png HTTP/2.0" 200 174 "https://www.twitter.com" "Mozilla/5.0 (Windows NT 10.0; Win64; x64) AppleWebKit/537.36 (KHTML, like Gecko) Chrome/91.0.4472.124 Safari/537.36"
172.16.0.1 - - [21/May/2025:13:14:42 +0000] "POST /services.html HTTP/2.0" 200 4923 "https://www.linkedin.com" "Mozilla/5.0 (Macintosh; Intel Mac OS X 10_15_7) AppleWebKit/605.1.15 (KHTML, like Gecko) Version/14.1.1 Safari/605.1.15"
192.168.1.1 - - [21/May/2025:13:14:42 +0000] "DELETE /services.html HTTP/1.1" 200 811 "https://www.linkedin.com" "Mozilla/5.0 (X11; Linux x86_64; rv:89.0) Gecko/20100101 Firefox/89.0"
8.8.4.4 - - [21/May/2025:13:14:42 +0000] "GET /api/v1/users HTTP/2.0" 200 4739 "https://www.google.com" "Mozilla/5.0 (iPhone; CPU iPhone OS 14_6 like Mac OS X) AppleWebKit/605.1.15 (KHTML, like Gecko) Version/14.0 Mobile/15E148 Safari/604.1"
192.168.1.1 - - [21/May/2025:13:14:42 +0000] "DELETE /api/v1/users HTTP/1.0" 404 9772 "https://www.facebook.com" "Mozilla/5.0 (Macintosh; Intel Mac OS X 10_15_7) AppleWebKit/605.1.15 (KHTML, like Gecko) Version/14.1.1 Safari/605.1.15"
10.0.0.2 - - [21/May/2025:13:14:42 +0000] "DELETE /js/app.js HTTP/1.1" 404 1277 "https://www.linkedin.com" "Mozilla/5.0 (compatible; Googlebot/2.1; +http://www.google.com/bot.html)"
8.8.8.8 - - [21/May/2025:13:14:45 +0000] "GET /css/main.css HTTP/1.1" 304 7880 "https://www.google.com" "Mozilla/5.0 (iPhone; CPU iPhone OS 14_6 like Mac OS X) AppleWebKit/605.1.15 (KHTML, like Gecko) Version/14.0 Mobile/15E148 Safari/604.1"
192.168.1.4 - - [21/May/2025:13:14:46 +0000] "GET /contact.html HTTP/1.1" 400 109 "https://www.linkedin.com" "Mozilla/5.0 (Windows NT 10.0; Win64; x64) AppleWebKit/537.36 (KHTML, like Gecko) Chrome/91.0.4472.124 Safari/537.36"
10.0.0.2 - - [21/May/2025:13:14:49 +0000] "GET /products.html HTTP/2.0" 200 7249 "https://www.bing.com" "Mozilla/5.0 (Windows NT 10.0; Win64; x64) AppleWebKit/537.36 (KHTML, like Gecko) Chrome/91.0.4472.124 Safari/537.36"
192.168.1.4 - - [21/May/2025:13:14:49 +0000] "PUT /products.html HTTP/2.0" 304 2595 "https://www.facebook.com" "Mozilla/5.0 (iPhone; CPU iPhone OS 14_6 like Mac OS X) AppleWebKit/605.1.15 (KHTML, like Gecko) Version/14.0 Mobile/15E148 Safari/604.1"
10.0.0.2 - - [21/May/2025:13:14:49 +0000] "POST /about.html HTTP/1.1" 200 2352 "-" "Mozilla/5.0 (compatible; Googlebot/2.1; +http://www.google.com/bot.html)"
192.168.1.5 - - [21/May/2025:13:14:50 +0000] "DELETE /js/app.js HTTP/1.0" 200 2355 "https://www.google.com" "Mozilla/5.0 (Windows NT 10.0; Win64; x64) AppleWebKit/537.36 (KHTML, like Gecko) Chrome/91.0.4472.124 Safari/537.36"
8.8.8.8 - - [21/May/2025:13:14:50 +0000] "GET /css/main.css HTTP/1.0" 500 180 "https://www.bing.com" "Mozilla/5.0 (X11; Linux x86_64; rv:89.0) Gecko/20100101 Firefox/89.0"
192.168.1.4 - - [21/May/2025:13:14:50 +0000] "POST /services.html HTTP/1.0" 200 5093 "https://www.linkedin.com" "Mozilla/5.0 (Macintosh; Intel Mac OS X 10_15_7) AppleWebKit/605.1.15 (KHTML, like Gecko) Version/14.1.1 Safari/605.1.15"
172.16.0.1 - - [21/May/2025:13:14:50 +0000] "PUT /js/app.js HTTP/1.0" 200 3053 "https://www.bing.com" "Mozilla/5.0 (iPhone; CPU iPhone OS 14_6 like Mac OS X) AppleWebKit/605.1.15 (KHTML, like Gecko) Version/14.0 Mobile/15E148 Safari/604.1"
8.8.8.8 - - [21/May/2025:13:14:51 +0000] "POST /css/main.css HTTP/1.1" 200 3556 "https://www.linkedin.com" "Mozilla/5.0 (Macintosh; Intel Mac OS X 10_15_7) AppleWebKit/605.1.15 (KHTML, like Gecko) Version/14.1.1 Safari/605.1.15"
8.8.8.8 - - [21/May/2025:13:14:51 +0000] "POST /about.html HTTP/1.1" 401 986 "-" "Mozilla/5.0 (X11; Linux x86_64; rv:89.0) Gecko/20100101 Firefox/89.0"
192.168.1.2 - - [21/May/2025:13:14:51 +0000] "POST /products.html HTTP/2.0" 200 2440 "-" "Mozilla/5.0 (Macintosh; Intel Mac OS X 10_15_7) AppleWebKit/605.1.15 (KHTML, like Gecko) Version/14.1.1 Safari/605.1.15"
192.168.1.1 - - [21/May/2025:13:14:51 +0000] "DELETE /contact.html HTTP/1.0" 400 9532 "https://www.bing.com" "Mozilla/5.0 (X11; Linux x86_64; rv:89.0) Gecko/20100101 Firefox/89.0"
10.0.0.1 - - [21/May/2025:13:14:51 +0000] "GET /css/main.css HTTP/1.0" 304 1965 "-" "Mozilla/5.0 (iPhone; CPU iPhone OS 14_6 like Mac OS X) AppleWebKit/605.1.15 (KHTML, like Gecko) Version/14.0 Mobile/15E148 Safari/604.1"
192.168.1.5 - - [21/May/2025:13:14:52 +0000] "DELETE /js/app.js HTTP/1.0" 401 9977 "https://www.facebook.com" "Mozilla/5.0 (Windows NT 10.0; Win64; x64) AppleWebKit/537.36 (KHTML, like Gecko) Chrome/91.0.4472.124 Safari/537.36"
10.0.0.1 - - [21/May/2025:13:14:52 +0000] "PUT /products.html HTTP/2.0" 200 9278 "https://www.twitter.com" "Mozilla/5.0 (X11; Linux x86_64; rv:89.0) Gecko/20100101 Firefox/89.0"
192.168.1.1 - - [21/May/2025:13:14:52 +0000] "DELETE /api/v1/users HTTP/1.0" 200 2698 "https://www.linkedin.com" "Mozilla/5.0 (Macintosh; Intel Mac OS X 10_15_7) AppleWebKit/605.1.15 (KHTML, like Gecko) Version/14.1.1 Safari/605.1.15"
10.0.0.1 - - [21/May/2025:13:14:52 +0000] "DELETE /index.html HTTP/1.1" 400 3524 "https://www.google.com" "Mozilla/5.0 (Windows NT 10.0; Win64; x64) AppleWebKit/537.36 (KHTML, like Gecko) Chrome/91.0.4472.124 Safari/537.36"
10.0.0.2 - - [21/May/2025:13:14:52 +0000] "POST /api/v1/products HTTP/1.0" 401 671 "https://www.bing.com" "Mozilla/5.0 (compatible; Googlebot/2.1; +http://www.google.com/bot.html)"
192.168.1.2 - - [21/May/2025:13:14:55 +0000] "PUT /images/logo.png HTTP/1.1" 401 1038 "https://www.facebook.com" "Mozilla/5.0 (compatible; Googlebot/2.1; +http://www.google.com/bot.html)"
192.168.1.4 - - [21/May/2025:13:14:55 +0000] "GET /contact.html HTTP/2.0" 400 280 "https://www.bing.com" "Mozilla/5.0 (compatible; Googlebot/2.1; +http://www.google.com/bot.html)"
192.168.1.1 - - [21/May/2025:13:14:55 +0000] "POST /contact.html HTTP/1.1" 200 7569 "-" "Mozilla/5.0 (iPhone; CPU iPhone OS 14_6 like Mac OS X) AppleWebKit/605.1.15 (KHTML, like Gecko) Version/14.0 Mobile/15E148 Safari/604.1"
10.0.0.1 - - [21/May/2025:13:14:57 +0000] "GET /contact.html HTTP/1.1" 400 1469 "https://www.bing.com" "Mozilla/5.0 (Macintosh; Intel Mac OS X 10_15_7) AppleWebKit/605.1.15 (KHTML, like Gecko) Version/14.1.1 Safari/605.1.15"
8.8.8.8 - - [21/May/2025:13:14:57 +0000] "GET /api/v1/products HTTP/2.0" 404 2855 "https://www.google.com" "Mozilla/5.0 (X11; Linux x86_64; rv:89.0) Gecko/20100101 Firefox/89.0"
192.168.1.2 - - [21/May/2025:13:14:57 +0000] "DELETE /products.html HTTP/2.0" 400 2815 "-" "Mozilla/5.0 (compatible; Googlebot/2.1; +http://www.google.com/bot.html)"
8.8.8.8 - - [21/May/2025:13:14:58 +0000] "GET /index.html HTTP/2.0" 302 1575 "https://www.facebook.com" "Mozilla/5.0 (iPhone; CPU iPhone OS 14_6 like Mac OS X) AppleWebKit/605.1.15 (KHTML, like Gecko) Version/14.0 Mobile/15E148 Safari/604.1"
8.8.8.8 - - [21/May/2025:13:14:58 +0000] "DELETE /contact.html HTTP/1.0" 404 6278 "https://www.google.com" "Mozilla/5.0 (X11; Linux x86_64; rv:89.0) Gecko/20100101 Firefox/89.0"
192.168.1.1 - - [21/May/2025:13:14:58 +0000] "GET /index.html HTTP/2.0" 200 4635 "https://www.google.com" "Mozilla/5.0 (iPhone; CPU iPhone OS 14_6 like Mac OS X) AppleWebKit/605.1.15 (KHTML, like Gecko) Version/14.0 Mobile/15E148 Safari/604.1"
192.168.1.1 - - [21/May/2025:13:14:58 +0000] "PUT /products.html HTTP/2.0" 200 5738 "https://www.twitter.com" "Mozilla/5.0 (iPhone; CPU iPhone OS 14_6 like Mac OS X) AppleWebKit/605.1.15 (KHTML, like Gecko) Version/14.0 Mobile/15E148 Safari/604.1"
192.168.1.4 - - [21/May/2025:13:14:59 +0000] "POST /index.html HTTP/2.0" 500 4525 "-" "Mozilla/5.0 (Windows NT 10.0; Win64; x64) AppleWebKit/537.36 (KHTML, like Gecko) Chrome/91.0.4472.124 Safari/537.36"
10.0.0.1 - - [21/May/2025:13:14:59 +0000] "DELETE /services.html HTTP/1.0" 500 5051 "https://www.twitter.com" "Mozilla/5.0 (X11; Linux x86_64; rv:89.0) Gecko/20100101 Firefox/89.0"
8.8.8.8 - - [21/May/2025:13:14:59 +0000] "GET /products.html HTTP/2.0" 500 3752 "https://www.twitter.com" "Mozilla/5.0 (Windows NT 10.0; Win64; x64) AppleWebKit/537.36 (KHTML, like Gecko) Chrome/91.0.4472.124 Safari/537.36"
8.8.8.8 - - [21/May/2025:13:14:59 +0000] "POST /api/v1/products HTTP/1.1" 302 5031 "https://www.bing.com" "Mozilla/5.0 (Windows NT 10.0; Win64; x64) AppleWebKit/537.36 (KHTML, like Gecko) Chrome/91.0.4472.124 Safari/537.36"
8.8.4.4 - - [21/May/2025:13:14:59 +0000] "GET /api/v1/products HTTP/2.0" 403 5346 "https://www.bing.com" "Mozilla/5.0 (X11; Linux x86_64; rv:89.0) Gecko/20100101 Firefox/89.0"
192.168.1.2 - - [21/May/2025:13:15:02 +0000] "GET /services.html HTTP/2.0" 302 2688 "https://www.facebook.com" "Mozilla/5.0 (X11; Linux x86_64; rv:89.0) Gecko/20100101 Firefox/89.0"
192.168.1.5 - - [21/May/2025:13:15:02 +0000] "POST /images/logo.png HTTP/1.1" 401 1133 "https://www.twitter.com" "Mozilla/5.0 (X11; Linux x86_64; rv:89.0) Gecko/20100101 Firefox/89.0"
192.168.1.3 - - [21/May/2025:13:15:05 +0000] "POST /services.html HTTP/1.1" 200 6310 "https://www.facebook.com" "Mozilla/5.0 (iPhone; CPU iPhone OS 14_6 like Mac OS X) AppleWebKit/605.1.15 (KHTML, like Gecko) Version/14.0 Mobile/15E148 Safari/604.1"
10.0.0.2 - - [21/May/2025:13:15:05 +0000] "GET /api/v1/products HTTP/2.0" 200 8585 "https://www.facebook.com" "Mozilla/5.0 (compatible; Googlebot/2.1; +http://www.google.com/bot.html)"
192.168.1.3 - - [21/May/2025:13:15:05 +0000] "DELETE /products.html HTTP/1.1" 403 3653 "https://www.twitter.com" "Mozilla/5.0 (X11; Linux x86_64; rv:89.0) Gecko/20100101 Firefox/89.0"
8.8.8.8 - - [21/May/2025:13:15:05 +0000] "DELETE /services.html HTTP/2.0" 401 7293 "-" "Mozilla/5.0 (compatible; Googlebot/2.1; +http://www.google.com/bot.html)"
10.0.0.2 - - [21/May/2025:13:15:07 +0000] "GET /api/v1/users HTTP/1.0" 200 7897 "https://www.linkedin.com" "Mozilla/5.0 (X11; Linux x86_64; rv:89.0) Gecko/20100101 Firefox/89.0"
192.168.1.2 - - [21/May/2025:13:15:07 +0000] "POST /js/app.js HTTP/2.0" 403 383 "https://www.google.com" "Mozilla/5.0 (Macintosh; Intel Mac OS X 10_15_7) AppleWebKit/605.1.15 (KHTML, like Gecko) Version/14.1.1 Safari/605.1.15"
10.0.0.1 - - [21/May/2025:13:15:10 +0000] "DELETE /api/v1/products HTTP/1.1" 301 9146 "https://www.facebook.com" "Mozilla/5.0 (X11; Linux x86_64; rv:89.0) Gecko/20100101 Firefox/89.0"
192.168.1.3 - - [21/May/2025:13:15:10 +0000] "POST /api/v1/products HTTP/1.1" 500 7016 "https://www.linkedin.com" "Mozilla/5.0 (compatible; Googlebot/2.1; +http://www.google.com/bot.html)"
192.168.1.3 - - [21/May/2025:13:15:12 +0000] "GET /js/app.js HTTP/1.1" 301 1765 "-" "Mozilla/5.0 (X11; Linux x86_64; rv:89.0) Gecko/20100101 Firefox/89.0"
8.8.4.4 - - [21/May/2025:13:15:12 +0000] "DELETE /js/app.js HTTP/1.1" 200 6424 "https://www.twitter.com" "Mozilla/5.0 (X11; Linux x86_64; rv:89.0) Gecko/20100101 Firefox/89.0"
8.8.4.4 - - [21/May/2025:13:15:14 +0000] "POST /products.html HTTP/1.1" 500 3019 "https://www.google.com" "Mozilla/5.0 (Windows NT 10.0; Win64; x64) AppleWebKit/537.36 (KHTML, like Gecko) Chrome/91.0.4472.124 Safari/537.36"
10.0.0.2 - - [21/May/2025:13:15:14 +0000] "PUT /js/app.js HTTP/1.0" 404 1217 "-" "Mozilla/5.0 (compatible; Googlebot/2.1; +http://www.google.com/bot.html)"
192.168.1.2 - - [21/May/2025:13:15:14 +0000] "DELETE /js/app.js HTTP/1.0" 304 2689 "https://www.google.com" "Mozilla/5.0 (compatible; Googlebot/2.1; +http://www.google.com/bot.html)"
192.168.1.1 - - [21/May/2025:13:15:14 +0000] "GET /js/app.js HTTP/2.0" 500 6842 "https://www.linkedin.com" "Mozilla/5.0 (Windows NT 10.0; Win64; x64) AppleWebKit/537.36 (KHTML, like Gecko) Chrome/91.0.4472.124 Safari/537.36"
172.16.0.1 - - [21/May/2025:13:15:14 +0000] "PUT /css/main.css HTTP/1.0" 200 2372 "https://www.google.com" "Mozilla/5.0 (X11; Linux x86_64; rv:89.0) Gecko/20100101 Firefox/89.0"
192.168.1.2 - - [21/May/2025:13:15:17 +0000] "PUT /index.html HTTP/1.1" 200 5357 "https://www.bing.com" "Mozilla/5.0 (Windows NT 10.0; Win64; x64) AppleWebKit/537.36 (KHTML, like Gecko) Chrome/91.0.4472.124 Safari/537.36"
10.0.0.2 - - [21/May/2025:13:15:17 +0000] "PUT /api/v1/products HTTP/1.1" 301 2030 "https://www.twitter.com" "Mozilla/5.0 (Macintosh; Intel Mac OS X 10_15_7) AppleWebKit/605.1.15 (KHTML, like Gecko) Version/14.1.1 Safari/605.1.15"
10.0.0.1 - - [21/May/2025:13:15:17 +0000] "PUT /css/main.css HTTP/2.0" 200 9403 "https://www.google.com" "Mozilla/5.0 (iPhone; CPU iPhone OS 14_6 like Mac OS X) AppleWebKit/605.1.15 (KHTML, like Gecko) Version/14.0 Mobile/15E148 Safari/604.1"
192.168.1.2 - - [21/May/2025:13:15:17 +0000] "PUT /css/main.css HTTP/1.1" 500 7503 "https://www.google.com" "Mozilla/5.0 (X11; Linux x86_64; rv:89.0) Gecko/20100101 Firefox/89.0"
192.168.1.1 - - [21/May/2025:13:15:17 +0000] "GET /about.html HTTP/1.0" 200 715 "https://www.twitter.com" "Mozilla/5.0 (Windows NT 10.0; Win64; x64) AppleWebKit/537.36 (KHTML, like Gecko) Chrome/91.0.4472.124 Safari/537.36"
8.8.8.8 - - [21/May/2025:13:15:18 +0000] "GET /css/main.css HTTP/2.0" 500 7271 "https://www.facebook.com" "Mozilla/5.0 (iPhone; CPU iPhone OS 14_6 like Mac OS X) AppleWebKit/605.1.15 (KHTML, like Gecko) Version/14.0 Mobile/15E148 Safari/604.1"
192.168.1.2 - - [21/May/2025:13:15:18 +0000] "DELETE /index.html HTTP/1.0" 500 4807 "https://www.bing.com" "Mozilla/5.0 (Windows NT 10.0; Win64; x64) AppleWebKit/537.36 (KHTML, like Gecko) Chrome/91.0.4472.124 Safari/537.36"
8.8.4.4 - - [21/May/2025:13:15:20 +0000] "DELETE /products.html HTTP/1.1" 200 1407 "-" "Mozilla/5.0 (X11; Linux x86_64; rv:89.0) Gecko/20100101 Firefox/89.0"
192.168.1.1 - - [21/May/2025:13:15:22 +0000] "POST /contact.html HTTP/1.0" 400 195 "https://www.linkedin.com" "Mozilla/5.0 (X11; Linux x86_64; rv:89.0) Gecko/20100101 Firefox/89.0"
8.8.4.4 - - [21/May/2025:13:15:22 +0000] "POST /about.html HTTP/2.0" 301 1256 "https://www.twitter.com" "Mozilla/5.0 (Macintosh; Intel Mac OS X 10_15_7) AppleWebKit/605.1.15 (KHTML, like Gecko) Version/14.1.1 Safari/605.1.15"
192.168.1.4 - - [21/May/2025:13:15:24 +0000] "PUT /api/v1/products HTTP/1.0" 200 1678 "https://www.linkedin.com" "Mozilla/5.0 (Macintosh; Intel Mac OS X 10_15_7) AppleWebKit/605.1.15 (KHTML, like Gecko) Version/14.1.1 Safari/605.1.15"
192.168.1.4 - - [21/May/2025:13:15:24 +0000] "GET /services.html HTTP/1.0" 301 888 "https://www.facebook.com" "Mozilla/5.0 (Windows NT 10.0; Win64; x64) AppleWebKit/537.36 (KHTML, like Gecko) Chrome/91.0.4472.124 Safari/537.36"
10.0.0.2 - - [21/May/2025:13:15:24 +0000] "PUT /about.html HTTP/1.1" 200 3733 "https://www.bing.com" "Mozilla/5.0 (iPhone; CPU iPhone OS 14_6 like Mac OS X) AppleWebKit/605.1.15 (KHTML, like Gecko) Version/14.0 Mobile/15E148 Safari/604.1"
192.168.1.2 - - [21/May/2025:13:15:24 +0000] "POST /index.html HTTP/1.0" 301 4555 "https://www.google.com" "Mozilla/5.0 (X11; Linux x86_64; rv:89.0) Gecko/20100101 Firefox/89.0"
192.168.1.4 - - [21/May/2025:13:15:25 +0000] "DELETE /js/app.js HTTP/2.0" 403 6915 "-" "Mozilla/5.0 (Windows NT 10.0; Win64; x64) AppleWebKit/537.36 (KHTML, like Gecko) Chrome/91.0.4472.124 Safari/537.36"
192.168.1.5 - - [21/May/2025:13:15:25 +0000] "PUT /about.html HTTP/1.0" 200 2113 "https://www.facebook.com" "Mozilla/5.0 (Windows NT 10.0; Win64; x64) AppleWebKit/537.36 (KHTML, like Gecko) Chrome/91.0.4472.124 Safari/537.36"
172.16.0.1 - - [21/May/2025:13:15:27 +0000] "GET /images/logo.png HTTP/1.1" 403 3461 "https://www.twitter.com" "Mozilla/5.0 (iPhone; CPU iPhone OS 14_6 like Mac OS X) AppleWebKit/605.1.15 (KHTML, like Gecko) Version/14.0 Mobile/15E148 Safari/604.1"
192.168.1.3 - - [21/May/2025:13:15:27 +0000] "PUT /about.html HTTP/2.0" 200 2152 "https://www.bing.com" "Mozilla/5.0 (iPhone; CPU iPhone OS 14_6 like Mac OS X) AppleWebKit/605.1.15 (KHTML, like Gecko) Version/14.0 Mobile/15E148 Safari/604.1"
192.168.1.2 - - [21/May/2025:13:15:27 +0000] "POST /api/v1/users HTTP/2.0" 404 1384 "-" "Mozilla/5.0 (Windows NT 10.0; Win64; x64) AppleWebKit/537.36 (KHTML, like Gecko) Chrome/91.0.4472.124 Safari/537.36"
192.168.1.5 - - [21/May/2025:13:15:27 +0000] "DELETE /css/main.css HTTP/1.1" 200 5713 "https://www.facebook.com" "Mozilla/5.0 (Macintosh; Intel Mac OS X 10_15_7) AppleWebKit/605.1.15 (KHTML, like Gecko) Version/14.1.1 Safari/605.1.15"
8.8.4.4 - - [21/May/2025:13:15:28 +0000] "POST /about.html HTTP/1.1" 200 6668 "https://www.facebook.com" "Mozilla/5.0 (compatible; Googlebot/2.1; +http://www.google.com/bot.html)"
192.168.1.5 - - [21/May/2025:13:15:28 +0000] "POST /css/main.css HTTP/1.1" 200 5769 "https://www.facebook.com" "Mozilla/5.0 (iPhone; CPU iPhone OS 14_6 like Mac OS X) AppleWebKit/605.1.15 (KHTML, like Gecko) Version/14.0 Mobile/15E148 Safari/604.1"
10.0.0.1 - - [21/May/2025:13:15:29 +0000] "POST /api/v1/users HTTP/1.0" 301 3054 "https://www.twitter.com" "Mozilla/5.0 (Macintosh; Intel Mac OS X 10_15_7) AppleWebKit/605.1.15 (KHTML, like Gecko) Version/14.1.1 Safari/605.1.15"
192.168.1.3 - - [21/May/2025:13:15:29 +0000] "GET /css/main.css HTTP/1.1" 401 6168 "https://www.facebook.com" "Mozilla/5.0 (iPhone; CPU iPhone OS 14_6 like Mac OS X) AppleWebKit/605.1.15 (KHTML, like Gecko) Version/14.0 Mobile/15E148 Safari/604.1"
10.0.0.2 - - [21/May/2025:13:15:29 +0000] "PUT /index.html HTTP/1.1" 400 5577 "https://www.facebook.com" "Mozilla/5.0 (iPhone; CPU iPhone OS 14_6 like Mac OS X) AppleWebKit/605.1.15 (KHTML, like Gecko) Version/14.0 Mobile/15E148 Safari/604.1"
8.8.4.4 - - [21/May/2025:13:15:29 +0000] "GET /api/v1/users HTTP/1.1" 400 547 "https://www.facebook.com" "Mozilla/5.0 (Windows NT 10.0; Win64; x64) AppleWebKit/537.36 (KHTML, like Gecko) Chrome/91.0.4472.124 Safari/537.36"
10.0.0.2 - - [21/May/2025:13:15:29 +0000] "PUT /css/main.css HTTP/2.0" 200 2613 "https://www.bing.com" "Mozilla/5.0 (X11; Linux x86_64; rv:89.0) Gecko/20100101 Firefox/89.0"
192.168.1.4 - - [21/May/2025:13:15:31 +0000] "GET /products.html HTTP/2.0" 401 6111 "https://www.twitter.com" "Mozilla/5.0 (Macintosh; Intel Mac OS X 10_15_7) AppleWebKit/605.1.15 (KHTML, like Gecko) Version/14.1.1 Safari/605.1.15"
192.168.1.4 - - [21/May/2025:13:15:31 +0000] "PUT /css/main.css HTTP/1.1" 400 5229 "https://www.google.com" "Mozilla/5.0 (Macintosh; Intel Mac OS X 10_15_7) AppleWebKit/605.1.15 (KHTML, like Gecko) Version/14.1.1 Safari/605.1.15"
192.168.1.1 - - [21/May/2025:13:15:34 +0000] "POST /about.html HTTP/1.1" 304 2054 "https://www.google.com" "Mozilla/5.0 (X11; Linux x86_64; rv:89.0) Gecko/20100101 Firefox/89.0"
192.168.1.3 - - [21/May/2025:13:15:36 +0000] "GET /js/app.js HTTP/2.0" 500 2187 "https://www.bing.com" "Mozilla/5.0 (Macintosh; Intel Mac OS X 10_15_7) AppleWebKit/605.1.15 (KHTML, like Gecko) Version/14.1.1 Safari/605.1.15"
192.168.1.4 - - [21/May/2025:13:15:36 +0000] "PUT /js/app.js HTTP/1.0" 301 7392 "https://www.bing.com" "Mozilla/5.0 (iPhone; CPU iPhone OS 14_6 like Mac OS X) AppleWebKit/605.1.15 (KHTML, like Gecko) Version/14.0 Mobile/15E148 Safari/604.1"
172.16.0.1 - - [21/May/2025:13:15:36 +0000] "GET /css/main.css HTTP/1.0" 200 5710 "https://www.google.com" "Mozilla/5.0 (Windows NT 10.0; Win64; x64) AppleWebKit/537.36 (KHTML, like Gecko) Chrome/91.0.4472.124 Safari/537.36"
192.168.1.1 - - [21/May/2025:13:15:36 +0000] "PUT /images/logo.png HTTP/2.0" 200 961 "https://www.bing.com" "Mozilla/5.0 (Macintosh; Intel Mac OS X 10_15_7) AppleWebKit/605.1.15 (KHTML, like Gecko) Version/14.1.1 Safari/605.1.15"
8.8.4.4 - - [21/May/2025:13:15:38 +0000] "GET /images/logo.png HTTP/2.0" 400 9438 "https://www.google.com" "Mozilla/5.0 (iPhone; CPU iPhone OS 14_6 like Mac OS X) AppleWebKit/605.1.15 (KHTML, like Gecko) Version/14.0 Mobile/15E148 Safari/604.1"
192.168.1.1 - - [21/May/2025:13:15:39 +0000] "GET /about.html HTTP/2.0" 400 9836 "https://www.bing.com" "Mozilla/5.0 (Windows NT 10.0; Win64; x64) AppleWebKit/537.36 (KHTML, like Gecko) Chrome/91.0.4472.124 Safari/537.36"
192.168.1.4 - - [21/May/2025:13:15:39 +0000] "PUT /js/app.js HTTP/1.1" 200 9687 "https://www.google.com" "Mozilla/5.0 (compatible; Googlebot/2.1; +http://www.google.com/bot.html)"
192.168.1.4 - - [21/May/2025:13:15:39 +0000] "DELETE /services.html HTTP/2.0" 404 6603 "https://www.bing.com" "Mozilla/5.0 (compatible; Googlebot/2.1; +http://www.google.com/bot.html)"
192.168.1.4 - - [21/May/2025:13:15:39 +0000] "GET /api/v1/products HTTP/1.0" 200 4109 "https://www.google.com" "Mozilla/5.0 (iPhone; CPU iPhone OS 14_6 like Mac OS X) AppleWebKit/605.1.15 (KHTML, like Gecko) Version/14.0 Mobile/15E148 Safari/604.1"
10.0.0.2 - - [21/May/2025:13:15:39 +0000] "GET /css/main.css HTTP/1.0" 400 7618 "https://www.linkedin.com" "Mozilla/5.0 (Windows NT 10.0; Win64; x64) AppleWebKit/537.36 (KHTML, like Gecko) Chrome/91.0.4472.124 Safari/537.36"
172.16.0.1 - - [21/May/2025:13:15:40 +0000] "GET /products.html HTTP/1.1" 200 118 "https://www.bing.com" "Mozilla/5.0 (Windows NT 10.0; Win64; x64) AppleWebKit/537.36 (KHTML, like Gecko) Chrome/91.0.4472.124 Safari/537.36"
8.8.8.8 - - [21/May/2025:13:15:40 +0000] "GET /js/app.js HTTP/2.0" 200 1971 "https://www.bing.com" "Mozilla/5.0 (Windows NT 10.0; Win64; x64) AppleWebKit/537.36 (KHTML, like Gecko) Chrome/91.0.4472.124 Safari/537.36"
192.168.1.4 - - [21/May/2025:13:15:40 +0000] "GET /services.html HTTP/2.0" 403 6637 "https://www.facebook.com" "Mozilla/5.0 (Macintosh; Intel Mac OS X 10_15_7) AppleWebKit/605.1.15 (KHTML, like Gecko) Version/14.1.1 Safari/605.1.15"
192.168.1.5 - - [21/May/2025:13:15:40 +0000] "GET /images/logo.png HTTP/1.1" 200 4215 "https://www.linkedin.com" "Mozilla/5.0 (compatible; Googlebot/2.1; +http://www.google.com/bot.html)"
192.168.1.5 - - [21/May/2025:13:15:40 +0000] "POST /about.html HTTP/2.0" 404 5577 "-" "Mozilla/5.0 (Windows NT 10.0; Win64; x64) AppleWebKit/537.36 (KHTML, like Gecko) Chrome/91.0.4472.124 Safari/537.36"
192.168.1.4 - - [21/May/2025:13:15:42 +0000] "DELETE /images/logo.png HTTP/1.0" 200 606 "https://www.linkedin.com" "Mozilla/5.0 (iPhone; CPU iPhone OS 14_6 like Mac OS X) AppleWebKit/605.1.15 (KHTML, like Gecko) Version/14.0 Mobile/15E148 Safari/604.1"
192.168.1.3 - - [21/May/2025:13:15:45 +0000] "PUT /services.html HTTP/1.0" 200 917 "https://www.linkedin.com" "Mozilla/5.0 (Macintosh; Intel Mac OS X 10_15_7) AppleWebKit/605.1.15 (KHTML, like Gecko) Version/14.1.1 Safari/605.1.15"
172.16.0.1 - - [21/May/2025:13:15:45 +0000] "PUT /api/v1/users HTTP/1.0" 403 1333 "https://www.linkedin.com" "Mozilla/5.0 (Macintosh; Intel Mac OS X 10_15_7) AppleWebKit/605.1.15 (KHTML, like Gecko) Version/14.1.1 Safari/605.1.15"
192.168.1.1 - - [21/May/2025:13:15:47 +0000] "PUT /index.html HTTP/1.1" 500 989 "https://www.twitter.com" "Mozilla/5.0 (iPhone; CPU iPhone OS 14_6 like Mac OS X) AppleWebKit/605.1.15 (KHTML, like Gecko) Version/14.0 Mobile/15E148 Safari/604.1"
192.168.1.4 - - [21/May/2025:13:15:47 +0000] "GET /images/logo.png HTTP/2.0" 403 1790 "https://www.linkedin.com" "Mozilla/5.0 (X11; Linux x86_64; rv:89.0) Gecko/20100101 Firefox/89.0"
10.0.0.1 - - [21/May/2025:13:15:47 +0000] "PUT /contact.html HTTP/1.1" 500 9685 "-" "Mozilla/5.0 (Windows NT 10.0; Win64; x64) AppleWebKit/537.36 (KHTML, like Gecko) Chrome/91.0.4472.124 Safari/537.36"
192.168.1.5 - - [21/May/2025:13:15:47 +0000] "POST /api/v1/products HTTP/1.1" 403 2244 "https://www.google.com" "Mozilla/5.0 (X11; Linux x86_64; rv:89.0) Gecko/20100101 Firefox/89.0"
10.0.0.1 - - [21/May/2025:13:15:47 +0000] "POST /images/logo.png HTTP/2.0" 400 2281 "-" "Mozilla/5.0 (Windows NT 10.0; Win64; x64) AppleWebKit/537.36 (KHTML, like Gecko) Chrome/91.0.4472.124 Safari/537.36"
172.16.0.1 - - [21/May/2025:13:15:49 +0000] "DELETE /js/app.js HTTP/1.1" 403 7928 "-" "Mozilla/5.0 (compatible; Googlebot/2.1; +http://www.google.com/bot.html)"
10.0.0.1 - - [21/May/2025:13:15:49 +0000] "GET /about.html HTTP/1.1" 200 9678 "https://www.google.com" "Mozilla/5.0 (iPhone; CPU iPhone OS 14_6 like Mac OS X) AppleWebKit/605.1.15 (KHTML, like Gecko) Version/14.0 Mobile/15E148 Safari/604.1"
10.0.0.1 - - [21/May/2025:13:15:49 +0000] "DELETE /services.html HTTP/1.0" 301 1218 "https://www.google.com" "Mozilla/5.0 (Windows NT 10.0; Win64; x64) AppleWebKit/537.36 (KHTML, like Gecko) Chrome/91.0.4472.124 Safari/537.36"
192.168.1.3 - - [21/May/2025:13:15:49 +0000] "POST /services.html HTTP/1.0" 401 8996 "https://www.google.com" "Mozilla/5.0 (Windows NT 10.0; Win64; x64) AppleWebKit/537.36 (KHTML, like Gecko) Chrome/91.0.4472.124 Safari/537.36"
192.168.1.5 - - [21/May/2025:13:15:50 +0000] "DELETE /api/v1/users HTTP/1.1" 200 1353 "https://www.twitter.com" "Mozilla/5.0 (X11; Linux x86_64; rv:89.0) Gecko/20100101 Firefox/89.0"
192.168.1.5 - - [21/May/2025:13:15:52 +0000] "PUT /products.html HTTP/2.0" 400 5558 "https://www.twitter.com" "Mozilla/5.0 (Macintosh; Intel Mac OS X 10_15_7) AppleWebKit/605.1.15 (KHTML, like Gecko) Version/14.1.1 Safari/605.1.15"
192.168.1.5 - - [21/May/2025:13:15:52 +0000] "DELETE /api/v1/products HTTP/2.0" 302 8831 "https://www.google.com" "Mozilla/5.0 (compatible; Googlebot/2.1; +http://www.google.com/bot.html)"
192.168.1.1 - - [21/May/2025:13:15:52 +0000] "DELETE /api/v1/users HTTP/1.0" 304 3117 "https://www.facebook.com" "Mozilla/5.0 (Windows NT 10.0; Win64; x64) AppleWebKit/537.36 (KHTML, like Gecko) Chrome/91.0.4472.124 Safari/537.36"
192.168.1.4 - - [21/May/2025:13:15:52 +0000] "GET /contact.html HTTP/1.1" 200 4621 "https://www.facebook.com" "Mozilla/5.0 (compatible; Googlebot/2.1; +http://www.google.com/bot.html)"
8.8.4.4 - - [21/May/2025:13:15:52 +0000] "GET /images/logo.png HTTP/1.1" 400 156 "https://www.linkedin.com" "Mozilla/5.0 (Macintosh; Intel Mac OS X 10_15_7) AppleWebKit/605.1.15 (KHTML, like Gecko) Version/14.1.1 Safari/605.1.15"
8.8.4.4 - - [21/May/2025:13:15:53 +0000] "PUT /index.html HTTP/1.1" 200 3463 "https://www.bing.com" "Mozilla/5.0 (Macintosh; Intel Mac OS X 10_15_7) AppleWebKit/605.1.15 (KHTML, like Gecko) Version/14.1.1 Safari/605.1.15"
10.0.0.2 - - [21/May/2025:13:15:53 +0000] "PUT /api/v1/users HTTP/2.0" 200 1608 "https://www.linkedin.com" "Mozilla/5.0 (X11; Linux x86_64; rv:89.0) Gecko/20100101 Firefox/89.0"
172.16.0.1 - - [21/May/2025:13:15:53 +0000] "POST /api/v1/users HTTP/1.1" 200 2432 "-" "Mozilla/5.0 (Macintosh; Intel Mac OS X 10_15_7) AppleWebKit/605.1.15 (KHTML, like Gecko) Version/14.1.1 Safari/605.1.15"
192.168.1.2 - - [21/May/2025:13:15:53 +0000] "POST /services.html HTTP/2.0" 200 2596 "https://www.bing.com" "Mozilla/5.0 (Windows NT 10.0; Win64; x64) AppleWebKit/537.36 (KHTML, like Gecko) Chrome/91.0.4472.124 Safari/537.36"
172.16.0.1 - - [21/May/2025:13:15:53 +0000] "GET /images/logo.png HTTP/1.0" 304 4962 "https://www.facebook.com" "Mozilla/5.0 (Windows NT 10.0; Win64; x64) AppleWebKit/537.36 (KHTML, like Gecko) Chrome/91.0.4472.124 Safari/537.36"
192.168.1.1 - - [21/May/2025:13:15:56 +0000] "POST /about.html HTTP/2.0" 200 6829 "https://www.twitter.com" "Mozilla/5.0 (X11; Linux x86_64; rv:89.0) Gecko/20100101 Firefox/89.0"
10.0.0.1 - - [21/May/2025:13:15:56 +0000] "GET /js/app.js HTTP/1.1" 304 325 "https://www.linkedin.com" "Mozilla/5.0 (iPhone; CPU iPhone OS 14_6 like Mac OS X) AppleWebKit/605.1.15 (KHTML, like Gecko) Version/14.0 Mobile/15E148 Safari/604.1"
8.8.4.4 - - [21/May/2025:13:15:56 +0000] "PUT /about.html HTTP/2.0" 200 7476 "-" "Mozilla/5.0 (compatible; Googlebot/2.1; +http://www.google.com/bot.html)"
8.8.4.4 - - [21/May/2025:13:15:56 +0000] "GET /api/v1/products HTTP/1.0" 200 9893 "-" "Mozilla/5.0 (X11; Linux x86_64; rv:89.0) Gecko/20100101 Firefox/89.0"
192.168.1.1 - - [21/May/2025:13:15:59 +0000] "PUT /contact.html HTTP/2.0" 404 2718 "https://www.facebook.com" "Mozilla/5.0 (iPhone; CPU iPhone OS 14_6 like Mac OS X) AppleWebKit/605.1.15 (KHTML, like Gecko) Version/14.0 Mobile/15E148 Safari/604.1"
8.8.8.8 - - [21/May/2025:13:16:01 +0000] "PUT /js/app.js HTTP/1.1" 403 8115 "https://www.twitter.com" "Mozilla/5.0 (compatible; Googlebot/2.1; +http://www.google.com/bot.html)"
192.168.1.2 - - [21/May/2025:13:16:01 +0000] "DELETE /services.html HTTP/2.0" 200 9958 "https://www.facebook.com" "Mozilla/5.0 (Macintosh; Intel Mac OS X 10_15_7) AppleWebKit/605.1.15 (KHTML, like Gecko) Version/14.1.1 Safari/605.1.15"
192.168.1.3 - - [21/May/2025:13:16:01 +0000] "PUT /js/app.js HTTP/2.0" 400 1141 "https://www.linkedin.com" "Mozilla/5.0 (compatible; Googlebot/2.1; +http://www.google.com/bot.html)"
192.168.1.3 - - [21/May/2025:13:16:01 +0000] "PUT /index.html HTTP/1.1" 200 4570 "https://www.bing.com" "Mozilla/5.0 (iPhone; CPU iPhone OS 14_6 like Mac OS X) AppleWebKit/605.1.15 (KHTML, like Gecko) Version/14.0 Mobile/15E148 Safari/604.1"
8.8.8.8 - - [21/May/2025:13:16:03 +0000] "POST /api/v1/users HTTP/1.0" 500 3595 "https://www.linkedin.com" "Mozilla/5.0 (X11; Linux x86_64; rv:89.0) Gecko/20100101 Firefox/89.0"
192.168.1.2 - - [21/May/2025:13:16:03 +0000] "GET /api/v1/products HTTP/1.1" 200 8263 "https://www.linkedin.com" "Mozilla/5.0 (iPhone; CPU iPhone OS 14_6 like Mac OS X) AppleWebKit/605.1.15 (KHTML, like Gecko) Version/14.0 Mobile/15E148 Safari/604.1"
192.168.1.4 - - [21/May/2025:13:16:05 +0000] "POST /images/logo.png HTTP/1.0" 200 7977 "https://www.google.com" "Mozilla/5.0 (Windows NT 10.0; Win64; x64) AppleWebKit/537.36 (KHTML, like Gecko) Chrome/91.0.4472.124 Safari/537.36"
192.168.1.3 - - [21/May/2025:13:16:05 +0000] "PUT /index.html HTTP/1.0" 200 6305 "https://www.facebook.com" "Mozilla/5.0 (X11; Linux x86_64; rv:89.0) Gecko/20100101 Firefox/89.0"
172.16.0.1 - - [21/May/2025:13:16:05 +0000] "GET /css/main.css HTTP/2.0" 403 3360 "https://www.bing.com" "Mozilla/5.0 (compatible; Googlebot/2.1; +http://www.google.com/bot.html)"
172.16.0.1 - - [21/May/2025:13:16:06 +0000] "DELETE /api/v1/products HTTP/1.1" 200 8707 "https://www.facebook.com" "Mozilla/5.0 (Macintosh; Intel Mac OS X 10_15_7) AppleWebKit/605.1.15 (KHTML, like Gecko) Version/14.1.1 Safari/605.1.15"
192.168.1.5 - - [21/May/2025:13:16:06 +0000] "GET /api/v1/users HTTP/1.1" 200 2003 "https://www.linkedin.com" "Mozilla/5.0 (Macintosh; Intel Mac OS X 10_15_7) AppleWebKit/605.1.15 (KHTML, like Gecko) Version/14.1.1 Safari/605.1.15"
192.168.1.4 - - [21/May/2025:13:16:06 +0000] "GET /images/logo.png HTTP/1.1" 200 5792 "-" "Mozilla/5.0 (iPhone; CPU iPhone OS 14_6 like Mac OS X) AppleWebKit/605.1.15 (KHTML, like Gecko) Version/14.0 Mobile/15E148 Safari/604.1"
192.168.1.4 - - [21/May/2025:13:16:08 +0000] "PUT /index.html HTTP/1.1" 500 2837 "https://www.twitter.com" "Mozilla/5.0 (compatible; Googlebot/2.1; +http://www.google.com/bot.html)"
192.168.1.4 - - [21/May/2025:13:16:08 +0000] "DELETE /css/main.css HTTP/1.1" 400 8410 "https://www.twitter.com" "Mozilla/5.0 (compatible; Googlebot/2.1; +http://www.google.com/bot.html)"
192.168.1.1 - - [21/May/2025:13:16:08 +0000] "POST /js/app.js HTTP/1.0" 400 2191 "https://www.linkedin.com" "Mozilla/5.0 (iPhone; CPU iPhone OS 14_6 like Mac OS X) AppleWebKit/605.1.15 (KHTML, like Gecko) Version/14.0 Mobile/15E148 Safari/604.1"
192.168.1.3 - - [21/May/2025:13:16:10 +0000] "PUT /about.html HTTP/2.0" 200 1097 "https://www.google.com" "Mozilla/5.0 (Windows NT 10.0; Win64; x64) AppleWebKit/537.36 (KHTML, like Gecko) Chrome/91.0.4472.124 Safari/537.36"
8.8.8.8 - - [21/May/2025:13:16:10 +0000] "GET /js/app.js HTTP/2.0" 302 9449 "https://www.linkedin.com" "Mozilla/5.0 (iPhone; CPU iPhone OS 14_6 like Mac OS X) AppleWebKit/605.1.15 (KHTML, like Gecko) Version/14.0 Mobile/15E148 Safari/604.1"
192.168.1.4 - - [21/May/2025:13:16:10 +0000] "DELETE /products.html HTTP/1.0" 301 376 "https://www.linkedin.com" "Mozilla/5.0 (Windows NT 10.0; Win64; x64) AppleWebKit/537.36 (KHTML, like Gecko) Chrome/91.0.4472.124 Safari/537.36"
192.168.1.4 - - [21/May/2025:13:16:10 +0000] "DELETE /css/main.css HTTP/1.1" 200 9876 "https://www.google.com" "Mozilla/5.0 (Windows NT 10.0; Win64; x64) AppleWebKit/537.36 (KHTML, like Gecko) Chrome/91.0.4472.124 Safari/537.36"
8.8.4.4 - - [21/May/2025:13:16:12 +0000] "PUT /contact.html HTTP/1.1" 200 3254 "https://www.facebook.com" "Mozilla/5.0 (iPhone; CPU iPhone OS 14_6 like Mac OS X) AppleWebKit/605.1.15 (KHTML, like Gecko) Version/14.0 Mobile/15E148 Safari/604.1"
10.0.0.1 - - [21/May/2025:13:16:12 +0000] "PUT /css/main.css HTTP/1.0" 403 2113 "https://www.linkedin.com" "Mozilla/5.0 (Windows NT 10.0; Win64; x64) AppleWebKit/537.36 (KHTML, like Gecko) Chrome/91.0.4472.124 Safari/537.36"
192.168.1.4 - - [21/May/2025:13:16:12 +0000] "PUT /services.html HTTP/1.0" 301 3794 "https://www.twitter.com" "Mozilla/5.0 (X11; Linux x86_64; rv:89.0) Gecko/20100101 Firefox/89.0"
192.168.1.4 - - [21/May/2025:13:16:14 +0000] "GET /contact.html HTTP/1.0" 200 7785 "https://www.facebook.com" "Mozilla/5.0 (iPhone; CPU iPhone OS 14_6 like Mac OS X) AppleWebKit/605.1.15 (KHTML, like Gecko) Version/14.0 Mobile/15E148 Safari/604.1"
8.8.4.4 - - [21/May/2025:13:16:14 +0000] "DELETE /api/v1/products HTTP/2.0" 400 6363 "https://www.twitter.com" "Mozilla/5.0 (iPhone; CPU iPhone OS 14_6 like Mac OS X) AppleWebKit/605.1.15 (KHTML, like Gecko) Version/14.0 Mobile/15E148 Safari/604.1"
10.0.0.1 - - [21/May/2025:13:16:14 +0000] "POST /api/v1/users HTTP/1.1" 400 5279 "https://www.facebook.com" "Mozilla/5.0 (Windows NT 10.0; Win64; x64) AppleWebKit/537.36 (KHTML, like Gecko) Chrome/91.0.4472.124 Safari/537.36"
10.0.0.1 - - [21/May/2025:13:16:17 +0000] "DELETE /images/logo.png HTTP/1.0" 403 5866 "-" "Mozilla/5.0 (Macintosh; Intel Mac OS X 10_15_7) AppleWebKit/605.1.15 (KHTML, like Gecko) Version/14.1.1 Safari/605.1.15"
192.168.1.2 - - [21/May/2025:13:16:19 +0000] "PUT /contact.html HTTP/1.0" 200 7375 "https://www.google.com" "Mozilla/5.0 (iPhone; CPU iPhone OS 14_6 like Mac OS X) AppleWebKit/605.1.15 (KHTML, like Gecko) Version/14.0 Mobile/15E148 Safari/604.1"
10.0.0.2 - - [21/May/2025:13:16:20 +0000] "POST /api/v1/users HTTP/1.0" 304 4197 "https://www.facebook.com" "Mozilla/5.0 (Windows NT 10.0; Win64; x64) AppleWebKit/537.36 (KHTML, like Gecko) Chrome/91.0.4472.124 Safari/537.36"
192.168.1.4 - - [21/May/2025:13:16:20 +0000] "DELETE /index.html HTTP/1.1" 200 7892 "https://www.facebook.com" "Mozilla/5.0 (iPhone; CPU iPhone OS 14_6 like Mac OS X) AppleWebKit/605.1.15 (KHTML, like Gecko) Version/14.0 Mobile/15E148 Safari/604.1"
192.168.1.4 - - [21/May/2025:13:16:21 +0000] "POST /css/main.css HTTP/1.1" 302 6153 "https://www.bing.com" "Mozilla/5.0 (Windows NT 10.0; Win64; x64) AppleWebKit/537.36 (KHTML, like Gecko) Chrome/91.0.4472.124 Safari/537.36"
172.16.0.1 - - [21/May/2025:13:16:21 +0000] "POST /css/main.css HTTP/1.1" 404 2350 "https://www.linkedin.com" "Mozilla/5.0 (X11; Linux x86_64; rv:89.0) Gecko/20100101 Firefox/89.0"
10.0.0.2 - - [21/May/2025:13:16:21 +0000] "GET /products.html HTTP/2.0" 404 907 "https://www.bing.com" "Mozilla/5.0 (X11; Linux x86_64; rv:89.0) Gecko/20100101 Firefox/89.0"
172.16.0.1 - - [21/May/2025:13:16:21 +0000] "POST /about.html HTTP/1.1" 401 7116 "https://www.linkedin.com" "Mozilla/5.0 (Macintosh; Intel Mac OS X 10_15_7) AppleWebKit/605.1.15 (KHTML, like Gecko) Version/14.1.1 Safari/605.1.15"
192.168.1.1 - - [21/May/2025:13:16:22 +0000] "POST /css/main.css HTTP/1.0" 302 794 "-" "Mozilla/5.0 (compatible; Googlebot/2.1; +http://www.google.com/bot.html)"
192.168.1.4 - - [21/May/2025:13:16:22 +0000] "PUT /css/main.css HTTP/1.0" 500 3581 "https://www.facebook.com" "Mozilla/5.0 (Macintosh; Intel Mac OS X 10_15_7) AppleWebKit/605.1.15 (KHTML, like Gecko) Version/14.1.1 Safari/605.1.15"
192.168.1.1 - - [21/May/2025:13:16:25 +0000] "PUT /about.html HTTP/1.0" 200 6668 "https://www.facebook.com" "Mozilla/5.0 (compatible; Googlebot/2.1; +http://www.google.com/bot.html)"
172.16.0.1 - - [21/May/2025:13:16:25 +0000] "GET /api/v1/users HTTP/2.0" 200 9924 "-" "Mozilla/5.0 (Windows NT 10.0; Win64; x64) AppleWebKit/537.36 (KHTML, like Gecko) Chrome/91.0.4472.124 Safari/537.36"
8.8.8.8 - - [21/May/2025:13:16:25 +0000] "GET /services.html HTTP/2.0" 403 1889 "https://www.facebook.com" "Mozilla/5.0 (Macintosh; Intel Mac OS X 10_15_7) AppleWebKit/605.1.15 (KHTML, like Gecko) Version/14.1.1 Safari/605.1.15"
192.168.1.4 - - [21/May/2025:13:16:28 +0000] "PUT /css/main.css HTTP/1.1" 200 3251 "https://www.linkedin.com" "Mozilla/5.0 (iPhone; CPU iPhone OS 14_6 like Mac OS X) AppleWebKit/605.1.15 (KHTML, like Gecko) Version/14.0 Mobile/15E148 Safari/604.1"
192.168.1.3 - - [21/May/2025:13:16:28 +0000] "GET /products.html HTTP/1.1" 301 2518 "https://www.twitter.com" "Mozilla/5.0 (compatible; Googlebot/2.1; +http://www.google.com/bot.html)"
192.168.1.2 - - [21/May/2025:13:16:28 +0000] "POST /css/main.css HTTP/1.1" 400 999 "https://www.linkedin.com" "Mozilla/5.0 (iPhone; CPU iPhone OS 14_6 like Mac OS X) AppleWebKit/605.1.15 (KHTML, like Gecko) Version/14.0 Mobile/15E148 Safari/604.1"
192.168.1.2 - - [21/May/2025:13:16:29 +0000] "PUT /api/v1/users HTTP/2.0" 403 1940 "https://www.linkedin.com" "Mozilla/5.0 (iPhone; CPU iPhone OS 14_6 like Mac OS X) AppleWebKit/605.1.15 (KHTML, like Gecko) Version/14.0 Mobile/15E148 Safari/604.1"
192.168.1.3 - - [21/May/2025:13:16:29 +0000] "POST /api/v1/users HTTP/2.0" 500 8795 "https://www.linkedin.com" "Mozilla/5.0 (Macintosh; Intel Mac OS X 10_15_7) AppleWebKit/605.1.15 (KHTML, like Gecko) Version/14.1.1 Safari/605.1.15"
172.16.0.1 - - [21/May/2025:13:16:31 +0000] "POST /index.html HTTP/2.0" 404 5537 "https://www.facebook.com" "Mozilla/5.0 (X11; Linux x86_64; rv:89.0) Gecko/20100101 Firefox/89.0"
8.8.4.4 - - [21/May/2025:13:16:32 +0000] "POST /js/app.js HTTP/1.0" 304 3539 "https://www.bing.com" "Mozilla/5.0 (compatible; Googlebot/2.1; +http://www.google.com/bot.html)"
192.168.1.2 - - [21/May/2025:13:16:32 +0000] "GET /products.html HTTP/1.1" 400 2765 "https://www.google.com" "Mozilla/5.0 (X11; Linux x86_64; rv:89.0) Gecko/20100101 Firefox/89.0"
10.0.0.1 - - [21/May/2025:13:16:32 +0000] "POST /about.html HTTP/1.0" 400 9992 "https://www.bing.com" "Mozilla/5.0 (Windows NT 10.0; Win64; x64) AppleWebKit/537.36 (KHTML, like Gecko) Chrome/91.0.4472.124 Safari/537.36"
172.16.0.1 - - [21/May/2025:13:16:32 +0000] "GET /api/v1/users HTTP/1.1" 404 2821 "https://www.google.com" "Mozilla/5.0 (Windows NT 10.0; Win64; x64) AppleWebKit/537.36 (KHTML, like Gecko) Chrome/91.0.4472.124 Safari/537.36"
172.16.0.1 - - [21/May/2025:13:16:34 +0000] "PUT /api/v1/users HTTP/2.0" 404 9712 "https://www.google.com" "Mozilla/5.0 (iPhone; CPU iPhone OS 14_6 like Mac OS X) AppleWebKit/605.1.15 (KHTML, like Gecko) Version/14.0 Mobile/15E148 Safari/604.1"
172.16.0.1 - - [21/May/2025:13:16:34 +0000] "GET /services.html HTTP/1.0" 200 5938 "https://www.google.com" "Mozilla/5.0 (Macintosh; Intel Mac OS X 10_15_7) AppleWebKit/605.1.15 (KHTML, like Gecko) Version/14.1.1 Safari/605.1.15"
192.168.1.4 - - [21/May/2025:13:16:34 +0000] "DELETE /css/main.css HTTP/2.0" 400 7229 "-" "Mozilla/5.0 (iPhone; CPU iPhone OS 14_6 like Mac OS X) AppleWebKit/605.1.15 (KHTML, like Gecko) Version/14.0 Mobile/15E148 Safari/604.1"
192.168.1.4 - - [21/May/2025:13:16:34 +0000] "GET /about.html HTTP/1.1" 400 7262 "https://www.facebook.com" "Mozilla/5.0 (Macintosh; Intel Mac OS X 10_15_7) AppleWebKit/605.1.15 (KHTML, like Gecko) Version/14.1.1 Safari/605.1.15"
192.168.1.4 - - [21/May/2025:13:16:34 +0000] "PUT /api/v1/products HTTP/1.0" 401 1625 "https://www.linkedin.com" "Mozilla/5.0 (Windows NT 10.0; Win64; x64) AppleWebKit/537.36 (KHTML, like Gecko) Chrome/91.0.4472.124 Safari/537.36"
10.0.0.2 - - [21/May/2025:13:16:36 +0000] "POST /products.html HTTP/1.1" 302 6790 "https://www.facebook.com" "Mozilla/5.0 (compatible; Googlebot/2.1; +http://www.google.com/bot.html)"
192.168.1.3 - - [21/May/2025:13:16:39 +0000] "DELETE /js/app.js HTTP/1.0" 200 2004 "https://www.twitter.com" "Mozilla/5.0 (iPhone; CPU iPhone OS 14_6 like Mac OS X) AppleWebKit/605.1.15 (KHTML, like Gecko) Version/14.0 Mobile/15E148 Safari/604.1"
10.0.0.2 - - [21/May/2025:13:16:42 +0000] "POST /js/app.js HTTP/2.0" 403 722 "https://www.google.com" "Mozilla/5.0 (Macintosh; Intel Mac OS X 10_15_7) AppleWebKit/605.1.15 (KHTML, like Gecko) Version/14.1.1 Safari/605.1.15"
192.168.1.1 - - [21/May/2025:13:16:44 +0000] "POST /api/v1/users HTTP/2.0" 400 8123 "-" "Mozilla/5.0 (X11; Linux x86_64; rv:89.0) Gecko/20100101 Firefox/89.0"
192.168.1.2 - - [21/May/2025:13:16:44 +0000] "POST /services.html HTTP/2.0" 400 2959 "https://www.bing.com" "Mozilla/5.0 (Windows NT 10.0; Win64; x64) AppleWebKit/537.36 (KHTML, like Gecko) Chrome/91.0.4472.124 Safari/537.36"
192.168.1.5 - - [21/May/2025:13:16:44 +0000] "DELETE /index.html HTTP/2.0" 400 4009 "https://www.bing.com" "Mozilla/5.0 (X11; Linux x86_64; rv:89.0) Gecko/20100101 Firefox/89.0"
192.168.1.4 - - [21/May/2025:13:16:45 +0000] "GET /about.html HTTP/2.0" 500 178 "https://www.linkedin.com" "Mozilla/5.0 (Windows NT 10.0; Win64; x64) AppleWebKit/537.36 (KHTML, like Gecko) Chrome/91.0.4472.124 Safari/537.36"
8.8.8.8 - - [21/May/2025:13:16:48 +0000] "PUT /services.html HTTP/1.0" 200 804 "https://www.google.com" "Mozilla/5.0 (compatible; Googlebot/2.1; +http://www.google.com/bot.html)"
8.8.8.8 - - [21/May/2025:13:16:48 +0000] "POST /about.html HTTP/1.0" 302 8920 "https://www.facebook.com" "Mozilla/5.0 (compatible; Googlebot/2.1; +http://www.google.com/bot.html)"
172.16.0.1 - - [21/May/2025:13:16:49 +0000] "POST /images/logo.png HTTP/2.0" 301 6513 "https://www.linkedin.com" "Mozilla/5.0 (Macintosh; Intel Mac OS X 10_15_7) AppleWebKit/605.1.15 (KHTML, like Gecko) Version/14.1.1 Safari/605.1.15"
192.168.1.2 - - [21/May/2025:13:16:49 +0000] "GET /css/main.css HTTP/2.0" 200 2933 "https://www.google.com" "Mozilla/5.0 (compatible; Googlebot/2.1; +http://www.google.com/bot.html)"
172.16.0.1 - - [21/May/2025:13:16:49 +0000] "PUT /about.html HTTP/1.1" 401 8301 "-" "Mozilla/5.0 (compatible; Googlebot/2.1; +http://www.google.com/bot.html)"
192.168.1.2 - - [21/May/2025:13:16:49 +0000] "GET /contact.html HTTP/2.0" 500 9616 "https://www.facebook.com" "Mozilla/5.0 (compatible; Googlebot/2.1; +http://www.google.com/bot.html)"
192.168.1.1 - - [21/May/2025:13:16:49 +0000] "POST /products.html HTTP/2.0" 200 7505 "-" "Mozilla/5.0 (iPhone; CPU iPhone OS 14_6 like Mac OS X) AppleWebKit/605.1.15 (KHTML, like Gecko) Version/14.0 Mobile/15E148 Safari/604.1"
172.16.0.1 - - [21/May/2025:13:16:51 +0000] "PUT /about.html HTTP/1.0" 301 5140 "https://www.linkedin.com" "Mozilla/5.0 (X11; Linux x86_64; rv:89.0) Gecko/20100101 Firefox/89.0"
172.16.0.1 - - [21/May/2025:13:16:51 +0000] "PUT /css/main.css HTTP/2.0" 200 5424 "https://www.bing.com" "Mozilla/5.0 (Macintosh; Intel Mac OS X 10_15_7) AppleWebKit/605.1.15 (KHTML, like Gecko) Version/14.1.1 Safari/605.1.15"
10.0.0.2 - - [21/May/2025:13:16:51 +0000] "GET /css/main.css HTTP/2.0" 401 6759 "https://www.bing.com" "Mozilla/5.0 (X11; Linux x86_64; rv:89.0) Gecko/20100101 Firefox/89.0"
10.0.0.2 - - [21/May/2025:13:16:54 +0000] "POST /services.html HTTP/1.1" 200 5601 "https://www.linkedin.com" "Mozilla/5.0 (X11; Linux x86_64; rv:89.0) Gecko/20100101 Firefox/89.0"
192.168.1.1 - - [21/May/2025:13:16:54 +0000] "PUT /contact.html HTTP/2.0" 301 5333 "https://www.bing.com" "Mozilla/5.0 (Macintosh; Intel Mac OS X 10_15_7) AppleWebKit/605.1.15 (KHTML, like Gecko) Version/14.1.1 Safari/605.1.15"
192.168.1.1 - - [21/May/2025:13:16:54 +0000] "PUT /css/main.css HTTP/1.0" 301 2118 "https://www.google.com" "Mozilla/5.0 (Macintosh; Intel Mac OS X 10_15_7) AppleWebKit/605.1.15 (KHTML, like Gecko) Version/14.1.1 Safari/605.1.15"
8.8.8.8 - - [21/May/2025:13:16:57 +0000] "DELETE /products.html HTTP/1.0" 200 3543 "https://www.twitter.com" "Mozilla/5.0 (Windows NT 10.0; Win64; x64) AppleWebKit/537.36 (KHTML, like Gecko) Chrome/91.0.4472.124 Safari/537.36"
192.168.1.5 - - [21/May/2025:13:16:57 +0000] "POST /contact.html HTTP/1.0" 404 7191 "https://www.twitter.com" "Mozilla/5.0 (X11; Linux x86_64; rv:89.0) Gecko/20100101 Firefox/89.0"
192.168.1.3 - - [21/May/2025:13:16:57 +0000] "POST /about.html HTTP/2.0" 200 2790 "https://www.facebook.com" "Mozilla/5.0 (compatible; Googlebot/2.1; +http://www.google.com/bot.html)"
192.168.1.5 - - [21/May/2025:13:17:00 +0000] "POST /css/main.css HTTP/2.0" 401 7636 "https://www.google.com" "Mozilla/5.0 (Windows NT 10.0; Win64; x64) AppleWebKit/537.36 (KHTML, like Gecko) Chrome/91.0.4472.124 Safari/537.36"
192.168.1.1 - - [21/May/2025:13:17:00 +0000] "PUT /products.html HTTP/1.0" 301 5534 "https://www.linkedin.com" "Mozilla/5.0 (X11; Linux x86_64; rv:89.0) Gecko/20100101 Firefox/89.0"
192.168.1.3 - - [21/May/2025:13:17:03 +0000] "DELETE /index.html HTTP/1.1" 200 2556 "https://www.facebook.com" "Mozilla/5.0 (Macintosh; Intel Mac OS X 10_15_7) AppleWebKit/605.1.15 (KHTML, like Gecko) Version/14.1.1 Safari/605.1.15"
10.0.0.2 - - [21/May/2025:13:17:03 +0000] "DELETE /images/logo.png HTTP/2.0" 500 5589 "https://www.linkedin.com" "Mozilla/5.0 (Windows NT 10.0; Win64; x64) AppleWebKit/537.36 (KHTML, like Gecko) Chrome/91.0.4472.124 Safari/537.36"
8.8.4.4 - - [21/May/2025:13:17:03 +0000] "GET /api/v1/products HTTP/1.1" 500 5382 "-" "Mozilla/5.0 (Windows NT 10.0; Win64; x64) AppleWebKit/537.36 (KHTML, like Gecko) Chrome/91.0.4472.124 Safari/537.36"
192.168.1.3 - - [21/May/2025:13:17:03 +0000] "GET /products.html HTTP/1.1" 200 2603 "https://www.facebook.com" "Mozilla/5.0 (iPhone; CPU iPhone OS 14_6 like Mac OS X) AppleWebKit/605.1.15 (KHTML, like Gecko) Version/14.0 Mobile/15E148 Safari/604.1"
192.168.1.1 - - [21/May/2025:13:17:05 +0000] "GET /api/v1/users HTTP/2.0" 200 9923 "https://www.twitter.com" "Mozilla/5.0 (Windows NT 10.0; Win64; x64) AppleWebKit/537.36 (KHTML, like Gecko) Chrome/91.0.4472.124 Safari/537.36"
192.168.1.2 - - [21/May/2025:13:17:05 +0000] "GET /images/logo.png HTTP/2.0" 400 528 "https://www.google.com" "Mozilla/5.0 (compatible; Googlebot/2.1; +http://www.google.com/bot.html)"
192.168.1.1 - - [21/May/2025:13:17:05 +0000] "GET /contact.html HTTP/1.1" 302 7555 "https://www.google.com" "Mozilla/5.0 (iPhone; CPU iPhone OS 14_6 like Mac OS X) AppleWebKit/605.1.15 (KHTML, like Gecko) Version/14.0 Mobile/15E148 Safari/604.1"
192.168.1.1 - - [21/May/2025:13:17:05 +0000] "DELETE /js/app.js HTTP/1.0" 200 3254 "https://www.twitter.com" "Mozilla/5.0 (iPhone; CPU iPhone OS 14_6 like Mac OS X) AppleWebKit/605.1.15 (KHTML, like Gecko) Version/14.0 Mobile/15E148 Safari/604.1"
192.168.1.4 - - [21/May/2025:13:17:05 +0000] "PUT /js/app.js HTTP/2.0" 401 6748 "https://www.linkedin.com" "Mozilla/5.0 (iPhone; CPU iPhone OS 14_6 like Mac OS X) AppleWebKit/605.1.15 (KHTML, like Gecko) Version/14.0 Mobile/15E148 Safari/604.1"
8.8.8.8 - - [21/May/2025:13:17:06 +0000] "DELETE /api/v1/users HTTP/1.1" 200 7199 "https://www.google.com" "Mozilla/5.0 (iPhone; CPU iPhone OS 14_6 like Mac OS X) AppleWebKit/605.1.15 (KHTML, like Gecko) Version/14.0 Mobile/15E148 Safari/604.1"
192.168.1.3 - - [21/May/2025:13:17:06 +0000] "DELETE /images/logo.png HTTP/2.0" 301 9838 "https://www.bing.com" "Mozilla/5.0 (X11; Linux x86_64; rv:89.0) Gecko/20100101 Firefox/89.0"
192.168.1.5 - - [21/May/2025:13:17:06 +0000] "PUT /js/app.js HTTP/1.1" 200 9688 "https://www.facebook.com" "Mozilla/5.0 (Macintosh; Intel Mac OS X 10_15_7) AppleWebKit/605.1.15 (KHTML, like Gecko) Version/14.1.1 Safari/605.1.15"
8.8.8.8 - - [21/May/2025:13:17:06 +0000] "POST /images/logo.png HTTP/1.1" 401 6485 "https://www.google.com" "Mozilla/5.0 (Macintosh; Intel Mac OS X 10_15_7) AppleWebKit/605.1.15 (KHTML, like Gecko) Version/14.1.1 Safari/605.1.15"
172.16.0.1 - - [21/May/2025:13:17:06 +0000] "DELETE /api/v1/products HTTP/1.0" 304 3695 "https://www.bing.com" "Mozilla/5.0 (compatible; Googlebot/2.1; +http://www.google.com/bot.html)"
8.8.4.4 - - [21/May/2025:13:17:09 +0000] "GET /css/main.css HTTP/1.1" 401 8806 "-" "Mozilla/5.0 (iPhone; CPU iPhone OS 14_6 like Mac OS X) AppleWebKit/605.1.15 (KHTML, like Gecko) Version/14.0 Mobile/15E148 Safari/604.1"
192.168.1.2 - - [21/May/2025:13:17:09 +0000] "GET /about.html HTTP/1.0" 302 1542 "https://www.twitter.com" "Mozilla/5.0 (X11; Linux x86_64; rv:89.0) Gecko/20100101 Firefox/89.0"
192.168.1.2 - - [21/May/2025:13:17:09 +0000] "GET /products.html HTTP/2.0" 200 2339 "-" "Mozilla/5.0 (iPhone; CPU iPhone OS 14_6 like Mac OS X) AppleWebKit/605.1.15 (KHTML, like Gecko) Version/14.0 Mobile/15E148 Safari/604.1"
192.168.1.3 - - [21/May/2025:13:17:10 +0000] "DELETE /contact.html HTTP/2.0" 304 8745 "-" "Mozilla/5.0 (Windows NT 10.0; Win64; x64) AppleWebKit/537.36 (KHTML, like Gecko) Chrome/91.0.4472.124 Safari/537.36"
