192.168.1.3 - - [21/May/2025:13:11:13 +0000] "PUT /index.html HTTP/2.0" 302 3981 "https://www.facebook.com" "Mozilla/5.0 (iPhone; CPU iPhone OS 14_6 like Mac OS X) AppleWebKit/605.1.15 (KHTML, like Gecko) Version/14.0 Mobile/15E148 Safari/604.1"
172.16.0.1 - - [21/May/2025:13:11:13 +0000] "PUT /api/v1/users HTTP/1.1" 404 7488 "https://www.facebook.com" "Mozilla/5.0 (compatible; Googlebot/2.1; +http://www.google.com/bot.html)"
192.168.1.4 - - [21/May/2025:13:11:14 +0000] "POST /services.html HTTP/1.0" 400 4168 "https://www.linkedin.com" "Mozilla/5.0 (Macintosh; Intel Mac OS X 10_15_7) AppleWebKit/605.1.15 (KHTML, like Gecko) Version/14.1.1 Safari/605.1.15"
192.168.1.2 - - [21/May/2025:13:11:17 +0000] "GET /index.html HTTP/1.0" 500 4421 "https://www.bing.com" "Mozilla/5.0 (compatible; Googlebot/2.1; +http://www.google.com/bot.html)"
192.168.1.4 - - [21/May/2025:13:11:19 +0000] "POST /products.html HTTP/1.0" 404 177 "https://www.google.com" "Mozilla/5.0 (iPhone; CPU iPhone OS 14_6 like Mac OS X) AppleWebKit/605.1.15 (KHTML, like Gecko) Version/14.0 Mobile/15E148 Safari/604.1"
8.8.4.4 - - [21/May/2025:13:11:19 +0000] "PUT /images/logo.png HTTP/2.0" 500 8793 "https://www.facebook.com" "Mozilla/5.0 (iPhone; CPU iPhone OS 14_6 like Mac OS X) AppleWebKit/605.1.15 (KHTML, like Gecko) Version/14.0 Mobile/15E148 Safari/604.1"
172.16.0.1 - - [21/May/2025:13:11:21 +0000] "PUT /api/v1/users HTTP/1.0" 200 5622 "https://www.twitter.com" "Mozilla/5.0 (iPhone; CPU iPhone OS 14_6 like Mac OS X) AppleWebKit/605.1.15 (KHTML, like Gecko) Version/14.0 Mobile/15E148 Safari/604.1"
8.8.4.4 - - [21/May/2025:13:11:21 +0000] "PUT /api/v1/products HTTP/1.1" 200 4289 "https://www.facebook.com" "Mozilla/5.0 (Macintosh; Intel Mac OS X 10_15_7) AppleWebKit/605.1.15 (KHTML, like Gecko) Version/14.1.1 Safari/605.1.15"
192.168.1.4 - - [21/May/2025:13:11:22 +0000] "GET /api/v1/users HTTP/1.1" 200 1173 "https://www.linkedin.com" "Mozilla/5.0 (iPhone; CPU iPhone OS 14_6 like Mac OS X) AppleWebKit/605.1.15 (KHTML, like Gecko) Version/14.0 Mobile/15E148 Safari/604.1"
172.16.0.1 - - [21/May/2025:13:11:22 +0000] "GET /js/app.js HTTP/1.1" 301 8389 "https://www.twitter.com" "Mozilla/5.0 (iPhone; CPU iPhone OS 14_6 like Mac OS X) AppleWebKit/605.1.15 (KHTML, like Gecko) Version/14.0 Mobile/15E148 Safari/604.1"
10.0.0.1 - - [21/May/2025:13:11:23 +0000] "PUT /css/main.css HTTP/2.0" 401 1090 "https://www.facebook.com" "Mozilla/5.0 (X11; Linux x86_64; rv:89.0) Gecko/20100101 Firefox/89.0"
192.168.1.5 - - [21/May/2025:13:11:24 +0000] "DELETE /services.html HTTP/1.1" 200 6658 "https://www.bing.com" "Mozilla/5.0 (X11; Linux x86_64; rv:89.0) Gecko/20100101 Firefox/89.0"
8.8.8.8 - - [21/May/2025:13:11:24 +0000] "DELETE /index.html HTTP/1.1" 302 1415 "https://www.linkedin.com" "Mozilla/5.0 (X11; Linux x86_64; rv:89.0) Gecko/20100101 Firefox/89.0"
192.168.1.4 - - [21/May/2025:13:11:24 +0000] "GET /api/v1/users HTTP/1.1" 200 4824 "-" "Mozilla/5.0 (iPhone; CPU iPhone OS 14_6 like Mac OS X) AppleWebKit/605.1.15 (KHTML, like Gecko) Version/14.0 Mobile/15E148 Safari/604.1"
192.168.1.1 - - [21/May/2025:13:11:24 +0000] "POST /products.html HTTP/1.1" 200 152 "https://www.twitter.com" "Mozilla/5.0 (X11; Linux x86_64; rv:89.0) Gecko/20100101 Firefox/89.0"
10.0.0.2 - - [21/May/2025:13:11:27 +0000] "POST /images/logo.png HTTP/1.0" 200 1024 "-" "Mozilla/5.0 (iPhone; CPU iPhone OS 14_6 like Mac OS X) AppleWebKit/605.1.15 (KHTML, like Gecko) Version/14.0 Mobile/15E148 Safari/604.1"
192.168.1.3 - - [21/May/2025:13:11:28 +0000] "POST /images/logo.png HTTP/1.1" 400 7995 "https://www.bing.com" "Mozilla/5.0 (X11; Linux x86_64; rv:89.0) Gecko/20100101 Firefox/89.0"
192.168.1.3 - - [21/May/2025:13:11:28 +0000] "POST /api/v1/products HTTP/2.0" 200 8591 "https://www.twitter.com" "Mozilla/5.0 (Windows NT 10.0; Win64; x64) AppleWebKit/537.36 (KHTML, like Gecko) Chrome/91.0.4472.124 Safari/537.36"
192.168.1.1 - - [21/May/2025:13:11:30 +0000] "DELETE /js/app.js HTTP/2.0" 401 2787 "-" "Mozilla/5.0 (X11; Linux x86_64; rv:89.0) Gecko/20100101 Firefox/89.0"
192.168.1.2 - - [21/May/2025:13:11:30 +0000] "POST /services.html HTTP/1.1" 400 1680 "https://www.facebook.com" "Mozilla/5.0 (Macintosh; Intel Mac OS X 10_15_7) AppleWebKit/605.1.15 (KHTML, like Gecko) Version/14.1.1 Safari/605.1.15"
8.8.8.8 - - [21/May/2025:13:11:30 +0000] "GET /products.html HTTP/1.0" 500 6987 "https://www.facebook.com" "Mozilla/5.0 (Macintosh; Intel Mac OS X 10_15_7) AppleWebKit/605.1.15 (KHTML, like Gecko) Version/14.1.1 Safari/605.1.15"
192.168.1.3 - - [21/May/2025:13:11:30 +0000] "GET /images/logo.png HTTP/1.1" 404 608 "https://www.bing.com" "Mozilla/5.0 (Macintosh; Intel Mac OS X 10_15_7) AppleWebKit/605.1.15 (KHTML, like Gecko) Version/14.1.1 Safari/605.1.15"
192.168.1.4 - - [21/May/2025:13:11:33 +0000] "GET /api/v1/products HTTP/1.1" 200 4744 "https://www.linkedin.com" "Mozilla/5.0 (compatible; Googlebot/2.1; +http://www.google.com/bot.html)"
8.8.8.8 - - [21/May/2025:13:11:33 +0000] "POST /services.html HTTP/1.0" 304 6309 "https://www.bing.com" "Mozilla/5.0 (Windows NT 10.0; Win64; x64) AppleWebKit/537.36 (KHTML, like Gecko) Chrome/91.0.4472.124 Safari/537.36"
192.168.1.2 - - [21/May/2025:13:11:35 +0000] "POST /css/main.css HTTP/1.1" 302 1497 "https://www.twitter.com" "Mozilla/5.0 (compatible; Googlebot/2.1; +http://www.google.com/bot.html)"
172.16.0.1 - - [21/May/2025:13:11:38 +0000] "GET /services.html HTTP/1.0" 403 3238 "https://www.facebook.com" "Mozilla/5.0 (Windows NT 10.0; Win64; x64) AppleWebKit/537.36 (KHTML, like Gecko) Chrome/91.0.4472.124 Safari/537.36"
172.16.0.1 - - [21/May/2025:13:11:38 +0000] "PUT /contact.html HTTP/1.1" 301 2336 "https://www.google.com" "Mozilla/5.0 (Macintosh; Intel Mac OS X 10_15_7) AppleWebKit/605.1.15 (KHTML, like Gecko) Version/14.1.1 Safari/605.1.15"
10.0.0.2 - - [21/May/2025:13:11:38 +0000] "POST /js/app.js HTTP/1.0" 301 8622 "https://www.bing.com" "Mozilla/5.0 (compatible; Googlebot/2.1; +http://www.google.com/bot.html)"
10.0.0.1 - - [21/May/2025:13:11:38 +0000] "GET /contact.html HTTP/1.1" 403 605 "-" "Mozilla/5.0 (Windows NT 10.0; Win64; x64) AppleWebKit/537.36 (KHTML, like Gecko) Chrome/91.0.4472.124 Safari/537.36"
192.168.1.1 - - [21/May/2025:13:11:39 +0000] "GET /css/main.css HTTP/1.0" 500 3028 "https://www.facebook.com" "Mozilla/5.0 (compatible; Googlebot/2.1; +http://www.google.com/bot.html)"
192.168.1.3 - - [21/May/2025:13:11:41 +0000] "GET /contact.html HTTP/2.0" 302 1685 "-" "Mozilla/5.0 (Windows NT 10.0; Win64; x64) AppleWebKit/537.36 (KHTML, like Gecko) Chrome/91.0.4472.124 Safari/537.36"
172.16.0.1 - - [21/May/2025:13:11:44 +0000] "DELETE /images/logo.png HTTP/2.0" 404 5720 "https://www.linkedin.com" "Mozilla/5.0 (Macintosh; Intel Mac OS X 10_15_7) AppleWebKit/605.1.15 (KHTML, like Gecko) Version/14.1.1 Safari/605.1.15"
192.168.1.1 - - [21/May/2025:13:11:44 +0000] "POST /js/app.js HTTP/2.0" 304 6844 "-" "Mozilla/5.0 (Macintosh; Intel Mac OS X 10_15_7) AppleWebKit/605.1.15 (KHTML, like Gecko) Version/14.1.1 Safari/605.1.15"
10.0.0.2 - - [21/May/2025:13:11:44 +0000] "PUT /services.html HTTP/1.0" 400 1990 "https://www.twitter.com" "Mozilla/5.0 (Windows NT 10.0; Win64; x64) AppleWebKit/537.36 (KHTML, like Gecko) Chrome/91.0.4472.124 Safari/537.36"
192.168.1.3 - - [21/May/2025:13:11:44 +0000] "PUT /images/logo.png HTTP/2.0" 403 6566 "https://www.google.com" "Mozilla/5.0 (compatible; Googlebot/2.1; +http://www.google.com/bot.html)"
10.0.0.1 - - [21/May/2025:13:11:47 +0000] "POST /about.html HTTP/1.1" 200 9119 "https://www.twitter.com" "Mozilla/5.0 (compatible; Googlebot/2.1; +http://www.google.com/bot.html)"
192.168.1.4 - - [21/May/2025:13:11:50 +0000] "GET /products.html HTTP/2.0" 401 2777 "https://www.twitter.com" "Mozilla/5.0 (X11; Linux x86_64; rv:89.0) Gecko/20100101 Firefox/89.0"
8.8.4.4 - - [21/May/2025:13:11:50 +0000] "GET /about.html HTTP/1.1" 200 9517 "https://www.twitter.com" "Mozilla/5.0 (X11; Linux x86_64; rv:89.0) Gecko/20100101 Firefox/89.0"
8.8.8.8 - - [21/May/2025:13:11:50 +0000] "GET /products.html HTTP/2.0" 200 7082 "https://www.facebook.com" "Mozilla/5.0 (compatible; Googlebot/2.1; +http://www.google.com/bot.html)"
192.168.1.4 - - [21/May/2025:13:11:51 +0000] "PUT /about.html HTTP/1.1" 404 1822 "https://www.google.com" "Mozilla/5.0 (Macintosh; Intel Mac OS X 10_15_7) AppleWebKit/605.1.15 (KHTML, like Gecko) Version/14.1.1 Safari/605.1.15"
192.168.1.3 - - [21/May/2025:13:11:51 +0000] "PUT /products.html HTTP/1.0" 200 8606 "https://www.google.com" "Mozilla/5.0 (iPhone; CPU iPhone OS 14_6 like Mac OS X) AppleWebKit/605.1.15 (KHTML, like Gecko) Version/14.0 Mobile/15E148 Safari/604.1"
192.168.1.5 - - [21/May/2025:13:11:51 +0000] "DELETE /index.html HTTP/2.0" 301 4124 "https://www.facebook.com" "Mozilla/5.0 (iPhone; CPU iPhone OS 14_6 like Mac OS X) AppleWebKit/605.1.15 (KHTML, like Gecko) Version/14.0 Mobile/15E148 Safari/604.1"
8.8.8.8 - - [21/May/2025:13:11:51 +0000] "GET /contact.html HTTP/2.0" 200 5887 "https://www.linkedin.com" "Mozilla/5.0 (Macintosh; Intel Mac OS X 10_15_7) AppleWebKit/605.1.15 (KHTML, like Gecko) Version/14.1.1 Safari/605.1.15"
192.168.1.3 - - [21/May/2025:13:11:53 +0000] "PUT /services.html HTTP/1.1" 200 3126 "-" "Mozilla/5.0 (iPhone; CPU iPhone OS 14_6 like Mac OS X) AppleWebKit/605.1.15 (KHTML, like Gecko) Version/14.0 Mobile/15E148 Safari/604.1"
172.16.0.1 - - [21/May/2025:13:11:56 +0000] "POST /services.html HTTP/1.0" 404 4416 "-" "Mozilla/5.0 (compatible; Googlebot/2.1; +http://www.google.com/bot.html)"
8.8.4.4 - - [21/May/2025:13:11:56 +0000] "DELETE /products.html HTTP/1.0" 200 1625 "https://www.bing.com" "Mozilla/5.0 (iPhone; CPU iPhone OS 14_6 like Mac OS X) AppleWebKit/605.1.15 (KHTML, like Gecko) Version/14.0 Mobile/15E148 Safari/604.1"
192.168.1.4 - - [21/May/2025:13:11:56 +0000] "POST /api/v1/users HTTP/2.0" 401 2039 "https://www.bing.com" "Mozilla/5.0 (iPhone; CPU iPhone OS 14_6 like Mac OS X) AppleWebKit/605.1.15 (KHTML, like Gecko) Version/14.0 Mobile/15E148 Safari/604.1"
192.168.1.1 - - [21/May/2025:13:11:59 +0000] "POST /about.html HTTP/1.1" 304 473 "https://www.linkedin.com" "Mozilla/5.0 (Macintosh; Intel Mac OS X 10_15_7) AppleWebKit/605.1.15 (KHTML, like Gecko) Version/14.1.1 Safari/605.1.15"
8.8.8.8 - - [21/May/2025:13:11:59 +0000] "DELETE /products.html HTTP/1.1" 302 9183 "https://www.bing.com" "Mozilla/5.0 (X11; Linux x86_64; rv:89.0) Gecko/20100101 Firefox/89.0"
192.168.1.1 - - [21/May/2025:13:11:59 +0000] "POST /index.html HTTP/1.1" 200 1562 "https://www.bing.com" "Mozilla/5.0 (Macintosh; Intel Mac OS X 10_15_7) AppleWebKit/605.1.15 (KHTML, like Gecko) Version/14.1.1 Safari/605.1.15"
10.0.0.2 - - [21/May/2025:13:11:59 +0000] "DELETE /api/v1/users HTTP/1.0" 404 3215 "https://www.google.com" "Mozilla/5.0 (X11; Linux x86_64; rv:89.0) Gecko/20100101 Firefox/89.0"
8.8.8.8 - - [21/May/2025:13:12:02 +0000] "POST /api/v1/products HTTP/1.1" 200 1913 "https://www.linkedin.com" "Mozilla/5.0 (compatible; Googlebot/2.1; +http://www.google.com/bot.html)"
8.8.8.8 - - [21/May/2025:13:12:05 +0000] "GET /images/logo.png HTTP/1.1" 200 8413 "https://www.google.com" "Mozilla/5.0 (iPhone; CPU iPhone OS 14_6 like Mac OS X) AppleWebKit/605.1.15 (KHTML, like Gecko) Version/14.0 Mobile/15E148 Safari/604.1"
10.0.0.1 - - [21/May/2025:13:12:05 +0000] "DELETE /api/v1/products HTTP/1.0" 200 8095 "https://www.twitter.com" "Mozilla/5.0 (X11; Linux x86_64; rv:89.0) Gecko/20100101 Firefox/89.0"
8.8.4.4 - - [21/May/2025:13:12:05 +0000] "DELETE /api/v1/products HTTP/1.1" 500 2406 "https://www.facebook.com" "Mozilla/5.0 (Macintosh; Intel Mac OS X 10_15_7) AppleWebKit/605.1.15 (KHTML, like Gecko) Version/14.1.1 Safari/605.1.15"
8.8.8.8 - - [21/May/2025:13:12:07 +0000] "GET /api/v1/users HTTP/2.0" 200 307 "https://www.google.com" "Mozilla/5.0 (iPhone; CPU iPhone OS 14_6 like Mac OS X) AppleWebKit/605.1.15 (KHTML, like Gecko) Version/14.0 Mobile/15E148 Safari/604.1"
192.168.1.1 - - [21/May/2025:13:12:07 +0000] "GET /services.html HTTP/1.1" 400 3429 "https://www.facebook.com" "Mozilla/5.0 (X11; Linux x86_64; rv:89.0) Gecko/20100101 Firefox/89.0"
192.168.1.1 - - [21/May/2025:13:12:07 +0000] "PUT /js/app.js HTTP/1.0" 403 2347 "https://www.bing.com" "Mozilla/5.0 (X11; Linux x86_64; rv:89.0) Gecko/20100101 Firefox/89.0"
8.8.4.4 - - [21/May/2025:13:12:09 +0000] "PUT /js/app.js HTTP/1.0" 304 2786 "-" "Mozilla/5.0 (compatible; Googlebot/2.1; +http://www.google.com/bot.html)"
192.168.1.2 - - [21/May/2025:13:12:12 +0000] "GET /about.html HTTP/1.1" 200 5891 "https://www.linkedin.com" "Mozilla/5.0 (iPhone; CPU iPhone OS 14_6 like Mac OS X) AppleWebKit/605.1.15 (KHTML, like Gecko) Version/14.0 Mobile/15E148 Safari/604.1"
192.168.1.1 - - [21/May/2025:13:12:14 +0000] "GET /index.html HTTP/2.0" 302 8976 "https://www.bing.com" "Mozilla/5.0 (X11; Linux x86_64; rv:89.0) Gecko/20100101 Firefox/89.0"
192.168.1.5 - - [21/May/2025:13:12:14 +0000] "POST /services.html HTTP/1.0" 200 9718 "https://www.facebook.com" "Mozilla/5.0 (Macintosh; Intel Mac OS X 10_15_7) AppleWebKit/605.1.15 (KHTML, like Gecko) Version/14.1.1 Safari/605.1.15"
8.8.4.4 - - [21/May/2025:13:12:14 +0000] "PUT /api/v1/products HTTP/1.0" 304 5672 "https://www.twitter.com" "Mozilla/5.0 (Macintosh; Intel Mac OS X 10_15_7) AppleWebKit/605.1.15 (KHTML, like Gecko) Version/14.1.1 Safari/605.1.15"
8.8.4.4 - - [21/May/2025:13:12:14 +0000] "POST /js/app.js HTTP/1.1" 401 6698 "https://www.facebook.com" "Mozilla/5.0 (Windows NT 10.0; Win64; x64) AppleWebKit/537.36 (KHTML, like Gecko) Chrome/91.0.4472.124 Safari/537.36"
192.168.1.3 - - [21/May/2025:13:12:14 +0000] "PUT /index.html HTTP/1.0" 200 5004 "-" "Mozilla/5.0 (Macintosh; Intel Mac OS X 10_15_7) AppleWebKit/605.1.15 (KHTML, like Gecko) Version/14.1.1 Safari/605.1.15"
192.168.1.1 - - [21/May/2025:13:12:15 +0000] "DELETE /about.html HTTP/2.0" 200 6219 "https://www.twitter.com" "Mozilla/5.0 (Macintosh; Intel Mac OS X 10_15_7) AppleWebKit/605.1.15 (KHTML, like Gecko) Version/14.1.1 Safari/605.1.15"
10.0.0.1 - - [21/May/2025:13:12:15 +0000] "POST /about.html HTTP/1.0" 304 5729 "https://www.twitter.com" "Mozilla/5.0 (Windows NT 10.0; Win64; x64) AppleWebKit/537.36 (KHTML, like Gecko) Chrome/91.0.4472.124 Safari/537.36"
192.168.1.4 - - [21/May/2025:13:12:18 +0000] "POST /services.html HTTP/1.1" 401 1217 "https://www.twitter.com" "Mozilla/5.0 (compatible; Googlebot/2.1; +http://www.google.com/bot.html)"
10.0.0.2 - - [21/May/2025:13:12:18 +0000] "DELETE /contact.html HTTP/1.1" 500 9182 "-" "Mozilla/5.0 (Macintosh; Intel Mac OS X 10_15_7) AppleWebKit/605.1.15 (KHTML, like Gecko) Version/14.1.1 Safari/605.1.15"
192.168.1.4 - - [21/May/2025:13:12:21 +0000] "GET /images/logo.png HTTP/1.1" 400 3402 "-" "Mozilla/5.0 (compatible; Googlebot/2.1; +http://www.google.com/bot.html)"
192.168.1.3 - - [21/May/2025:13:12:22 +0000] "PUT /api/v1/products HTTP/2.0" 500 9240 "https://www.bing.com" "Mozilla/5.0 (X11; Linux x86_64; rv:89.0) Gecko/20100101 Firefox/89.0"
172.16.0.1 - - [21/May/2025:13:12:22 +0000] "POST /images/logo.png HTTP/2.0" 404 7062 "-" "Mozilla/5.0 (Macintosh; Intel Mac OS X 10_15_7) AppleWebKit/605.1.15 (KHTML, like Gecko) Version/14.1.1 Safari/605.1.15"
10.0.0.1 - - [21/May/2025:13:12:22 +0000] "GET /services.html HTTP/1.1" 404 1438 "https://www.bing.com" "Mozilla/5.0 (Windows NT 10.0; Win64; x64) AppleWebKit/537.36 (KHTML, like Gecko) Chrome/91.0.4472.124 Safari/537.36"
8.8.4.4 - - [21/May/2025:13:12:22 +0000] "GET /js/app.js HTTP/2.0" 500 4160 "-" "Mozilla/5.0 (compatible; Googlebot/2.1; +http://www.google.com/bot.html)"
10.0.0.1 - - [21/May/2025:13:12:22 +0000] "GET /products.html HTTP/1.1" 301 4110 "https://www.linkedin.com" "Mozilla/5.0 (Windows NT 10.0; Win64; x64) AppleWebKit/537.36 (KHTML, like Gecko) Chrome/91.0.4472.124 Safari/537.36"
192.168.1.5 - - [21/May/2025:13:12:25 +0000] "DELETE /api/v1/users HTTP/2.0" 200 6440 "https://www.linkedin.com" "Mozilla/5.0 (iPhone; CPU iPhone OS 14_6 like Mac OS X) AppleWebKit/605.1.15 (KHTML, like Gecko) Version/14.0 Mobile/15E148 Safari/604.1"
10.0.0.2 - - [21/May/2025:13:12:25 +0000] "GET /contact.html HTTP/1.1" 401 3438 "https://www.google.com" "Mozilla/5.0 (X11; Linux x86_64; rv:89.0) Gecko/20100101 Firefox/89.0"
192.168.1.1 - - [21/May/2025:13:12:26 +0000] "GET /css/main.css HTTP/1.0" 200 623 "https://www.google.com" "Mozilla/5.0 (X11; Linux x86_64; rv:89.0) Gecko/20100101 Firefox/89.0"
192.168.1.2 - - [21/May/2025:13:12:26 +0000] "PUT /images/logo.png HTTP/1.0" 200 4688 "https://www.linkedin.com" "Mozilla/5.0 (iPhone; CPU iPhone OS 14_6 like Mac OS X) AppleWebKit/605.1.15 (KHTML, like Gecko) Version/14.0 Mobile/15E148 Safari/604.1"
192.168.1.3 - - [21/May/2025:13:12:26 +0000] "PUT /contact.html HTTP/2.0" 403 4633 "https://www.twitter.com" "Mozilla/5.0 (X11; Linux x86_64; rv:89.0) Gecko/20100101 Firefox/89.0"
192.168.1.3 - - [21/May/2025:13:12:26 +0000] "PUT /products.html HTTP/1.1" 404 2618 "https://www.google.com" "Mozilla/5.0 (Macintosh; Intel Mac OS X 10_15_7) AppleWebKit/605.1.15 (KHTML, like Gecko) Version/14.1.1 Safari/605.1.15"
10.0.0.2 - - [21/May/2025:13:12:29 +0000] "PUT /api/v1/users HTTP/1.0" 404 3814 "https://www.bing.com" "Mozilla/5.0 (compatible; Googlebot/2.1; +http://www.google.com/bot.html)"
10.0.0.2 - - [21/May/2025:13:12:29 +0000] "POST /api/v1/products HTTP/1.1" 200 3289 "-" "Mozilla/5.0 (compatible; Googlebot/2.1; +http://www.google.com/bot.html)"
172.16.0.1 - - [21/May/2025:13:12:31 +0000] "GET /api/v1/products HTTP/1.1" 200 7719 "https://www.bing.com" "Mozilla/5.0 (iPhone; CPU iPhone OS 14_6 like Mac OS X) AppleWebKit/605.1.15 (KHTML, like Gecko) Version/14.0 Mobile/15E148 Safari/604.1"
192.168.1.2 - - [21/May/2025:13:12:33 +0000] "POST /api/v1/products HTTP/1.1" 401 5369 "-" "Mozilla/5.0 (Windows NT 10.0; Win64; x64) AppleWebKit/537.36 (KHTML, like Gecko) Chrome/91.0.4472.124 Safari/537.36"
8.8.8.8 - - [21/May/2025:13:12:33 +0000] "POST /js/app.js HTTP/1.0" 400 9421 "https://www.google.com" "Mozilla/5.0 (Macintosh; Intel Mac OS X 10_15_7) AppleWebKit/605.1.15 (KHTML, like Gecko) Version/14.1.1 Safari/605.1.15"
192.168.1.5 - - [21/May/2025:13:12:35 +0000] "DELETE /api/v1/products HTTP/2.0" 200 9844 "https://www.facebook.com" "Mozilla/5.0 (compatible; Googlebot/2.1; +http://www.google.com/bot.html)"
8.8.4.4 - - [21/May/2025:13:12:37 +0000] "PUT /products.html HTTP/1.0" 302 2055 "https://www.google.com" "Mozilla/5.0 (Windows NT 10.0; Win64; x64) AppleWebKit/537.36 (KHTML, like Gecko) Chrome/91.0.4472.124 Safari/537.36"
10.0.0.1 - - [21/May/2025:13:12:37 +0000] "GET /css/main.css HTTP/2.0" 404 4781 "https://www.bing.com" "Mozilla/5.0 (Macintosh; Intel Mac OS X 10_15_7) AppleWebKit/605.1.15 (KHTML, like Gecko) Version/14.1.1 Safari/605.1.15"
192.168.1.5 - - [21/May/2025:13:12:37 +0000] "GET /api/v1/products HTTP/1.1" 200 8142 "https://www.linkedin.com" "Mozilla/5.0 (Windows NT 10.0; Win64; x64) AppleWebKit/537.36 (KHTML, like Gecko) Chrome/91.0.4472.124 Safari/537.36"
192.168.1.3 - - [21/May/2025:13:12:37 +0000] "PUT /api/v1/products HTTP/2.0" 200 8446 "https://www.facebook.com" "Mozilla/5.0 (Windows NT 10.0; Win64; x64) AppleWebKit/537.36 (KHTML, like Gecko) Chrome/91.0.4472.124 Safari/537.36"
192.168.1.5 - - [21/May/2025:13:12:37 +0000] "GET /products.html HTTP/1.0" 304 3930 "https://www.bing.com" "Mozilla/5.0 (Windows NT 10.0; Win64; x64) AppleWebKit/537.36 (KHTML, like Gecko) Chrome/91.0.4472.124 Safari/537.36"
192.168.1.2 - - [21/May/2025:13:12:40 +0000] "GET /js/app.js HTTP/2.0" 301 8373 "https://www.bing.com" "Mozilla/5.0 (compatible; Googlebot/2.1; +http://www.google.com/bot.html)"
192.168.1.4 - - [21/May/2025:13:12:40 +0000] "GET /api/v1/products HTTP/1.1" 400 3291 "https://www.twitter.com" "Mozilla/5.0 (iPhone; CPU iPhone OS 14_6 like Mac OS X) AppleWebKit/605.1.15 (KHTML, like Gecko) Version/14.0 Mobile/15E148 Safari/604.1"
192.168.1.2 - - [21/May/2025:13:12:40 +0000] "DELETE /js/app.js HTTP/2.0" 200 5264 "https://www.linkedin.com" "Mozilla/5.0 (Macintosh; Intel Mac OS X 10_15_7) AppleWebKit/605.1.15 (KHTML, like Gecko) Version/14.1.1 Safari/605.1.15"
10.0.0.2 - - [21/May/2025:13:12:40 +0000] "PUT /api/v1/products HTTP/1.1" 302 319 "https://www.google.com" "Mozilla/5.0 (iPhone; CPU iPhone OS 14_6 like Mac OS X) AppleWebKit/605.1.15 (KHTML, like Gecko) Version/14.0 Mobile/15E148 Safari/604.1"
192.168.1.1 - - [21/May/2025:13:12:40 +0000] "POST /about.html HTTP/1.1" 400 6208 "-" "Mozilla/5.0 (compatible; Googlebot/2.1; +http://www.google.com/bot.html)"
10.0.0.2 - - [21/May/2025:13:12:41 +0000] "POST /css/main.css HTTP/2.0" 200 9889 "https://www.google.com" "Mozilla/5.0 (Windows NT 10.0; Win64; x64) AppleWebKit/537.36 (KHTML, like Gecko) Chrome/91.0.4472.124 Safari/537.36"
172.16.0.1 - - [21/May/2025:13:12:41 +0000] "GET /images/logo.png HTTP/1.1" 301 398 "https://www.facebook.com" "Mozilla/5.0 (X11; Linux x86_64; rv:89.0) Gecko/20100101 Firefox/89.0"
10.0.0.2 - - [21/May/2025:13:12:41 +0000] "POST /services.html HTTP/2.0" 401 493 "https://www.bing.com" "Mozilla/5.0 (Macintosh; Intel Mac OS X 10_15_7) AppleWebKit/605.1.15 (KHTML, like Gecko) Version/14.1.1 Safari/605.1.15"
10.0.0.2 - - [21/May/2025:13:12:43 +0000] "GET /images/logo.png HTTP/1.0" 400 1199 "-" "Mozilla/5.0 (Macintosh; Intel Mac OS X 10_15_7) AppleWebKit/605.1.15 (KHTML, like Gecko) Version/14.1.1 Safari/605.1.15"
172.16.0.1 - - [21/May/2025:13:12:46 +0000] "PUT /contact.html HTTP/1.0" 404 9530 "https://www.facebook.com" "Mozilla/5.0 (Windows NT 10.0; Win64; x64) AppleWebKit/537.36 (KHTML, like Gecko) Chrome/91.0.4472.124 Safari/537.36"
192.168.1.2 - - [21/May/2025:13:12:46 +0000] "PUT /services.html HTTP/1.1" 400 8268 "https://www.linkedin.com" "Mozilla/5.0 (compatible; Googlebot/2.1; +http://www.google.com/bot.html)"
8.8.4.4 - - [21/May/2025:13:12:47 +0000] "GET /about.html HTTP/2.0" 403 2454 "https://www.twitter.com" "Mozilla/5.0 (Windows NT 10.0; Win64; x64) AppleWebKit/537.36 (KHTML, like Gecko) Chrome/91.0.4472.124 Safari/537.36"
8.8.4.4 - - [21/May/2025:13:12:48 +0000] "DELETE /contact.html HTTP/2.0" 500 8479 "https://www.twitter.com" "Mozilla/5.0 (Macintosh; Intel Mac OS X 10_15_7) AppleWebKit/605.1.15 (KHTML, like Gecko) Version/14.1.1 Safari/605.1.15"
192.168.1.3 - - [21/May/2025:13:12:50 +0000] "GET /products.html HTTP/1.1" 200 2851 "https://www.google.com" "Mozilla/5.0 (X11; Linux x86_64; rv:89.0) Gecko/20100101 Firefox/89.0"
192.168.1.3 - - [21/May/2025:13:12:50 +0000] "PUT /images/logo.png HTTP/2.0" 200 3014 "https://www.linkedin.com" "Mozilla/5.0 (Windows NT 10.0; Win64; x64) AppleWebKit/537.36 (KHTML, like Gecko) Chrome/91.0.4472.124 Safari/537.36"
192.168.1.3 - - [21/May/2025:13:12:50 +0000] "PUT /api/v1/users HTTP/2.0" 500 4863 "-" "Mozilla/5.0 (iPhone; CPU iPhone OS 14_6 like Mac OS X) AppleWebKit/605.1.15 (KHTML, like Gecko) Version/14.0 Mobile/15E148 Safari/604.1"
10.0.0.2 - - [21/May/2025:13:12:53 +0000] "POST /contact.html HTTP/1.1" 200 6445 "https://www.facebook.com" "Mozilla/5.0 (compatible; Googlebot/2.1; +http://www.google.com/bot.html)"
192.168.1.3 - - [21/May/2025:13:12:56 +0000] "DELETE /images/logo.png HTTP/2.0" 401 1159 "https://www.bing.com" "Mozilla/5.0 (compatible; Googlebot/2.1; +http://www.google.com/bot.html)"
10.0.0.1 - - [21/May/2025:13:12:56 +0000] "POST /api/v1/users HTTP/2.0" 403 7597 "https://www.facebook.com" "Mozilla/5.0 (X11; Linux x86_64; rv:89.0) Gecko/20100101 Firefox/89.0"
172.16.0.1 - - [21/May/2025:13:12:56 +0000] "DELETE /contact.html HTTP/1.0" 500 2244 "-" "Mozilla/5.0 (compatible; Googlebot/2.1; +http://www.google.com/bot.html)"
192.168.1.1 - - [21/May/2025:13:12:56 +0000] "GET /contact.html HTTP/1.1" 200 7465 "https://www.facebook.com" "Mozilla/5.0 (Windows NT 10.0; Win64; x64) AppleWebKit/537.36 (KHTML, like Gecko) Chrome/91.0.4472.124 Safari/537.36"
192.168.1.4 - - [21/May/2025:13:12:56 +0000] "DELETE /index.html HTTP/1.1" 200 1568 "https://www.twitter.com" "Mozilla/5.0 (Macintosh; Intel Mac OS X 10_15_7) AppleWebKit/605.1.15 (KHTML, like Gecko) Version/14.1.1 Safari/605.1.15"
192.168.1.2 - - [21/May/2025:13:12:59 +0000] "PUT /index.html HTTP/2.0" 200 5591 "https://www.linkedin.com" "Mozilla/5.0 (Macintosh; Intel Mac OS X 10_15_7) AppleWebKit/605.1.15 (KHTML, like Gecko) Version/14.1.1 Safari/605.1.15"
192.168.1.3 - - [21/May/2025:13:12:59 +0000] "POST /about.html HTTP/1.1" 404 8242 "https://www.linkedin.com" "Mozilla/5.0 (iPhone; CPU iPhone OS 14_6 like Mac OS X) AppleWebKit/605.1.15 (KHTML, like Gecko) Version/14.0 Mobile/15E148 Safari/604.1"
172.16.0.1 - - [21/May/2025:13:13:02 +0000] "GET /index.html HTTP/2.0" 304 7763 "https://www.bing.com" "Mozilla/5.0 (Windows NT 10.0; Win64; x64) AppleWebKit/537.36 (KHTML, like Gecko) Chrome/91.0.4472.124 Safari/537.36"
8.8.8.8 - - [21/May/2025:13:13:02 +0000] "GET /index.html HTTP/2.0" 500 7799 "https://www.bing.com" "Mozilla/5.0 (Macintosh; Intel Mac OS X 10_15_7) AppleWebKit/605.1.15 (KHTML, like Gecko) Version/14.1.1 Safari/605.1.15"
192.168.1.1 - - [21/May/2025:13:13:02 +0000] "DELETE /js/app.js HTTP/2.0" 500 1328 "https://www.bing.com" "Mozilla/5.0 (iPhone; CPU iPhone OS 14_6 like Mac OS X) AppleWebKit/605.1.15 (KHTML, like Gecko) Version/14.0 Mobile/15E148 Safari/604.1"
10.0.0.1 - - [21/May/2025:13:13:03 +0000] "POST /index.html HTTP/1.1" 302 3721 "https://www.linkedin.com" "Mozilla/5.0 (compatible; Googlebot/2.1; +http://www.google.com/bot.html)"
192.168.1.5 - - [21/May/2025:13:13:03 +0000] "PUT /css/main.css HTTP/2.0" 301 2629 "https://www.linkedin.com" "Mozilla/5.0 (iPhone; CPU iPhone OS 14_6 like Mac OS X) AppleWebKit/605.1.15 (KHTML, like Gecko) Version/14.0 Mobile/15E148 Safari/604.1"
10.0.0.2 - - [21/May/2025:13:13:03 +0000] "PUT /images/logo.png HTTP/2.0" 403 9649 "https://www.bing.com" "Mozilla/5.0 (Windows NT 10.0; Win64; x64) AppleWebKit/537.36 (KHTML, like Gecko) Chrome/91.0.4472.124 Safari/537.36"
8.8.4.4 - - [21/May/2025:13:13:03 +0000] "GET /js/app.js HTTP/2.0" 301 6309 "https://www.bing.com" "Mozilla/5.0 (iPhone; CPU iPhone OS 14_6 like Mac OS X) AppleWebKit/605.1.15 (KHTML, like Gecko) Version/14.0 Mobile/15E148 Safari/604.1"
192.168.1.1 - - [21/May/2025:13:13:06 +0000] "DELETE /api/v1/users HTTP/1.0" 400 8463 "https://www.bing.com" "Mozilla/5.0 (X11; Linux x86_64; rv:89.0) Gecko/20100101 Firefox/89.0"
192.168.1.4 - - [21/May/2025:13:13:09 +0000] "POST /api/v1/users HTTP/1.0" 401 2471 "-" "Mozilla/5.0 (X11; Linux x86_64; rv:89.0) Gecko/20100101 Firefox/89.0"
192.168.1.2 - - [21/May/2025:13:13:09 +0000] "PUT /api/v1/users HTTP/1.1" 200 731 "-" "Mozilla/5.0 (X11; Linux x86_64; rv:89.0) Gecko/20100101 Firefox/89.0"
192.168.1.2 - - [21/May/2025:13:13:12 +0000] "PUT /api/v1/users HTTP/1.0" 200 4306 "https://www.google.com" "Mozilla/5.0 (iPhone; CPU iPhone OS 14_6 like Mac OS X) AppleWebKit/605.1.15 (KHTML, like Gecko) Version/14.0 Mobile/15E148 Safari/604.1"
192.168.1.5 - - [21/May/2025:13:13:14 +0000] "DELETE /products.html HTTP/1.0" 400 3438 "https://www.bing.com" "Mozilla/5.0 (Windows NT 10.0; Win64; x64) AppleWebKit/537.36 (KHTML, like Gecko) Chrome/91.0.4472.124 Safari/537.36"
10.0.0.2 - - [21/May/2025:13:13:14 +0000] "POST /about.html HTTP/1.1" 500 4936 "-" "Mozilla/5.0 (Macintosh; Intel Mac OS X 10_15_7) AppleWebKit/605.1.15 (KHTML, like Gecko) Version/14.1.1 Safari/605.1.15"
192.168.1.1 - - [21/May/2025:13:13:14 +0000] "GET /index.html HTTP/2.0" 200 1330 "-" "Mozilla/5.0 (Macintosh; Intel Mac OS X 10_15_7) AppleWebKit/605.1.15 (KHTML, like Gecko) Version/14.1.1 Safari/605.1.15"
172.16.0.1 - - [21/May/2025:13:13:14 +0000] "DELETE /products.html HTTP/1.1" 403 6510 "-" "Mozilla/5.0 (compatible; Googlebot/2.1; +http://www.google.com/bot.html)"
192.168.1.2 - - [21/May/2025:13:13:15 +0000] "DELETE /products.html HTTP/1.0" 500 9966 "https://www.facebook.com" "Mozilla/5.0 (X11; Linux x86_64; rv:89.0) Gecko/20100101 Firefox/89.0"
192.168.1.4 - - [21/May/2025:13:13:15 +0000] "DELETE /api/v1/products HTTP/1.0" 403 2568 "https://www.twitter.com" "Mozilla/5.0 (iPhone; CPU iPhone OS 14_6 like Mac OS X) AppleWebKit/605.1.15 (KHTML, like Gecko) Version/14.0 Mobile/15E148 Safari/604.1"
8.8.4.4 - - [21/May/2025:13:13:15 +0000] "GET /js/app.js HTTP/1.1" 200 2096 "https://www.twitter.com" "Mozilla/5.0 (X11; Linux x86_64; rv:89.0) Gecko/20100101 Firefox/89.0"
192.168.1.4 - - [21/May/2025:13:13:15 +0000] "PUT /index.html HTTP/2.0" 200 3630 "https://www.google.com" "Mozilla/5.0 (X11; Linux x86_64; rv:89.0) Gecko/20100101 Firefox/89.0"
8.8.8.8 - - [21/May/2025:13:13:15 +0000] "POST /api/v1/users HTTP/2.0" 401 4903 "https://www.google.com" "Mozilla/5.0 (Macintosh; Intel Mac OS X 10_15_7) AppleWebKit/605.1.15 (KHTML, like Gecko) Version/14.1.1 Safari/605.1.15"
192.168.1.3 - - [21/May/2025:13:13:18 +0000] "POST /services.html HTTP/2.0" 200 4765 "https://www.twitter.com" "Mozilla/5.0 (compatible; Googlebot/2.1; +http://www.google.com/bot.html)"
192.168.1.4 - - [21/May/2025:13:13:18 +0000] "POST /images/logo.png HTTP/2.0" 200 3547 "https://www.facebook.com" "Mozilla/5.0 (Macintosh; Intel Mac OS X 10_15_7) AppleWebKit/605.1.15 (KHTML, like Gecko) Version/14.1.1 Safari/605.1.15"
192.168.1.1 - - [21/May/2025:13:13:18 +0000] "PUT /images/logo.png HTTP/2.0" 200 6747 "https://www.linkedin.com" "Mozilla/5.0 (X11; Linux x86_64; rv:89.0) Gecko/20100101 Firefox/89.0"
172.16.0.1 - - [21/May/2025:13:13:18 +0000] "PUT /api/v1/products HTTP/1.1" 400 3151 "https://www.twitter.com" "Mozilla/5.0 (compatible; Googlebot/2.1; +http://www.google.com/bot.html)"
8.8.8.8 - - [21/May/2025:13:13:18 +0000] "POST /api/v1/products HTTP/1.0" 200 2238 "https://www.linkedin.com" "Mozilla/5.0 (Windows NT 10.0; Win64; x64) AppleWebKit/537.36 (KHTML, like Gecko) Chrome/91.0.4472.124 Safari/537.36"
192.168.1.4 - - [21/May/2025:13:13:19 +0000] "POST /index.html HTTP/1.1" 401 2120 "https://www.google.com" "Mozilla/5.0 (Macintosh; Intel Mac OS X 10_15_7) AppleWebKit/605.1.15 (KHTML, like Gecko) Version/14.1.1 Safari/605.1.15"
8.8.4.4 - - [21/May/2025:13:13:19 +0000] "DELETE /js/app.js HTTP/1.1" 401 7576 "https://www.bing.com" "Mozilla/5.0 (X11; Linux x86_64; rv:89.0) Gecko/20100101 Firefox/89.0"
172.16.0.1 - - [21/May/2025:13:13:22 +0000] "POST /api/v1/products HTTP/2.0" 404 6816 "https://www.facebook.com" "Mozilla/5.0 (compatible; Googlebot/2.1; +http://www.google.com/bot.html)"
10.0.0.2 - - [21/May/2025:13:13:22 +0000] "POST /index.html HTTP/2.0" 500 2716 "-" "Mozilla/5.0 (Macintosh; Intel Mac OS X 10_15_7) AppleWebKit/605.1.15 (KHTML, like Gecko) Version/14.1.1 Safari/605.1.15"
192.168.1.2 - - [21/May/2025:13:13:22 +0000] "GET /products.html HTTP/2.0" 200 4092 "https://www.google.com" "Mozilla/5.0 (Windows NT 10.0; Win64; x64) AppleWebKit/537.36 (KHTML, like Gecko) Chrome/91.0.4472.124 Safari/537.36"
10.0.0.1 - - [21/May/2025:13:13:22 +0000] "GET /js/app.js HTTP/1.1" 404 8281 "https://www.google.com" "Mozilla/5.0 (X11; Linux x86_64; rv:89.0) Gecko/20100101 Firefox/89.0"
192.168.1.4 - - [21/May/2025:13:13:25 +0000] "GET /images/logo.png HTTP/1.1" 404 2082 "https://www.google.com" "Mozilla/5.0 (Macintosh; Intel Mac OS X 10_15_7) AppleWebKit/605.1.15 (KHTML, like Gecko) Version/14.1.1 Safari/605.1.15"
192.168.1.3 - - [21/May/2025:13:13:25 +0000] "GET /css/main.css HTTP/1.1" 200 1260 "-" "Mozilla/5.0 (X11; Linux x86_64; rv:89.0) Gecko/20100101 Firefox/89.0"
8.8.4.4 - - [21/May/2025:13:13:25 +0000] "GET /css/main.css HTTP/1.1" 200 2073 "https://www.google.com" "Mozilla/5.0 (Windows NT 10.0; Win64; x64) AppleWebKit/537.36 (KHTML, like Gecko) Chrome/91.0.4472.124 Safari/537.36"
192.168.1.2 - - [21/May/2025:13:13:25 +0000] "DELETE /api/v1/users HTTP/1.1" 400 1196 "https://www.twitter.com" "Mozilla/5.0 (X11; Linux x86_64; rv:89.0) Gecko/20100101 Firefox/89.0"
8.8.4.4 - - [21/May/2025:13:13:28 +0000] "DELETE /api/v1/users HTTP/1.0" 301 10044 "https://www.linkedin.com" "Mozilla/5.0 (Macintosh; Intel Mac OS X 10_15_7) AppleWebKit/605.1.15 (KHTML, like Gecko) Version/14.1.1 Safari/605.1.15"
192.168.1.2 - - [21/May/2025:13:13:28 +0000] "POST /about.html HTTP/1.0" 200 5988 "https://www.google.com" "Mozilla/5.0 (X11; Linux x86_64; rv:89.0) Gecko/20100101 Firefox/89.0"
192.168.1.4 - - [21/May/2025:13:13:28 +0000] "GET /products.html HTTP/1.1" 200 2631 "https://www.facebook.com" "Mozilla/5.0 (compatible; Googlebot/2.1; +http://www.google.com/bot.html)"
8.8.4.4 - - [21/May/2025:13:13:30 +0000] "DELETE /api/v1/products HTTP/1.1" 400 4774 "https://www.bing.com" "Mozilla/5.0 (Windows NT 10.0; Win64; x64) AppleWebKit/537.36 (KHTML, like Gecko) Chrome/91.0.4472.124 Safari/537.36"
192.168.1.5 - - [21/May/2025:13:13:33 +0000] "GET /contact.html HTTP/1.1" 200 4743 "https://www.google.com" "Mozilla/5.0 (X11; Linux x86_64; rv:89.0) Gecko/20100101 Firefox/89.0"
192.168.1.2 - - [21/May/2025:13:13:33 +0000] "PUT /js/app.js HTTP/1.0" 500 6678 "https://www.facebook.com" "Mozilla/5.0 (compatible; Googlebot/2.1; +http://www.google.com/bot.html)"
192.168.1.3 - - [21/May/2025:13:13:35 +0000] "POST /products.html HTTP/1.1" 200 6344 "https://www.linkedin.com" "Mozilla/5.0 (Macintosh; Intel Mac OS X 10_15_7) AppleWebKit/605.1.15 (KHTML, like Gecko) Version/14.1.1 Safari/605.1.15"
10.0.0.2 - - [21/May/2025:13:13:36 +0000] "GET /contact.html HTTP/2.0" 500 9698 "https://www.twitter.com" "Mozilla/5.0 (X11; Linux x86_64; rv:89.0) Gecko/20100101 Firefox/89.0"
10.0.0.2 - - [21/May/2025:13:13:36 +0000] "POST /api/v1/users HTTP/1.0" 200 1531 "https://www.twitter.com" "Mozilla/5.0 (compatible; Googlebot/2.1; +http://www.google.com/bot.html)"
192.168.1.4 - - [21/May/2025:13:13:39 +0000] "POST /about.html HTTP/1.0" 400 7905 "https://www.google.com" "Mozilla/5.0 (Macintosh; Intel Mac OS X 10_15_7) AppleWebKit/605.1.15 (KHTML, like Gecko) Version/14.1.1 Safari/605.1.15"
192.168.1.5 - - [21/May/2025:13:13:39 +0000] "DELETE /api/v1/users HTTP/1.0" 304 10054 "https://www.twitter.com" "Mozilla/5.0 (Windows NT 10.0; Win64; x64) AppleWebKit/537.36 (KHTML, like Gecko) Chrome/91.0.4472.124 Safari/537.36"
192.168.1.4 - - [21/May/2025:13:13:40 +0000] "POST /services.html HTTP/1.1" 302 9387 "-" "Mozilla/5.0 (iPhone; CPU iPhone OS 14_6 like Mac OS X) AppleWebKit/605.1.15 (KHTML, like Gecko) Version/14.0 Mobile/15E148 Safari/604.1"
10.0.0.1 - - [21/May/2025:13:13:40 +0000] "PUT /products.html HTTP/2.0" 400 7093 "https://www.facebook.com" "Mozilla/5.0 (Windows NT 10.0; Win64; x64) AppleWebKit/537.36 (KHTML, like Gecko) Chrome/91.0.4472.124 Safari/537.36"
192.168.1.4 - - [21/May/2025:13:13:40 +0000] "PUT /images/logo.png HTTP/2.0" 200 5389 "https://www.twitter.com" "Mozilla/5.0 (compatible; Googlebot/2.1; +http://www.google.com/bot.html)"
192.168.1.3 - - [21/May/2025:13:13:43 +0000] "POST /contact.html HTTP/2.0" 200 2214 "https://www.facebook.com" "Mozilla/5.0 (iPhone; CPU iPhone OS 14_6 like Mac OS X) AppleWebKit/605.1.15 (KHTML, like Gecko) Version/14.0 Mobile/15E148 Safari/604.1"
10.0.0.1 - - [21/May/2025:13:13:43 +0000] "PUT /images/logo.png HTTP/1.0" 200 129 "-" "Mozilla/5.0 (Windows NT 10.0; Win64; x64) AppleWebKit/537.36 (KHTML, like Gecko) Chrome/91.0.4472.124 Safari/537.36"
172.16.0.1 - - [21/May/2025:13:13:43 +0000] "POST /index.html HTTP/1.0" 200 6496 "-" "Mozilla/5.0 (X11; Linux x86_64; rv:89.0) Gecko/20100101 Firefox/89.0"
192.168.1.4 - - [21/May/2025:13:13:43 +0000] "DELETE /services.html HTTP/2.0" 500 2842 "-" "Mozilla/5.0 (Windows NT 10.0; Win64; x64) AppleWebKit/537.36 (KHTML, like Gecko) Chrome/91.0.4472.124 Safari/537.36"
192.168.1.2 - - [21/May/2025:13:13:44 +0000] "POST /css/main.css HTTP/1.0" 200 7897 "-" "Mozilla/5.0 (iPhone; CPU iPhone OS 14_6 like Mac OS X) AppleWebKit/605.1.15 (KHTML, like Gecko) Version/14.0 Mobile/15E148 Safari/604.1"
192.168.1.5 - - [21/May/2025:13:13:44 +0000] "DELETE /css/main.css HTTP/1.1" 304 912 "https://www.google.com" "Mozilla/5.0 (X11; Linux x86_64; rv:89.0) Gecko/20100101 Firefox/89.0"
10.0.0.1 - - [21/May/2025:13:13:44 +0000] "GET /images/logo.png HTTP/1.0" 404 6117 "https://www.facebook.com" "Mozilla/5.0 (Windows NT 10.0; Win64; x64) AppleWebKit/537.36 (KHTML, like Gecko) Chrome/91.0.4472.124 Safari/537.36"
8.8.8.8 - - [21/May/2025:13:13:46 +0000] "POST /about.html HTTP/1.0" 500 4570 "-" "Mozilla/5.0 (Windows NT 10.0; Win64; x64) AppleWebKit/537.36 (KHTML, like Gecko) Chrome/91.0.4472.124 Safari/537.36"
192.168.1.1 - - [21/May/2025:13:13:46 +0000] "POST /contact.html HTTP/1.1" 200 368 "https://www.facebook.com" "Mozilla/5.0 (Macintosh; Intel Mac OS X 10_15_7) AppleWebKit/605.1.15 (KHTML, like Gecko) Version/14.1.1 Safari/605.1.15"
192.168.1.1 - - [21/May/2025:13:13:46 +0000] "GET /js/app.js HTTP/1.0" 200 5998 "-" "Mozilla/5.0 (compatible; Googlebot/2.1; +http://www.google.com/bot.html)"
192.168.1.1 - - [21/May/2025:13:13:46 +0000] "PUT /api/v1/users HTTP/1.1" 200 1951 "-" "Mozilla/5.0 (iPhone; CPU iPhone OS 14_6 like Mac OS X) AppleWebKit/605.1.15 (KHTML, like Gecko) Version/14.0 Mobile/15E148 Safari/604.1"
8.8.4.4 - - [21/May/2025:13:13:46 +0000] "GET /services.html HTTP/1.1" 404 9624 "-" "Mozilla/5.0 (X11; Linux x86_64; rv:89.0) Gecko/20100101 Firefox/89.0"
192.168.1.2 - - [21/May/2025:13:13:48 +0000] "DELETE /about.html HTTP/1.1" 304 7827 "https://www.facebook.com" "Mozilla/5.0 (iPhone; CPU iPhone OS 14_6 like Mac OS X) AppleWebKit/605.1.15 (KHTML, like Gecko) Version/14.0 Mobile/15E148 Safari/604.1"
172.16.0.1 - - [21/May/2025:13:13:48 +0000] "PUT /contact.html HTTP/2.0" 403 5927 "https://www.twitter.com" "Mozilla/5.0 (compatible; Googlebot/2.1; +http://www.google.com/bot.html)"
10.0.0.1 - - [21/May/2025:13:13:48 +0000] "PUT /products.html HTTP/1.0" 200 2711 "https://www.google.com" "Mozilla/5.0 (Macintosh; Intel Mac OS X 10_15_7) AppleWebKit/605.1.15 (KHTML, like Gecko) Version/14.1.1 Safari/605.1.15"
8.8.4.4 - - [21/May/2025:13:13:48 +0000] "GET /images/logo.png HTTP/1.1" 200 747 "https://www.google.com" "Mozilla/5.0 (Macintosh; Intel Mac OS X 10_15_7) AppleWebKit/605.1.15 (KHTML, like Gecko) Version/14.1.1 Safari/605.1.15"
192.168.1.5 - - [21/May/2025:13:13:48 +0000] "GET /index.html HTTP/1.0" 200 5379 "-" "Mozilla/5.0 (iPhone; CPU iPhone OS 14_6 like Mac OS X) AppleWebKit/605.1.15 (KHTML, like Gecko) Version/14.0 Mobile/15E148 Safari/604.1"
10.0.0.1 - - [21/May/2025:13:13:50 +0000] "GET /about.html HTTP/1.1" 400 2090 "-" "Mozilla/5.0 (X11; Linux x86_64; rv:89.0) Gecko/20100101 Firefox/89.0"
10.0.0.2 - - [21/May/2025:13:13:50 +0000] "PUT /about.html HTTP/2.0" 400 6412 "https://www.twitter.com" "Mozilla/5.0 (Macintosh; Intel Mac OS X 10_15_7) AppleWebKit/605.1.15 (KHTML, like Gecko) Version/14.1.1 Safari/605.1.15"
192.168.1.2 - - [21/May/2025:13:13:50 +0000] "POST /js/app.js HTTP/1.0" 304 8660 "https://www.linkedin.com" "Mozilla/5.0 (compatible; Googlebot/2.1; +http://www.google.com/bot.html)"
192.168.1.4 - - [21/May/2025:13:13:53 +0000] "DELETE /images/logo.png HTTP/1.1" 401 2530 "-" "Mozilla/5.0 (Windows NT 10.0; Win64; x64) AppleWebKit/537.36 (KHTML, like Gecko) Chrome/91.0.4472.124 Safari/537.36"
10.0.0.1 - - [21/May/2025:13:13:53 +0000] "GET /contact.html HTTP/1.1" 200 2849 "https://www.linkedin.com" "Mozilla/5.0 (iPhone; CPU iPhone OS 14_6 like Mac OS X) AppleWebKit/605.1.15 (KHTML, like Gecko) Version/14.0 Mobile/15E148 Safari/604.1"
192.168.1.2 - - [21/May/2025:13:13:53 +0000] "GET /index.html HTTP/1.0" 200 6974 "https://www.google.com" "Mozilla/5.0 (Windows NT 10.0; Win64; x64) AppleWebKit/537.36 (KHTML, like Gecko) Chrome/91.0.4472.124 Safari/537.36"
192.168.1.2 - - [21/May/2025:13:13:56 +0000] "GET /css/main.css HTTP/2.0" 500 267 "https://www.google.com" "Mozilla/5.0 (Windows NT 10.0; Win64; x64) AppleWebKit/537.36 (KHTML, like Gecko) Chrome/91.0.4472.124 Safari/537.36"
192.168.1.2 - - [21/May/2025:13:13:56 +0000] "DELETE /index.html HTTP/1.0" 404 9632 "-" "Mozilla/5.0 (compatible; Googlebot/2.1; +http://www.google.com/bot.html)"
192.168.1.3 - - [21/May/2025:13:13:56 +0000] "DELETE /products.html HTTP/1.0" 200 2226 "-" "Mozilla/5.0 (Macintosh; Intel Mac OS X 10_15_7) AppleWebKit/605.1.15 (KHTML, like Gecko) Version/14.1.1 Safari/605.1.15"
192.168.1.2 - - [21/May/2025:13:13:58 +0000] "DELETE /index.html HTTP/1.0" 302 2980 "https://www.linkedin.com" "Mozilla/5.0 (compatible; Googlebot/2.1; +http://www.google.com/bot.html)"
192.168.1.2 - - [21/May/2025:13:13:58 +0000] "DELETE /contact.html HTTP/1.1" 200 8410 "https://www.linkedin.com" "Mozilla/5.0 (Macintosh; Intel Mac OS X 10_15_7) AppleWebKit/605.1.15 (KHTML, like Gecko) Version/14.1.1 Safari/605.1.15"
192.168.1.3 - - [21/May/2025:13:13:58 +0000] "PUT /css/main.css HTTP/1.1" 200 3158 "https://www.google.com" "Mozilla/5.0 (X11; Linux x86_64; rv:89.0) Gecko/20100101 Firefox/89.0"
192.168.1.2 - - [21/May/2025:13:14:01 +0000] "PUT /css/main.css HTTP/2.0" 200 4246 "https://www.facebook.com" "Mozilla/5.0 (iPhone; CPU iPhone OS 14_6 like Mac OS X) AppleWebKit/605.1.15 (KHTML, like Gecko) Version/14.0 Mobile/15E148 Safari/604.1"
172.16.0.1 - - [21/May/2025:13:14:01 +0000] "DELETE /images/logo.png HTTP/1.1" 401 4613 "https://www.google.com" "Mozilla/5.0 (compatible; Googlebot/2.1; +http://www.google.com/bot.html)"
10.0.0.1 - - [21/May/2025:13:14:01 +0000] "PUT /index.html HTTP/1.1" 304 8415 "https://www.google.com" "Mozilla/5.0 (Macintosh; Intel Mac OS X 10_15_7) AppleWebKit/605.1.15 (KHTML, like Gecko) Version/14.1.1 Safari/605.1.15"
172.16.0.1 - - [21/May/2025:13:14:01 +0000] "POST /products.html HTTP/2.0" 403 5214 "https://www.linkedin.com" "Mozilla/5.0 (iPhone; CPU iPhone OS 14_6 like Mac OS X) AppleWebKit/605.1.15 (KHTML, like Gecko) Version/14.0 Mobile/15E148 Safari/604.1"
192.168.1.4 - - [21/May/2025:13:14:03 +0000] "PUT /css/main.css HTTP/2.0" 404 2822 "https://www.linkedin.com" "Mozilla/5.0 (compatible; Googlebot/2.1; +http://www.google.com/bot.html)"
192.168.1.4 - - [21/May/2025:13:14:04 +0000] "GET /api/v1/products HTTP/1.1" 404 8106 "https://www.facebook.com" "Mozilla/5.0 (compatible; Googlebot/2.1; +http://www.google.com/bot.html)"
10.0.0.2 - - [21/May/2025:13:14:04 +0000] "DELETE /api/v1/users HTTP/1.0" 200 4586 "-" "Mozilla/5.0 (iPhone; CPU iPhone OS 14_6 like Mac OS X) AppleWebKit/605.1.15 (KHTML, like Gecko) Version/14.0 Mobile/15E148 Safari/604.1"
172.16.0.1 - - [21/May/2025:13:14:07 +0000] "DELETE /api/v1/users HTTP/1.0" 200 2586 "https://www.linkedin.com" "Mozilla/5.0 (X11; Linux x86_64; rv:89.0) Gecko/20100101 Firefox/89.0"
8.8.4.4 - - [21/May/2025:13:14:07 +0000] "POST /products.html HTTP/2.0" 404 6350 "https://www.bing.com" "Mozilla/5.0 (iPhone; CPU iPhone OS 14_6 like Mac OS X) AppleWebKit/605.1.15 (KHTML, like Gecko) Version/14.0 Mobile/15E148 Safari/604.1"
192.168.1.5 - - [21/May/2025:13:14:07 +0000] "POST /api/v1/products HTTP/1.1" 200 5658 "-" "Mozilla/5.0 (Windows NT 10.0; Win64; x64) AppleWebKit/537.36 (KHTML, like Gecko) Chrome/91.0.4472.124 Safari/537.36"
192.168.1.4 - - [21/May/2025:13:14:10 +0000] "DELETE /images/logo.png HTTP/2.0" 200 7764 "https://www.bing.com" "Mozilla/5.0 (Windows NT 10.0; Win64; x64) AppleWebKit/537.36 (KHTML, like Gecko) Chrome/91.0.4472.124 Safari/537.36"
172.16.0.1 - - [21/May/2025:13:14:12 +0000] "PUT /api/v1/products HTTP/2.0" 200 112 "https://www.facebook.com" "Mozilla/5.0 (Macintosh; Intel Mac OS X 10_15_7) AppleWebKit/605.1.15 (KHTML, like Gecko) Version/14.1.1 Safari/605.1.15"
8.8.4.4 - - [21/May/2025:13:14:12 +0000] "PUT /api/v1/products HTTP/1.1" 401 8173 "-" "Mozilla/5.0 (Macintosh; Intel Mac OS X 10_15_7) AppleWebKit/605.1.15 (KHTML, like Gecko) Version/14.1.1 Safari/605.1.15"
192.168.1.2 - - [21/May/2025:13:14:12 +0000] "GET /js/app.js HTTP/2.0" 500 4489 "https://www.google.com" "Mozilla/5.0 (Windows NT 10.0; Win64; x64) AppleWebKit/537.36 (KHTML, like Gecko) Chrome/91.0.4472.124 Safari/537.36"
192.168.1.5 - - [21/May/2025:13:14:12 +0000] "PUT /contact.html HTTP/1.1" 500 3164 "https://www.linkedin.com" "Mozilla/5.0 (iPhone; CPU iPhone OS 14_6 like Mac OS X) AppleWebKit/605.1.15 (KHTML, like Gecko) Version/14.0 Mobile/15E148 Safari/604.1"
10.0.0.2 - - [21/May/2025:13:14:15 +0000] "DELETE /images/logo.png HTTP/2.0" 404 4266 "-" "Mozilla/5.0 (X11; Linux x86_64; rv:89.0) Gecko/20100101 Firefox/89.0"
8.8.4.4 - - [21/May/2025:13:14:15 +0000] "GET /products.html HTTP/2.0" 403 3573 "https://www.twitter.com" "Mozilla/5.0 (X11; Linux x86_64; rv:89.0) Gecko/20100101 Firefox/89.0"
10.0.0.2 - - [21/May/2025:13:14:15 +0000] "POST /index.html HTTP/1.0" 304 5907 "https://www.linkedin.com" "Mozilla/5.0 (iPhone; CPU iPhone OS 14_6 like Mac OS X) AppleWebKit/605.1.15 (KHTML, like Gecko) Version/14.0 Mobile/15E148 Safari/604.1"
192.168.1.4 - - [21/May/2025:13:14:15 +0000] "GET /index.html HTTP/1.0" 200 7468 "-" "Mozilla/5.0 (Windows NT 10.0; Win64; x64) AppleWebKit/537.36 (KHTML, like Gecko) Chrome/91.0.4472.124 Safari/537.36"
192.168.1.4 - - [21/May/2025:13:14:17 +0000] "PUT /products.html HTTP/2.0" 302 8457 "https://www.twitter.com" "Mozilla/5.0 (X11; Linux x86_64; rv:89.0) Gecko/20100101 Firefox/89.0"
192.168.1.3 - - [21/May/2025:13:14:17 +0000] "PUT /api/v1/users HTTP/1.0" 403 5492 "https://www.linkedin.com" "Mozilla/5.0 (iPhone; CPU iPhone OS 14_6 like Mac OS X) AppleWebKit/605.1.15 (KHTML, like Gecko) Version/14.0 Mobile/15E148 Safari/604.1"
192.168.1.2 - - [21/May/2025:13:14:17 +0000] "DELETE /index.html HTTP/1.1" 302 9369 "https://www.linkedin.com" "Mozilla/5.0 (iPhone; CPU iPhone OS 14_6 like Mac OS X) AppleWebKit/605.1.15 (KHTML, like Gecko) Version/14.0 Mobile/15E148 Safari/604.1"
192.168.1.2 - - [21/May/2025:13:14:18 +0000] "GET /api/v1/users HTTP/1.1" 403 7633 "-" "Mozilla/5.0 (iPhone; CPU iPhone OS 14_6 like Mac OS X) AppleWebKit/605.1.15 (KHTML, like Gecko) Version/14.0 Mobile/15E148 Safari/604.1"
8.8.8.8 - - [21/May/2025:13:14:18 +0000] "GET /services.html HTTP/1.0" 401 2706 "https://www.linkedin.com" "Mozilla/5.0 (iPhone; CPU iPhone OS 14_6 like Mac OS X) AppleWebKit/605.1.15 (KHTML, like Gecko) Version/14.0 Mobile/15E148 Safari/604.1"
8.8.8.8 - - [21/May/2025:13:14:18 +0000] "PUT /about.html HTTP/1.0" 400 6747 "-" "Mozilla/5.0 (X11; Linux x86_64; rv:89.0) Gecko/20100101 Firefox/89.0"
192.168.1.1 - - [21/May/2025:13:14:18 +0000] "PUT /api/v1/users HTTP/1.0" 200 7381 "https://www.facebook.com" "Mozilla/5.0 (iPhone; CPU iPhone OS 14_6 like Mac OS X) AppleWebKit/605.1.15 (KHTML, like Gecko) Version/14.0 Mobile/15E148 Safari/604.1"
192.168.1.3 - - [21/May/2025:13:14:18 +0000] "GET /about.html HTTP/1.0" 200 2686 "-" "Mozilla/5.0 (Windows NT 10.0; Win64; x64) AppleWebKit/537.36 (KHTML, like Gecko) Chrome/91.0.4472.124 Safari/537.36"
10.0.0.2 - - [21/May/2025:13:14:19 +0000] "POST /js/app.js HTTP/1.1" 304 3196 "https://www.linkedin.com" "Mozilla/5.0 (compatible; Googlebot/2.1; +http://www.google.com/bot.html)"
192.168.1.5 - - [21/May/2025:13:14:22 +0000] "PUT /api/v1/users HTTP/1.0" 401 5696 "https://www.linkedin.com" "Mozilla/5.0 (compatible; Googlebot/2.1; +http://www.google.com/bot.html)"
10.0.0.1 - - [21/May/2025:13:14:22 +0000] "POST /js/app.js HTTP/1.0" 200 4672 "https://www.facebook.com" "Mozilla/5.0 (Macintosh; Intel Mac OS X 10_15_7) AppleWebKit/605.1.15 (KHTML, like Gecko) Version/14.1.1 Safari/605.1.15"
192.168.1.5 - - [21/May/2025:13:14:22 +0000] "GET /services.html HTTP/1.1" 200 248 "-" "Mozilla/5.0 (Windows NT 10.0; Win64; x64) AppleWebKit/537.36 (KHTML, like Gecko) Chrome/91.0.4472.124 Safari/537.36"
192.168.1.1 - - [21/May/2025:13:14:22 +0000] "POST /index.html HTTP/1.1" 404 3525 "https://www.linkedin.com" "Mozilla/5.0 (X11; Linux x86_64; rv:89.0) Gecko/20100101 Firefox/89.0"
10.0.0.1 - - [21/May/2025:13:14:25 +0000] "GET /js/app.js HTTP/1.0" 400 1440 "https://www.facebook.com" "Mozilla/5.0 (iPhone; CPU iPhone OS 14_6 like Mac OS X) AppleWebKit/605.1.15 (KHTML, like Gecko) Version/14.0 Mobile/15E148 Safari/604.1"
172.16.0.1 - - [21/May/2025:13:14:25 +0000] "DELETE /api/v1/users HTTP/1.1" 200 8156 "https://www.linkedin.com" "Mozilla/5.0 (X11; Linux x86_64; rv:89.0) Gecko/20100101 Firefox/89.0"
10.0.0.2 - - [21/May/2025:13:14:25 +0000] "POST /api/v1/users HTTP/2.0" 301 3709 "https://www.linkedin.com" "Mozilla/5.0 (Macintosh; Intel Mac OS X 10_15_7) AppleWebKit/605.1.15 (KHTML, like Gecko) Version/14.1.1 Safari/605.1.15"
192.168.1.4 - - [21/May/2025:13:14:25 +0000] "POST /index.html HTTP/1.0" 200 5063 "-" "Mozilla/5.0 (iPhone; CPU iPhone OS 14_6 like Mac OS X) AppleWebKit/605.1.15 (KHTML, like Gecko) Version/14.0 Mobile/15E148 Safari/604.1"
192.168.1.2 - - [21/May/2025:13:14:25 +0000] "PUT /index.html HTTP/1.0" 302 2797 "https://www.twitter.com" "Mozilla/5.0 (Windows NT 10.0; Win64; x64) AppleWebKit/537.36 (KHTML, like Gecko) Chrome/91.0.4472.124 Safari/537.36"
10.0.0.1 - - [21/May/2025:13:14:27 +0000] "POST /products.html HTTP/2.0" 401 9828 "https://www.twitter.com" "Mozilla/5.0 (iPhone; CPU iPhone OS 14_6 like Mac OS X) AppleWebKit/605.1.15 (KHTML, like Gecko) Version/14.0 Mobile/15E148 Safari/604.1"
192.168.1.1 - - [21/May/2025:13:14:28 +0000] "GET /products.html HTTP/1.0" 200 6742 "https://www.bing.com" "Mozilla/5.0 (X11; Linux x86_64; rv:89.0) Gecko/20100101 Firefox/89.0"
10.0.0.1 - - [21/May/2025:13:14:28 +0000] "GET /css/main.css HTTP/2.0" 403 820 "-" "Mozilla/5.0 (X11; Linux x86_64; rv:89.0) Gecko/20100101 Firefox/89.0"
8.8.8.8 - - [21/May/2025:13:14:28 +0000] "GET /api/v1/products HTTP/2.0" 200 8221 "https://www.linkedin.com" "Mozilla/5.0 (Windows NT 10.0; Win64; x64) AppleWebKit/537.36 (KHTML, like Gecko) Chrome/91.0.4472.124 Safari/537.36"
10.0.0.2 - - [21/May/2025:13:14:29 +0000] "PUT /api/v1/products HTTP/2.0" 200 3675 "https://www.bing.com" "Mozilla/5.0 (Macintosh; Intel Mac OS X 10_15_7) AppleWebKit/605.1.15 (KHTML, like Gecko) Version/14.1.1 Safari/605.1.15"
192.168.1.4 - - [21/May/2025:13:14:30 +0000] "POST /products.html HTTP/1.1" 400 4371 "https://www.facebook.com" "Mozilla/5.0 (Macintosh; Intel Mac OS X 10_15_7) AppleWebKit/605.1.15 (KHTML, like Gecko) Version/14.1.1 Safari/605.1.15"
192.168.1.4 - - [21/May/2025:13:14:33 +0000] "PUT /images/logo.png HTTP/2.0" 304 919 "https://www.twitter.com" "Mozilla/5.0 (Macintosh; Intel Mac OS X 10_15_7) AppleWebKit/605.1.15 (KHTML, like Gecko) Version/14.1.1 Safari/605.1.15"
8.8.4.4 - - [21/May/2025:13:14:33 +0000] "DELETE /products.html HTTP/2.0" 200 5613 "-" "Mozilla/5.0 (X11; Linux x86_64; rv:89.0) Gecko/20100101 Firefox/89.0"
