10.0.0.1 - - [21/May/2025:13:00:28 +0000] "DELETE /api/v1/products HTTP/2.0" 301 8339 "https://www.twitter.com" "Mozilla/5.0 (compatible; Googlebot/2.1; +http://www.google.com/bot.html)"
10.0.0.2 - - [21/May/2025:13:00:28 +0000] "DELETE /css/main.css HTTP/1.1" 200 9136 "https://www.linkedin.com" "Mozilla/5.0 (Windows NT 10.0; Win64; x64) AppleWebKit/537.36 (KHTML, like Gecko) Chrome/91.0.4472.124 Safari/537.36"
192.168.1.2 - - [21/May/2025:13:00:30 +0000] "PUT /api/v1/users HTTP/1.1" 403 6190 "https://www.bing.com" "Mozilla/5.0 (iPhone; CPU iPhone OS 14_6 like Mac OS X) AppleWebKit/605.1.15 (KHTML, like Gecko) Version/14.0 Mobile/15E148 Safari/604.1"
8.8.4.4 - - [21/May/2025:13:00:30 +0000] "GET /index.html HTTP/1.0" 200 5653 "https://www.google.com" "Mozilla/5.0 (compatible; Googlebot/2.1; +http://www.google.com/bot.html)"
192.168.1.2 - - [21/May/2025:13:00:30 +0000] "PUT /images/logo.png HTTP/1.1" 302 513 "https://www.twitter.com" "Mozilla/5.0 (Windows NT 10.0; Win64; x64) AppleWebKit/537.36 (KHTML, like Gecko) Chrome/91.0.4472.124 Safari/537.36"
192.168.1.1 - - [21/May/2025:13:00:30 +0000] "DELETE /contact.html HTTP/1.0" 404 5101 "https://www.twitter.com" "Mozilla/5.0 (X11; Linux x86_64; rv:89.0) Gecko/20100101 Firefox/89.0"
192.168.1.4 - - [21/May/2025:13:00:30 +0000] "GET /js/app.js HTTP/1.0" 301 5630 "https://www.facebook.com" "Mozilla/5.0 (X11; Linux x86_64; rv:89.0) Gecko/20100101 Firefox/89.0"
192.168.1.1 - - [21/May/2025:13:00:31 +0000] "PUT /css/main.css HTTP/1.0" 302 7284 "https://www.google.com" "Mozilla/5.0 (Windows NT 10.0; Win64; x64) AppleWebKit/537.36 (KHTML, like Gecko) Chrome/91.0.4472.124 Safari/537.36"
10.0.0.1 - - [21/May/2025:13:00:31 +0000] "PUT /js/app.js HTTP/2.0" 500 7889 "https://www.bing.com" "Mozilla/5.0 (compatible; Googlebot/2.1; +http://www.google.com/bot.html)"
192.168.1.2 - - [21/May/2025:13:00:31 +0000] "POST /services.html HTTP/1.0" 200 7932 "https://www.linkedin.com" "Mozilla/5.0 (iPhone; CPU iPhone OS 14_6 like Mac OS X) AppleWebKit/605.1.15 (KHTML, like Gecko) Version/14.0 Mobile/15E148 Safari/604.1"
192.168.1.4 - - [21/May/2025:13:00:31 +0000] "DELETE /index.html HTTP/2.0" 400 6893 "https://www.bing.com" "Mozilla/5.0 (iPhone; CPU iPhone OS 14_6 like Mac OS X) AppleWebKit/605.1.15 (KHTML, like Gecko) Version/14.0 Mobile/15E148 Safari/604.1"
8.8.8.8 - - [21/May/2025:13:00:33 +0000] "POST /about.html HTTP/1.1" 200 9535 "https://www.twitter.com" "Mozilla/5.0 (iPhone; CPU iPhone OS 14_6 like Mac OS X) AppleWebKit/605.1.15 (KHTML, like Gecko) Version/14.0 Mobile/15E148 Safari/604.1"
10.0.0.2 - - [21/May/2025:13:00:33 +0000] "POST /products.html HTTP/1.1" 302 2204 "https://www.bing.com" "Mozilla/5.0 (iPhone; CPU iPhone OS 14_6 like Mac OS X) AppleWebKit/605.1.15 (KHTML, like Gecko) Version/14.0 Mobile/15E148 Safari/604.1"
172.16.0.1 - - [21/May/2025:13:00:33 +0000] "PUT /api/v1/users HTTP/2.0" 302 9757 "https://www.bing.com" "Mozilla/5.0 (Windows NT 10.0; Win64; x64) AppleWebKit/537.36 (KHTML, like Gecko) Chrome/91.0.4472.124 Safari/537.36"
192.168.1.5 - - [21/May/2025:13:00:35 +0000] "PUT /api/v1/products HTTP/1.1" 304 9514 "-" "Mozilla/5.0 (Windows NT 10.0; Win64; x64) AppleWebKit/537.36 (KHTML, like Gecko) Chrome/91.0.4472.124 Safari/537.36"
8.8.4.4 - - [21/May/2025:13:00:35 +0000] "DELETE /api/v1/users HTTP/1.0" 200 3061 "https://www.facebook.com" "Mozilla/5.0 (X11; Linux x86_64; rv:89.0) Gecko/20100101 Firefox/89.0"
10.0.0.2 - - [21/May/2025:13:00:35 +0000] "GET /images/logo.png HTTP/2.0" 200 5222 "https://www.twitter.com" "Mozilla/5.0 (Macintosh; Intel Mac OS X 10_15_7) AppleWebKit/605.1.15 (KHTML, like Gecko) Version/14.1.1 Safari/605.1.15"
192.168.1.4 - - [21/May/2025:13:00:35 +0000] "PUT /products.html HTTP/2.0" 500 6708 "https://www.google.com" "Mozilla/5.0 (compatible; Googlebot/2.1; +http://www.google.com/bot.html)"
192.168.1.3 - - [21/May/2025:13:00:37 +0000] "GET /css/main.css HTTP/1.1" 400 2929 "https://www.twitter.com" "Mozilla/5.0 (iPhone; CPU iPhone OS 14_6 like Mac OS X) AppleWebKit/605.1.15 (KHTML, like Gecko) Version/14.0 Mobile/15E148 Safari/604.1"
192.168.1.4 - - [21/May/2025:13:00:38 +0000] "PUT /about.html HTTP/2.0" 200 9981 "https://www.google.com" "Mozilla/5.0 (Windows NT 10.0; Win64; x64) AppleWebKit/537.36 (KHTML, like Gecko) Chrome/91.0.4472.124 Safari/537.36"
8.8.8.8 - - [21/May/2025:13:00:38 +0000] "PUT /api/v1/products HTTP/1.1" 200 9441 "https://www.bing.com" "Mozilla/5.0 (compatible; Googlebot/2.1; +http://www.google.com/bot.html)"
10.0.0.1 - - [21/May/2025:13:00:38 +0000] "PUT /css/main.css HTTP/1.0" 401 1371 "https://www.google.com" "Mozilla/5.0 (X11; Linux x86_64; rv:89.0) Gecko/20100101 Firefox/89.0"
192.168.1.1 - - [21/May/2025:13:00:41 +0000] "POST /images/logo.png HTTP/2.0" 500 6000 "https://www.google.com" "Mozilla/5.0 (Macintosh; Intel Mac OS X 10_15_7) AppleWebKit/605.1.15 (KHTML, like Gecko) Version/14.1.1 Safari/605.1.15"
192.168.1.3 - - [21/May/2025:13:00:41 +0000] "GET /api/v1/users HTTP/1.0" 200 7162 "-" "Mozilla/5.0 (compatible; Googlebot/2.1; +http://www.google.com/bot.html)"
10.0.0.1 - - [21/May/2025:13:00:41 +0000] "PUT /js/app.js HTTP/1.0" 301 9578 "-" "Mozilla/5.0 (compatible; Googlebot/2.1; +http://www.google.com/bot.html)"
192.168.1.3 - - [21/May/2025:13:00:44 +0000] "POST /api/v1/users HTTP/1.1" 301 6433 "https://www.bing.com" "Mozilla/5.0 (compatible; Googlebot/2.1; +http://www.google.com/bot.html)"
192.168.1.2 - - [21/May/2025:13:00:45 +0000] "POST /about.html HTTP/1.1" 400 9626 "https://www.twitter.com" "Mozilla/5.0 (iPhone; CPU iPhone OS 14_6 like Mac OS X) AppleWebKit/605.1.15 (KHTML, like Gecko) Version/14.0 Mobile/15E148 Safari/604.1"
192.168.1.4 - - [21/May/2025:13:00:45 +0000] "POST /api/v1/products HTTP/2.0" 200 5147 "https://www.twitter.com" "Mozilla/5.0 (Windows NT 10.0; Win64; x64) AppleWebKit/537.36 (KHTML, like Gecko) Chrome/91.0.4472.124 Safari/537.36"
8.8.8.8 - - [21/May/2025:13:00:45 +0000] "POST /contact.html HTTP/1.0" 301 7420 "https://www.facebook.com" "Mozilla/5.0 (Macintosh; Intel Mac OS X 10_15_7) AppleWebKit/605.1.15 (KHTML, like Gecko) Version/14.1.1 Safari/605.1.15"
10.0.0.2 - - [21/May/2025:13:00:45 +0000] "POST /js/app.js HTTP/1.0" 304 9624 "https://www.facebook.com" "Mozilla/5.0 (Windows NT 10.0; Win64; x64) AppleWebKit/537.36 (KHTML, like Gecko) Chrome/91.0.4472.124 Safari/537.36"
192.168.1.5 - - [21/May/2025:13:00:48 +0000] "PUT /index.html HTTP/2.0" 200 3989 "https://www.twitter.com" "Mozilla/5.0 (Windows NT 10.0; Win64; x64) AppleWebKit/537.36 (KHTML, like Gecko) Chrome/91.0.4472.124 Safari/537.36"
192.168.1.5 - - [21/May/2025:13:00:48 +0000] "PUT /index.html HTTP/2.0" 200 1303 "-" "Mozilla/5.0 (Macintosh; Intel Mac OS X 10_15_7) AppleWebKit/605.1.15 (KHTML, like Gecko) Version/14.1.1 Safari/605.1.15"
192.168.1.2 - - [21/May/2025:13:00:50 +0000] "DELETE /api/v1/users HTTP/1.0" 200 8462 "https://www.facebook.com" "Mozilla/5.0 (compatible; Googlebot/2.1; +http://www.google.com/bot.html)"
192.168.1.2 - - [21/May/2025:13:00:50 +0000] "GET /services.html HTTP/1.1" 404 2623 "https://www.google.com" "Mozilla/5.0 (X11; Linux x86_64; rv:89.0) Gecko/20100101 Firefox/89.0"
192.168.1.5 - - [21/May/2025:13:00:51 +0000] "GET /api/v1/products HTTP/1.0" 200 3733 "https://www.bing.com" "Mozilla/5.0 (compatible; Googlebot/2.1; +http://www.google.com/bot.html)"
8.8.8.8 - - [21/May/2025:13:00:51 +0000] "GET /about.html HTTP/2.0" 200 7556 "https://www.google.com" "Mozilla/5.0 (iPhone; CPU iPhone OS 14_6 like Mac OS X) AppleWebKit/605.1.15 (KHTML, like Gecko) Version/14.0 Mobile/15E148 Safari/604.1"
172.16.0.1 - - [21/May/2025:13:00:53 +0000] "POST /index.html HTTP/2.0" 500 1322 "https://www.linkedin.com" "Mozilla/5.0 (compatible; Googlebot/2.1; +http://www.google.com/bot.html)"
192.168.1.5 - - [21/May/2025:13:00:53 +0000] "PUT /products.html HTTP/1.0" 200 7913 "https://www.linkedin.com" "Mozilla/5.0 (Macintosh; Intel Mac OS X 10_15_7) AppleWebKit/605.1.15 (KHTML, like Gecko) Version/14.1.1 Safari/605.1.15"
8.8.4.4 - - [21/May/2025:13:00:53 +0000] "POST /css/main.css HTTP/1.0" 304 3407 "https://www.twitter.com" "Mozilla/5.0 (iPhone; CPU iPhone OS 14_6 like Mac OS X) AppleWebKit/605.1.15 (KHTML, like Gecko) Version/14.0 Mobile/15E148 Safari/604.1"
10.0.0.2 - - [21/May/2025:13:00:53 +0000] "DELETE /about.html HTTP/2.0" 200 1986 "https://www.twitter.com" "Mozilla/5.0 (Windows NT 10.0; Win64; x64) AppleWebKit/537.36 (KHTML, like Gecko) Chrome/91.0.4472.124 Safari/537.36"
10.0.0.2 - - [21/May/2025:13:00:55 +0000] "POST /index.html HTTP/1.0" 403 7917 "https://www.facebook.com" "Mozilla/5.0 (X11; Linux x86_64; rv:89.0) Gecko/20100101 Firefox/89.0"
172.16.0.1 - - [21/May/2025:13:00:58 +0000] "POST /js/app.js HTTP/1.1" 304 4193 "https://www.google.com" "Mozilla/5.0 (iPhone; CPU iPhone OS 14_6 like Mac OS X) AppleWebKit/605.1.15 (KHTML, like Gecko) Version/14.0 Mobile/15E148 Safari/604.1"
192.168.1.1 - - [21/May/2025:13:00:58 +0000] "PUT /contact.html HTTP/2.0" 301 7907 "https://www.linkedin.com" "Mozilla/5.0 (Macintosh; Intel Mac OS X 10_15_7) AppleWebKit/605.1.15 (KHTML, like Gecko) Version/14.1.1 Safari/605.1.15"
8.8.4.4 - - [21/May/2025:13:00:58 +0000] "PUT /css/main.css HTTP/1.0" 302 4456 "https://www.facebook.com" "Mozilla/5.0 (iPhone; CPU iPhone OS 14_6 like Mac OS X) AppleWebKit/605.1.15 (KHTML, like Gecko) Version/14.0 Mobile/15E148 Safari/604.1"
10.0.0.2 - - [21/May/2025:13:00:59 +0000] "GET /about.html HTTP/1.0" 302 2554 "https://www.facebook.com" "Mozilla/5.0 (Macintosh; Intel Mac OS X 10_15_7) AppleWebKit/605.1.15 (KHTML, like Gecko) Version/14.1.1 Safari/605.1.15"
192.168.1.3 - - [21/May/2025:13:00:59 +0000] "DELETE /products.html HTTP/1.1" 302 1105 "https://www.google.com" "Mozilla/5.0 (iPhone; CPU iPhone OS 14_6 like Mac OS X) AppleWebKit/605.1.15 (KHTML, like Gecko) Version/14.0 Mobile/15E148 Safari/604.1"
192.168.1.3 - - [21/May/2025:13:00:59 +0000] "GET /services.html HTTP/2.0" 200 661 "https://www.facebook.com" "Mozilla/5.0 (Windows NT 10.0; Win64; x64) AppleWebKit/537.36 (KHTML, like Gecko) Chrome/91.0.4472.124 Safari/537.36"
192.168.1.5 - - [21/May/2025:13:01:01 +0000] "GET /contact.html HTTP/1.1" 302 1694 "-" "Mozilla/5.0 (Macintosh; Intel Mac OS X 10_15_7) AppleWebKit/605.1.15 (KHTML, like Gecko) Version/14.1.1 Safari/605.1.15"
192.168.1.1 - - [21/May/2025:13:01:04 +0000] "GET /api/v1/products HTTP/1.1" 400 6893 "https://www.facebook.com" "Mozilla/5.0 (X11; Linux x86_64; rv:89.0) Gecko/20100101 Firefox/89.0"
8.8.8.8 - - [21/May/2025:13:01:04 +0000] "DELETE /about.html HTTP/2.0" 200 336 "https://www.linkedin.com" "Mozilla/5.0 (Macintosh; Intel Mac OS X 10_15_7) AppleWebKit/605.1.15 (KHTML, like Gecko) Version/14.1.1 Safari/605.1.15"
192.168.1.2 - - [21/May/2025:13:01:07 +0000] "PUT /css/main.css HTTP/1.0" 302 4471 "https://www.linkedin.com" "Mozilla/5.0 (Macintosh; Intel Mac OS X 10_15_7) AppleWebKit/605.1.15 (KHTML, like Gecko) Version/14.1.1 Safari/605.1.15"
8.8.8.8 - - [21/May/2025:13:01:07 +0000] "GET /services.html HTTP/2.0" 403 3387 "https://www.bing.com" "Mozilla/5.0 (iPhone; CPU iPhone OS 14_6 like Mac OS X) AppleWebKit/605.1.15 (KHTML, like Gecko) Version/14.0 Mobile/15E148 Safari/604.1"
10.0.0.1 - - [21/May/2025:13:01:07 +0000] "POST /api/v1/users HTTP/2.0" 404 4240 "https://www.twitter.com" "Mozilla/5.0 (compatible; Googlebot/2.1; +http://www.google.com/bot.html)"
10.0.0.1 - - [21/May/2025:13:01:07 +0000] "DELETE /images/logo.png HTTP/1.0" 404 4039 "https://www.facebook.com" "Mozilla/5.0 (iPhone; CPU iPhone OS 14_6 like Mac OS X) AppleWebKit/605.1.15 (KHTML, like Gecko) Version/14.0 Mobile/15E148 Safari/604.1"
192.168.1.1 - - [21/May/2025:13:01:07 +0000] "PUT /about.html HTTP/1.1" 404 6008 "https://www.bing.com" "Mozilla/5.0 (Windows NT 10.0; Win64; x64) AppleWebKit/537.36 (KHTML, like Gecko) Chrome/91.0.4472.124 Safari/537.36"
172.16.0.1 - - [21/May/2025:13:01:09 +0000] "POST /api/v1/products HTTP/2.0" 400 2557 "https://www.facebook.com" "Mozilla/5.0 (iPhone; CPU iPhone OS 14_6 like Mac OS X) AppleWebKit/605.1.15 (KHTML, like Gecko) Version/14.0 Mobile/15E148 Safari/604.1"
172.16.0.1 - - [21/May/2025:13:01:09 +0000] "DELETE /products.html HTTP/1.1" 200 2709 "https://www.twitter.com" "Mozilla/5.0 (X11; Linux x86_64; rv:89.0) Gecko/20100101 Firefox/89.0"
8.8.8.8 - - [21/May/2025:13:01:09 +0000] "PUT /contact.html HTTP/2.0" 400 8541 "-" "Mozilla/5.0 (compatible; Googlebot/2.1; +http://www.google.com/bot.html)"
192.168.1.2 - - [21/May/2025:13:01:09 +0000] "POST /api/v1/users HTTP/1.0" 200 5902 "https://www.twitter.com" "Mozilla/5.0 (X11; Linux x86_64; rv:89.0) Gecko/20100101 Firefox/89.0"
172.16.0.1 - - [21/May/2025:13:01:09 +0000] "POST /js/app.js HTTP/1.1" 301 2759 "https://www.google.com" "Mozilla/5.0 (compatible; Googlebot/2.1; +http://www.google.com/bot.html)"
10.0.0.1 - - [21/May/2025:13:01:10 +0000] "PUT /js/app.js HTTP/1.1" 403 6250 "-" "Mozilla/5.0 (iPhone; CPU iPhone OS 14_6 like Mac OS X) AppleWebKit/605.1.15 (KHTML, like Gecko) Version/14.0 Mobile/15E148 Safari/604.1"
8.8.8.8 - - [21/May/2025:13:01:10 +0000] "DELETE /index.html HTTP/1.1" 304 271 "https://www.linkedin.com" "Mozilla/5.0 (X11; Linux x86_64; rv:89.0) Gecko/20100101 Firefox/89.0"
10.0.0.1 - - [21/May/2025:13:01:10 +0000] "PUT /api/v1/users HTTP/1.1" 304 9355 "https://www.bing.com" "Mozilla/5.0 (X11; Linux x86_64; rv:89.0) Gecko/20100101 Firefox/89.0"
8.8.4.4 - - [21/May/2025:13:01:11 +0000] "PUT /api/v1/products HTTP/1.1" 301 8659 "https://www.twitter.com" "Mozilla/5.0 (Windows NT 10.0; Win64; x64) AppleWebKit/537.36 (KHTML, like Gecko) Chrome/91.0.4472.124 Safari/537.36"
192.168.1.4 - - [21/May/2025:13:01:11 +0000] "PUT /index.html HTTP/2.0" 200 8752 "https://www.bing.com" "Mozilla/5.0 (Windows NT 10.0; Win64; x64) AppleWebKit/537.36 (KHTML, like Gecko) Chrome/91.0.4472.124 Safari/537.36"
192.168.1.3 - - [21/May/2025:13:01:12 +0000] "POST /api/v1/products HTTP/1.0" 200 6040 "https://www.linkedin.com" "Mozilla/5.0 (iPhone; CPU iPhone OS 14_6 like Mac OS X) AppleWebKit/605.1.15 (KHTML, like Gecko) Version/14.0 Mobile/15E148 Safari/604.1"
192.168.1.5 - - [21/May/2025:13:01:12 +0000] "PUT /js/app.js HTTP/1.0" 404 4969 "https://www.linkedin.com" "Mozilla/5.0 (Windows NT 10.0; Win64; x64) AppleWebKit/537.36 (KHTML, like Gecko) Chrome/91.0.4472.124 Safari/537.36"
192.168.1.1 - - [21/May/2025:13:01:15 +0000] "PUT /api/v1/users HTTP/1.1" 304 5939 "https://www.linkedin.com" "Mozilla/5.0 (X11; Linux x86_64; rv:89.0) Gecko/20100101 Firefox/89.0"
10.0.0.1 - - [21/May/2025:13:01:15 +0000] "POST /css/main.css HTTP/1.1" 400 10032 "https://www.google.com" "Mozilla/5.0 (Windows NT 10.0; Win64; x64) AppleWebKit/537.36 (KHTML, like Gecko) Chrome/91.0.4472.124 Safari/537.36"
192.168.1.3 - - [21/May/2025:13:01:15 +0000] "POST /api/v1/products HTTP/1.0" 200 8945 "https://www.linkedin.com" "Mozilla/5.0 (compatible; Googlebot/2.1; +http://www.google.com/bot.html)"
192.168.1.4 - - [21/May/2025:13:01:15 +0000] "GET /index.html HTTP/1.0" 403 2461 "https://www.google.com" "Mozilla/5.0 (Macintosh; Intel Mac OS X 10_15_7) AppleWebKit/605.1.15 (KHTML, like Gecko) Version/14.1.1 Safari/605.1.15"
172.16.0.1 - - [21/May/2025:13:01:16 +0000] "POST /index.html HTTP/1.1" 200 5400 "https://www.bing.com" "Mozilla/5.0 (iPhone; CPU iPhone OS 14_6 like Mac OS X) AppleWebKit/605.1.15 (KHTML, like Gecko) Version/14.0 Mobile/15E148 Safari/604.1"
10.0.0.2 - - [21/May/2025:13:01:18 +0000] "POST /images/logo.png HTTP/1.0" 404 8981 "https://www.twitter.com" "Mozilla/5.0 (X11; Linux x86_64; rv:89.0) Gecko/20100101 Firefox/89.0"
192.168.1.4 - - [21/May/2025:13:01:18 +0000] "POST /js/app.js HTTP/2.0" 301 1504 "https://www.facebook.com" "Mozilla/5.0 (Windows NT 10.0; Win64; x64) AppleWebKit/537.36 (KHTML, like Gecko) Chrome/91.0.4472.124 Safari/537.36"
8.8.4.4 - - [21/May/2025:13:01:18 +0000] "GET /contact.html HTTP/1.1" 200 9469 "https://www.facebook.com" "Mozilla/5.0 (Macintosh; Intel Mac OS X 10_15_7) AppleWebKit/605.1.15 (KHTML, like Gecko) Version/14.1.1 Safari/605.1.15"
8.8.8.8 - - [21/May/2025:13:01:19 +0000] "PUT /index.html HTTP/1.1" 304 5735 "https://www.facebook.com" "Mozilla/5.0 (Windows NT 10.0; Win64; x64) AppleWebKit/537.36 (KHTML, like Gecko) Chrome/91.0.4472.124 Safari/537.36"
8.8.8.8 - - [21/May/2025:13:01:21 +0000] "POST /contact.html HTTP/2.0" 400 6036 "https://www.linkedin.com" "Mozilla/5.0 (iPhone; CPU iPhone OS 14_6 like Mac OS X) AppleWebKit/605.1.15 (KHTML, like Gecko) Version/14.0 Mobile/15E148 Safari/604.1"
8.8.4.4 - - [21/May/2025:13:01:24 +0000] "DELETE /index.html HTTP/2.0" 401 4518 "-" "Mozilla/5.0 (Macintosh; Intel Mac OS X 10_15_7) AppleWebKit/605.1.15 (KHTML, like Gecko) Version/14.1.1 Safari/605.1.15"
8.8.4.4 - - [21/May/2025:13:01:25 +0000] "GET /about.html HTTP/1.0" 200 9722 "https://www.facebook.com" "Mozilla/5.0 (compatible; Googlebot/2.1; +http://www.google.com/bot.html)"
192.168.1.5 - - [21/May/2025:13:01:25 +0000] "POST /images/logo.png HTTP/1.1" 301 6860 "-" "Mozilla/5.0 (compatible; Googlebot/2.1; +http://www.google.com/bot.html)"
192.168.1.4 - - [21/May/2025:13:01:25 +0000] "DELETE /products.html HTTP/1.1" 500 3433 "https://www.twitter.com" "Mozilla/5.0 (X11; Linux x86_64; rv:89.0) Gecko/20100101 Firefox/89.0"
192.168.1.3 - - [21/May/2025:13:01:25 +0000] "GET /images/logo.png HTTP/1.0" 200 2165 "https://www.bing.com" "Mozilla/5.0 (iPhone; CPU iPhone OS 14_6 like Mac OS X) AppleWebKit/605.1.15 (KHTML, like Gecko) Version/14.0 Mobile/15E148 Safari/604.1"
192.168.1.1 - - [21/May/2025:13:01:26 +0000] "POST /js/app.js HTTP/1.0" 304 283 "https://www.bing.com" "Mozilla/5.0 (Macintosh; Intel Mac OS X 10_15_7) AppleWebKit/605.1.15 (KHTML, like Gecko) Version/14.1.1 Safari/605.1.15"
172.16.0.1 - - [21/May/2025:13:01:26 +0000] "PUT /contact.html HTTP/2.0" 301 5744 "https://www.linkedin.com" "Mozilla/5.0 (iPhone; CPU iPhone OS 14_6 like Mac OS X) AppleWebKit/605.1.15 (KHTML, like Gecko) Version/14.0 Mobile/15E148 Safari/604.1"
192.168.1.1 - - [21/May/2025:13:01:29 +0000] "PUT /products.html HTTP/1.0" 500 5164 "https://www.facebook.com" "Mozilla/5.0 (compatible; Googlebot/2.1; +http://www.google.com/bot.html)"
192.168.1.5 - - [21/May/2025:13:01:29 +0000] "DELETE /services.html HTTP/2.0" 304 645 "https://www.google.com" "Mozilla/5.0 (Macintosh; Intel Mac OS X 10_15_7) AppleWebKit/605.1.15 (KHTML, like Gecko) Version/14.1.1 Safari/605.1.15"
8.8.4.4 - - [21/May/2025:13:01:29 +0000] "POST /css/main.css HTTP/1.0" 301 4204 "https://www.bing.com" "Mozilla/5.0 (compatible; Googlebot/2.1; +http://www.google.com/bot.html)"
192.168.1.3 - - [21/May/2025:13:01:29 +0000] "POST /products.html HTTP/2.0" 403 1301 "https://www.bing.com" "Mozilla/5.0 (compatible; Googlebot/2.1; +http://www.google.com/bot.html)"
192.168.1.4 - - [21/May/2025:13:01:32 +0000] "GET /products.html HTTP/1.0" 200 7981 "https://www.facebook.com" "Mozilla/5.0 (Windows NT 10.0; Win64; x64) AppleWebKit/537.36 (KHTML, like Gecko) Chrome/91.0.4472.124 Safari/537.36"
192.168.1.1 - - [21/May/2025:13:01:32 +0000] "DELETE /index.html HTTP/1.0" 200 7835 "https://www.facebook.com" "Mozilla/5.0 (iPhone; CPU iPhone OS 14_6 like Mac OS X) AppleWebKit/605.1.15 (KHTML, like Gecko) Version/14.0 Mobile/15E148 Safari/604.1"
192.168.1.4 - - [21/May/2025:13:01:32 +0000] "POST /images/logo.png HTTP/2.0" 302 8980 "https://www.facebook.com" "Mozilla/5.0 (iPhone; CPU iPhone OS 14_6 like Mac OS X) AppleWebKit/605.1.15 (KHTML, like Gecko) Version/14.0 Mobile/15E148 Safari/604.1"
172.16.0.1 - - [21/May/2025:13:01:32 +0000] "GET /api/v1/users HTTP/1.0" 401 2386 "https://www.linkedin.com" "Mozilla/5.0 (iPhone; CPU iPhone OS 14_6 like Mac OS X) AppleWebKit/605.1.15 (KHTML, like Gecko) Version/14.0 Mobile/15E148 Safari/604.1"
192.168.1.3 - - [21/May/2025:13:01:33 +0000] "POST /api/v1/products HTTP/2.0" 200 8795 "-" "Mozilla/5.0 (compatible; Googlebot/2.1; +http://www.google.com/bot.html)"
192.168.1.2 - - [21/May/2025:13:01:33 +0000] "POST /services.html HTTP/2.0" 401 963 "https://www.facebook.com" "Mozilla/5.0 (compatible; Googlebot/2.1; +http://www.google.com/bot.html)"
10.0.0.1 - - [21/May/2025:13:01:33 +0000] "GET /api/v1/products HTTP/1.0" 403 1228 "https://www.facebook.com" "Mozilla/5.0 (compatible; Googlebot/2.1; +http://www.google.com/bot.html)"
8.8.8.8 - - [21/May/2025:13:01:33 +0000] "GET /css/main.css HTTP/1.0" 401 5508 "https://www.google.com" "Mozilla/5.0 (iPhone; CPU iPhone OS 14_6 like Mac OS X) AppleWebKit/605.1.15 (KHTML, like Gecko) Version/14.0 Mobile/15E148 Safari/604.1"
192.168.1.3 - - [21/May/2025:13:01:36 +0000] "GET /js/app.js HTTP/2.0" 200 6774 "https://www.twitter.com" "Mozilla/5.0 (Macintosh; Intel Mac OS X 10_15_7) AppleWebKit/605.1.15 (KHTML, like Gecko) Version/14.1.1 Safari/605.1.15"
172.16.0.1 - - [21/May/2025:13:01:36 +0000] "DELETE /index.html HTTP/1.0" 304 523 "https://www.facebook.com" "Mozilla/5.0 (Windows NT 10.0; Win64; x64) AppleWebKit/537.36 (KHTML, like Gecko) Chrome/91.0.4472.124 Safari/537.36"
8.8.8.8 - - [21/May/2025:13:01:36 +0000] "GET /products.html HTTP/1.0" 302 842 "-" "Mozilla/5.0 (iPhone; CPU iPhone OS 14_6 like Mac OS X) AppleWebKit/605.1.15 (KHTML, like Gecko) Version/14.0 Mobile/15E148 Safari/604.1"
10.0.0.1 - - [21/May/2025:13:01:36 +0000] "GET /index.html HTTP/1.1" 400 9828 "https://www.linkedin.com" "Mozilla/5.0 (X11; Linux x86_64; rv:89.0) Gecko/20100101 Firefox/89.0"
192.168.1.5 - - [21/May/2025:13:01:36 +0000] "POST /about.html HTTP/1.1" 401 865 "https://www.google.com" "Mozilla/5.0 (iPhone; CPU iPhone OS 14_6 like Mac OS X) AppleWebKit/605.1.15 (KHTML, like Gecko) Version/14.0 Mobile/15E148 Safari/604.1"
192.168.1.1 - - [21/May/2025:13:01:38 +0000] "GET /services.html HTTP/1.0" 401 9109 "https://www.bing.com" "Mozilla/5.0 (iPhone; CPU iPhone OS 14_6 like Mac OS X) AppleWebKit/605.1.15 (KHTML, like Gecko) Version/14.0 Mobile/15E148 Safari/604.1"
192.168.1.2 - - [21/May/2025:13:01:38 +0000] "DELETE /js/app.js HTTP/1.0" 200 9966 "-" "Mozilla/5.0 (Windows NT 10.0; Win64; x64) AppleWebKit/537.36 (KHTML, like Gecko) Chrome/91.0.4472.124 Safari/537.36"
172.16.0.1 - - [21/May/2025:13:01:38 +0000] "GET /contact.html HTTP/1.1" 401 8822 "https://www.google.com" "Mozilla/5.0 (compatible; Googlebot/2.1; +http://www.google.com/bot.html)"
8.8.8.8 - - [21/May/2025:13:01:40 +0000] "POST /index.html HTTP/1.1" 200 635 "https://www.facebook.com" "Mozilla/5.0 (X11; Linux x86_64; rv:89.0) Gecko/20100101 Firefox/89.0"
8.8.8.8 - - [21/May/2025:13:01:40 +0000] "PUT /about.html HTTP/1.0" 302 2986 "https://www.linkedin.com" "Mozilla/5.0 (Macintosh; Intel Mac OS X 10_15_7) AppleWebKit/605.1.15 (KHTML, like Gecko) Version/14.1.1 Safari/605.1.15"
192.168.1.2 - - [21/May/2025:13:01:40 +0000] "PUT /images/logo.png HTTP/1.0" 302 146 "https://www.facebook.com" "Mozilla/5.0 (compatible; Googlebot/2.1; +http://www.google.com/bot.html)"
192.168.1.2 - - [21/May/2025:13:01:40 +0000] "DELETE /services.html HTTP/1.1" 200 2098 "https://www.bing.com" "Mozilla/5.0 (X11; Linux x86_64; rv:89.0) Gecko/20100101 Firefox/89.0"
192.168.1.3 - - [21/May/2025:13:01:40 +0000] "GET /products.html HTTP/1.1" 200 1772 "https://www.twitter.com" "Mozilla/5.0 (X11; Linux x86_64; rv:89.0) Gecko/20100101 Firefox/89.0"
192.168.1.2 - - [21/May/2025:13:01:42 +0000] "POST /contact.html HTTP/1.0" 500 4531 "https://www.linkedin.com" "Mozilla/5.0 (compatible; Googlebot/2.1; +http://www.google.com/bot.html)"
192.168.1.3 - - [21/May/2025:13:01:43 +0000] "PUT /index.html HTTP/2.0" 200 8473 "-" "Mozilla/5.0 (iPhone; CPU iPhone OS 14_6 like Mac OS X) AppleWebKit/605.1.15 (KHTML, like Gecko) Version/14.0 Mobile/15E148 Safari/604.1"
192.168.1.4 - - [21/May/2025:13:01:43 +0000] "GET /api/v1/users HTTP/1.0" 200 5676 "https://www.linkedin.com" "Mozilla/5.0 (Macintosh; Intel Mac OS X 10_15_7) AppleWebKit/605.1.15 (KHTML, like Gecko) Version/14.1.1 Safari/605.1.15"
8.8.4.4 - - [21/May/2025:13:01:43 +0000] "PUT /css/main.css HTTP/1.0" 304 1500 "https://www.bing.com" "Mozilla/5.0 (Windows NT 10.0; Win64; x64) AppleWebKit/537.36 (KHTML, like Gecko) Chrome/91.0.4472.124 Safari/537.36"
172.16.0.1 - - [21/May/2025:13:01:43 +0000] "DELETE /index.html HTTP/1.0" 200 792 "-" "Mozilla/5.0 (Windows NT 10.0; Win64; x64) AppleWebKit/537.36 (KHTML, like Gecko) Chrome/91.0.4472.124 Safari/537.36"
192.168.1.2 - - [21/May/2025:13:01:43 +0000] "DELETE /api/v1/users HTTP/1.0" 400 7598 "https://www.facebook.com" "Mozilla/5.0 (compatible; Googlebot/2.1; +http://www.google.com/bot.html)"
192.168.1.4 - - [21/May/2025:13:01:45 +0000] "DELETE /services.html HTTP/1.1" 404 7310 "https://www.google.com" "Mozilla/5.0 (X11; Linux x86_64; rv:89.0) Gecko/20100101 Firefox/89.0"
8.8.4.4 - - [21/May/2025:13:01:45 +0000] "POST /about.html HTTP/2.0" 200 8568 "https://www.bing.com" "Mozilla/5.0 (Macintosh; Intel Mac OS X 10_15_7) AppleWebKit/605.1.15 (KHTML, like Gecko) Version/14.1.1 Safari/605.1.15"
172.16.0.1 - - [21/May/2025:13:01:45 +0000] "DELETE /contact.html HTTP/1.0" 401 7192 "https://www.facebook.com" "Mozilla/5.0 (compatible; Googlebot/2.1; +http://www.google.com/bot.html)"
10.0.0.2 - - [21/May/2025:13:01:45 +0000] "GET /index.html HTTP/1.1" 301 8433 "https://www.google.com" "Mozilla/5.0 (Windows NT 10.0; Win64; x64) AppleWebKit/537.36 (KHTML, like Gecko) Chrome/91.0.4472.124 Safari/537.36"
10.0.0.2 - - [21/May/2025:13:01:47 +0000] "POST /services.html HTTP/1.1" 500 7084 "https://www.bing.com" "Mozilla/5.0 (iPhone; CPU iPhone OS 14_6 like Mac OS X) AppleWebKit/605.1.15 (KHTML, like Gecko) Version/14.0 Mobile/15E148 Safari/604.1"
172.16.0.1 - - [21/May/2025:13:01:47 +0000] "GET /images/logo.png HTTP/1.0" 200 5753 "https://www.linkedin.com" "Mozilla/5.0 (iPhone; CPU iPhone OS 14_6 like Mac OS X) AppleWebKit/605.1.15 (KHTML, like Gecko) Version/14.0 Mobile/15E148 Safari/604.1"
192.168.1.5 - - [21/May/2025:13:01:47 +0000] "POST /contact.html HTTP/2.0" 200 2264 "https://www.twitter.com" "Mozilla/5.0 (X11; Linux x86_64; rv:89.0) Gecko/20100101 Firefox/89.0"
192.168.1.3 - - [21/May/2025:13:01:47 +0000] "PUT /contact.html HTTP/1.0" 301 2402 "-" "Mozilla/5.0 (compatible; Googlebot/2.1; +http://www.google.com/bot.html)"
192.168.1.1 - - [21/May/2025:13:01:47 +0000] "POST /api/v1/products HTTP/1.1" 401 8930 "https://www.bing.com" "Mozilla/5.0 (Windows NT 10.0; Win64; x64) AppleWebKit/537.36 (KHTML, like Gecko) Chrome/91.0.4472.124 Safari/537.36"
192.168.1.4 - - [21/May/2025:13:01:48 +0000] "PUT /products.html HTTP/1.1" 302 8305 "https://www.twitter.com" "Mozilla/5.0 (compatible; Googlebot/2.1; +http://www.google.com/bot.html)"
192.168.1.1 - - [21/May/2025:13:01:48 +0000] "PUT /images/logo.png HTTP/2.0" 200 2931 "https://www.facebook.com" "Mozilla/5.0 (Macintosh; Intel Mac OS X 10_15_7) AppleWebKit/605.1.15 (KHTML, like Gecko) Version/14.1.1 Safari/605.1.15"
8.8.8.8 - - [21/May/2025:13:01:48 +0000] "POST /contact.html HTTP/2.0" 304 5471 "https://www.twitter.com" "Mozilla/5.0 (Macintosh; Intel Mac OS X 10_15_7) AppleWebKit/605.1.15 (KHTML, like Gecko) Version/14.1.1 Safari/605.1.15"
10.0.0.1 - - [21/May/2025:13:01:50 +0000] "PUT /js/app.js HTTP/1.0" 401 1518 "https://www.twitter.com" "Mozilla/5.0 (X11; Linux x86_64; rv:89.0) Gecko/20100101 Firefox/89.0"
10.0.0.2 - - [21/May/2025:13:01:52 +0000] "DELETE /css/main.css HTTP/2.0" 200 6236 "https://www.bing.com" "Mozilla/5.0 (Macintosh; Intel Mac OS X 10_15_7) AppleWebKit/605.1.15 (KHTML, like Gecko) Version/14.1.1 Safari/605.1.15"
8.8.4.4 - - [21/May/2025:13:01:52 +0000] "PUT /images/logo.png HTTP/1.1" 403 111 "https://www.bing.com" "Mozilla/5.0 (iPhone; CPU iPhone OS 14_6 like Mac OS X) AppleWebKit/605.1.15 (KHTML, like Gecko) Version/14.0 Mobile/15E148 Safari/604.1"
192.168.1.5 - - [21/May/2025:13:01:52 +0000] "PUT /images/logo.png HTTP/2.0" 400 6832 "https://www.bing.com" "Mozilla/5.0 (compatible; Googlebot/2.1; +http://www.google.com/bot.html)"
172.16.0.1 - - [21/May/2025:13:01:55 +0000] "POST /contact.html HTTP/1.0" 200 8307 "-" "Mozilla/5.0 (Macintosh; Intel Mac OS X 10_15_7) AppleWebKit/605.1.15 (KHTML, like Gecko) Version/14.1.1 Safari/605.1.15"
192.168.1.3 - - [21/May/2025:13:01:55 +0000] "DELETE /products.html HTTP/1.1" 301 5552 "https://www.google.com" "Mozilla/5.0 (Macintosh; Intel Mac OS X 10_15_7) AppleWebKit/605.1.15 (KHTML, like Gecko) Version/14.1.1 Safari/605.1.15"
192.168.1.3 - - [21/May/2025:13:01:55 +0000] "POST /index.html HTTP/2.0" 200 9617 "https://www.facebook.com" "Mozilla/5.0 (X11; Linux x86_64; rv:89.0) Gecko/20100101 Firefox/89.0"
192.168.1.5 - - [21/May/2025:13:01:57 +0000] "GET /api/v1/products HTTP/2.0" 200 3711 "https://www.facebook.com" "Mozilla/5.0 (X11; Linux x86_64; rv:89.0) Gecko/20100101 Firefox/89.0"
192.168.1.2 - - [21/May/2025:13:01:57 +0000] "POST /index.html HTTP/2.0" 200 6834 "https://www.bing.com" "Mozilla/5.0 (Windows NT 10.0; Win64; x64) AppleWebKit/537.36 (KHTML, like Gecko) Chrome/91.0.4472.124 Safari/537.36"
172.16.0.1 - - [21/May/2025:13:01:57 +0000] "DELETE /index.html HTTP/1.0" 400 3445 "https://www.google.com" "Mozilla/5.0 (Windows NT 10.0; Win64; x64) AppleWebKit/537.36 (KHTML, like Gecko) Chrome/91.0.4472.124 Safari/537.36"
172.16.0.1 - - [21/May/2025:13:01:57 +0000] "PUT /images/logo.png HTTP/1.1" 400 3586 "https://www.linkedin.com" "Mozilla/5.0 (X11; Linux x86_64; rv:89.0) Gecko/20100101 Firefox/89.0"
8.8.4.4 - - [21/May/2025:13:01:57 +0000] "PUT /index.html HTTP/1.1" 301 5940 "https://www.twitter.com" "Mozilla/5.0 (iPhone; CPU iPhone OS 14_6 like Mac OS X) AppleWebKit/605.1.15 (KHTML, like Gecko) Version/14.0 Mobile/15E148 Safari/604.1"
172.16.0.1 - - [21/May/2025:13:01:58 +0000] "DELETE /css/main.css HTTP/2.0" 200 7566 "https://www.twitter.com" "Mozilla/5.0 (Macintosh; Intel Mac OS X 10_15_7) AppleWebKit/605.1.15 (KHTML, like Gecko) Version/14.1.1 Safari/605.1.15"
192.168.1.4 - - [21/May/2025:13:01:58 +0000] "PUT /index.html HTTP/1.1" 200 2313 "https://www.linkedin.com" "Mozilla/5.0 (Macintosh; Intel Mac OS X 10_15_7) AppleWebKit/605.1.15 (KHTML, like Gecko) Version/14.1.1 Safari/605.1.15"
192.168.1.1 - - [21/May/2025:13:01:58 +0000] "POST /index.html HTTP/1.1" 304 2119 "https://www.facebook.com" "Mozilla/5.0 (iPhone; CPU iPhone OS 14_6 like Mac OS X) AppleWebKit/605.1.15 (KHTML, like Gecko) Version/14.0 Mobile/15E148 Safari/604.1"
192.168.1.5 - - [21/May/2025:13:02:01 +0000] "POST /services.html HTTP/1.0" 403 2493 "-" "Mozilla/5.0 (Macintosh; Intel Mac OS X 10_15_7) AppleWebKit/605.1.15 (KHTML, like Gecko) Version/14.1.1 Safari/605.1.15"
8.8.4.4 - - [21/May/2025:13:02:02 +0000] "GET /api/v1/products HTTP/1.0" 400 10038 "https://www.facebook.com" "Mozilla/5.0 (compatible; Googlebot/2.1; +http://www.google.com/bot.html)"
192.168.1.1 - - [21/May/2025:13:02:02 +0000] "POST /css/main.css HTTP/1.0" 500 2818 "-" "Mozilla/5.0 (iPhone; CPU iPhone OS 14_6 like Mac OS X) AppleWebKit/605.1.15 (KHTML, like Gecko) Version/14.0 Mobile/15E148 Safari/604.1"
8.8.4.4 - - [21/May/2025:13:02:02 +0000] "DELETE /contact.html HTTP/2.0" 200 2012 "https://www.linkedin.com" "Mozilla/5.0 (X11; Linux x86_64; rv:89.0) Gecko/20100101 Firefox/89.0"
192.168.1.5 - - [21/May/2025:13:02:02 +0000] "GET /api/v1/users HTTP/1.1" 500 7048 "https://www.twitter.com" "Mozilla/5.0 (compatible; Googlebot/2.1; +http://www.google.com/bot.html)"
192.168.1.1 - - [21/May/2025:13:02:04 +0000] "GET /about.html HTTP/1.0" 200 347 "https://www.facebook.com" "Mozilla/5.0 (X11; Linux x86_64; rv:89.0) Gecko/20100101 Firefox/89.0"
192.168.1.3 - - [21/May/2025:13:02:05 +0000] "DELETE /api/v1/users HTTP/1.0" 200 10094 "-" "Mozilla/5.0 (X11; Linux x86_64; rv:89.0) Gecko/20100101 Firefox/89.0"
192.168.1.1 - - [21/May/2025:13:02:05 +0000] "PUT /about.html HTTP/1.0" 302 1074 "https://www.google.com" "Mozilla/5.0 (compatible; Googlebot/2.1; +http://www.google.com/bot.html)"
192.168.1.3 - - [21/May/2025:13:02:05 +0000] "PUT /products.html HTTP/1.1" 404 8109 "https://www.facebook.com" "Mozilla/5.0 (compatible; Googlebot/2.1; +http://www.google.com/bot.html)"
8.8.8.8 - - [21/May/2025:13:02:05 +0000] "DELETE /products.html HTTP/1.0" 500 6167 "https://www.linkedin.com" "Mozilla/5.0 (compatible; Googlebot/2.1; +http://www.google.com/bot.html)"
10.0.0.1 - - [21/May/2025:13:02:05 +0000] "POST /api/v1/products HTTP/2.0" 400 394 "https://www.linkedin.com" "Mozilla/5.0 (Macintosh; Intel Mac OS X 10_15_7) AppleWebKit/605.1.15 (KHTML, like Gecko) Version/14.1.1 Safari/605.1.15"
192.168.1.4 - - [21/May/2025:13:02:06 +0000] "PUT /js/app.js HTTP/1.1" 301 2117 "https://www.facebook.com" "Mozilla/5.0 (compatible; Googlebot/2.1; +http://www.google.com/bot.html)"
10.0.0.1 - - [21/May/2025:13:02:06 +0000] "DELETE /index.html HTTP/1.0" 304 892 "https://www.google.com" "Mozilla/5.0 (X11; Linux x86_64; rv:89.0) Gecko/20100101 Firefox/89.0"
8.8.4.4 - - [21/May/2025:13:02:09 +0000] "PUT /images/logo.png HTTP/1.1" 302 9697 "https://www.linkedin.com" "Mozilla/5.0 (compatible; Googlebot/2.1; +http://www.google.com/bot.html)"
8.8.4.4 - - [21/May/2025:13:02:09 +0000] "PUT /about.html HTTP/2.0" 302 8043 "https://www.linkedin.com" "Mozilla/5.0 (Windows NT 10.0; Win64; x64) AppleWebKit/537.36 (KHTML, like Gecko) Chrome/91.0.4472.124 Safari/537.36"
192.168.1.5 - - [21/May/2025:13:02:12 +0000] "GET /index.html HTTP/1.1" 500 8452 "https://www.linkedin.com" "Mozilla/5.0 (Windows NT 10.0; Win64; x64) AppleWebKit/537.36 (KHTML, like Gecko) Chrome/91.0.4472.124 Safari/537.36"
10.0.0.2 - - [21/May/2025:13:02:14 +0000] "GET /services.html HTTP/1.0" 200 7114 "https://www.facebook.com" "Mozilla/5.0 (compatible; Googlebot/2.1; +http://www.google.com/bot.html)"
192.168.1.3 - - [21/May/2025:13:02:17 +0000] "DELETE /about.html HTTP/1.1" 404 2706 "https://www.google.com" "Mozilla/5.0 (compatible; Googlebot/2.1; +http://www.google.com/bot.html)"
10.0.0.2 - - [21/May/2025:13:02:17 +0000] "POST /api/v1/products HTTP/1.0" 401 8431 "https://www.bing.com" "Mozilla/5.0 (compatible; Googlebot/2.1; +http://www.google.com/bot.html)"
8.8.4.4 - - [21/May/2025:13:02:17 +0000] "PUT /api/v1/users HTTP/1.1" 401 1584 "https://www.facebook.com" "Mozilla/5.0 (Windows NT 10.0; Win64; x64) AppleWebKit/537.36 (KHTML, like Gecko) Chrome/91.0.4472.124 Safari/537.36"
8.8.4.4 - - [21/May/2025:13:02:17 +0000] "POST /contact.html HTTP/1.0" 304 9154 "https://www.linkedin.com" "Mozilla/5.0 (Macintosh; Intel Mac OS X 10_15_7) AppleWebKit/605.1.15 (KHTML, like Gecko) Version/14.1.1 Safari/605.1.15"
192.168.1.4 - - [21/May/2025:13:02:17 +0000] "PUT /js/app.js HTTP/2.0" 401 2218 "https://www.twitter.com" "Mozilla/5.0 (compatible; Googlebot/2.1; +http://www.google.com/bot.html)"
192.168.1.2 - - [21/May/2025:13:02:19 +0000] "POST /index.html HTTP/2.0" 404 7812 "https://www.facebook.com" "Mozilla/5.0 (Macintosh; Intel Mac OS X 10_15_7) AppleWebKit/605.1.15 (KHTML, like Gecko) Version/14.1.1 Safari/605.1.15"
192.168.1.3 - - [21/May/2025:13:02:21 +0000] "PUT /api/v1/products HTTP/1.1" 200 2801 "https://www.facebook.com" "Mozilla/5.0 (Windows NT 10.0; Win64; x64) AppleWebKit/537.36 (KHTML, like Gecko) Chrome/91.0.4472.124 Safari/537.36"
192.168.1.5 - - [21/May/2025:13:02:21 +0000] "PUT /services.html HTTP/1.1" 302 2899 "https://www.facebook.com" "Mozilla/5.0 (Windows NT 10.0; Win64; x64) AppleWebKit/537.36 (KHTML, like Gecko) Chrome/91.0.4472.124 Safari/537.36"
192.168.1.1 - - [21/May/2025:13:02:21 +0000] "GET /contact.html HTTP/2.0" 404 2347 "https://www.linkedin.com" "Mozilla/5.0 (compatible; Googlebot/2.1; +http://www.google.com/bot.html)"
10.0.0.1 - - [21/May/2025:13:02:21 +0000] "PUT /services.html HTTP/1.1" 304 1626 "https://www.twitter.com" "Mozilla/5.0 (Windows NT 10.0; Win64; x64) AppleWebKit/537.36 (KHTML, like Gecko) Chrome/91.0.4472.124 Safari/537.36"
8.8.4.4 - - [21/May/2025:13:02:21 +0000] "PUT /index.html HTTP/1.1" 500 1779 "https://www.facebook.com" "Mozilla/5.0 (compatible; Googlebot/2.1; +http://www.google.com/bot.html)"
192.168.1.2 - - [21/May/2025:13:02:23 +0000] "PUT /js/app.js HTTP/2.0" 200 5855 "https://www.google.com" "Mozilla/5.0 (Windows NT 10.0; Win64; x64) AppleWebKit/537.36 (KHTML, like Gecko) Chrome/91.0.4472.124 Safari/537.36"
192.168.1.1 - - [21/May/2025:13:02:23 +0000] "DELETE /api/v1/products HTTP/1.0" 401 626 "https://www.google.com" "Mozilla/5.0 (Macintosh; Intel Mac OS X 10_15_7) AppleWebKit/605.1.15 (KHTML, like Gecko) Version/14.1.1 Safari/605.1.15"
8.8.8.8 - - [21/May/2025:13:02:23 +0000] "GET /about.html HTTP/2.0" 200 924 "-" "Mozilla/5.0 (iPhone; CPU iPhone OS 14_6 like Mac OS X) AppleWebKit/605.1.15 (KHTML, like Gecko) Version/14.0 Mobile/15E148 Safari/604.1"
8.8.8.8 - - [21/May/2025:13:02:23 +0000] "GET /contact.html HTTP/2.0" 200 1059 "https://www.twitter.com" "Mozilla/5.0 (X11; Linux x86_64; rv:89.0) Gecko/20100101 Firefox/89.0"
8.8.8.8 - - [21/May/2025:13:02:24 +0000] "PUT /css/main.css HTTP/1.1" 500 8123 "https://www.facebook.com" "Mozilla/5.0 (Macintosh; Intel Mac OS X 10_15_7) AppleWebKit/605.1.15 (KHTML, like Gecko) Version/14.1.1 Safari/605.1.15"
192.168.1.1 - - [21/May/2025:13:02:24 +0000] "DELETE /css/main.css HTTP/1.1" 301 615 "-" "Mozilla/5.0 (Macintosh; Intel Mac OS X 10_15_7) AppleWebKit/605.1.15 (KHTML, like Gecko) Version/14.1.1 Safari/605.1.15"
192.168.1.1 - - [21/May/2025:13:02:24 +0000] "GET /js/app.js HTTP/1.1" 301 1763 "https://www.twitter.com" "Mozilla/5.0 (compatible; Googlebot/2.1; +http://www.google.com/bot.html)"
192.168.1.4 - - [21/May/2025:13:02:24 +0000] "DELETE /js/app.js HTTP/1.0" 304 2074 "https://www.bing.com" "Mozilla/5.0 (Macintosh; Intel Mac OS X 10_15_7) AppleWebKit/605.1.15 (KHTML, like Gecko) Version/14.1.1 Safari/605.1.15"
8.8.8.8 - - [21/May/2025:13:02:24 +0000] "GET /services.html HTTP/1.0" 400 3340 "https://www.bing.com" "Mozilla/5.0 (compatible; Googlebot/2.1; +http://www.google.com/bot.html)"
8.8.8.8 - - [21/May/2025:13:02:26 +0000] "GET /css/main.css HTTP/1.0" 302 1185 "https://www.facebook.com" "Mozilla/5.0 (iPhone; CPU iPhone OS 14_6 like Mac OS X) AppleWebKit/605.1.15 (KHTML, like Gecko) Version/14.0 Mobile/15E148 Safari/604.1"
192.168.1.5 - - [21/May/2025:13:02:26 +0000] "POST /index.html HTTP/1.0" 200 5026 "https://www.facebook.com" "Mozilla/5.0 (compatible; Googlebot/2.1; +http://www.google.com/bot.html)"
8.8.8.8 - - [21/May/2025:13:02:26 +0000] "POST /api/v1/products HTTP/2.0" 304 2392 "-" "Mozilla/5.0 (iPhone; CPU iPhone OS 14_6 like Mac OS X) AppleWebKit/605.1.15 (KHTML, like Gecko) Version/14.0 Mobile/15E148 Safari/604.1"
192.168.1.5 - - [21/May/2025:13:02:26 +0000] "PUT /services.html HTTP/1.1" 302 7055 "https://www.twitter.com" "Mozilla/5.0 (compatible; Googlebot/2.1; +http://www.google.com/bot.html)"
192.168.1.5 - - [21/May/2025:13:02:27 +0000] "GET /services.html HTTP/1.1" 200 4178 "https://www.bing.com" "Mozilla/5.0 (Macintosh; Intel Mac OS X 10_15_7) AppleWebKit/605.1.15 (KHTML, like Gecko) Version/14.1.1 Safari/605.1.15"
172.16.0.1 - - [21/May/2025:13:02:27 +0000] "DELETE /about.html HTTP/1.0" 403 7166 "https://www.linkedin.com" "Mozilla/5.0 (iPhone; CPU iPhone OS 14_6 like Mac OS X) AppleWebKit/605.1.15 (KHTML, like Gecko) Version/14.0 Mobile/15E148 Safari/604.1"
10.0.0.2 - - [21/May/2025:13:02:30 +0000] "GET /css/main.css HTTP/1.0" 200 4931 "https://www.google.com" "Mozilla/5.0 (Windows NT 10.0; Win64; x64) AppleWebKit/537.36 (KHTML, like Gecko) Chrome/91.0.4472.124 Safari/537.36"
172.16.0.1 - - [21/May/2025:13:02:30 +0000] "POST /contact.html HTTP/1.0" 302 7112 "https://www.twitter.com" "Mozilla/5.0 (compatible; Googlebot/2.1; +http://www.google.com/bot.html)"
8.8.4.4 - - [21/May/2025:13:02:30 +0000] "POST /js/app.js HTTP/1.1" 404 3773 "https://www.linkedin.com" "Mozilla/5.0 (compatible; Googlebot/2.1; +http://www.google.com/bot.html)"
192.168.1.2 - - [21/May/2025:13:02:31 +0000] "PUT /index.html HTTP/1.1" 403 8095 "-" "Mozilla/5.0 (Macintosh; Intel Mac OS X 10_15_7) AppleWebKit/605.1.15 (KHTML, like Gecko) Version/14.1.1 Safari/605.1.15"
192.168.1.1 - - [21/May/2025:13:02:32 +0000] "GET /api/v1/products HTTP/1.1" 304 8362 "https://www.bing.com" "Mozilla/5.0 (Macintosh; Intel Mac OS X 10_15_7) AppleWebKit/605.1.15 (KHTML, like Gecko) Version/14.1.1 Safari/605.1.15"
172.16.0.1 - - [21/May/2025:13:02:32 +0000] "POST /services.html HTTP/2.0" 500 9179 "-" "Mozilla/5.0 (Windows NT 10.0; Win64; x64) AppleWebKit/537.36 (KHTML, like Gecko) Chrome/91.0.4472.124 Safari/537.36"
192.168.1.4 - - [21/May/2025:13:02:32 +0000] "PUT /index.html HTTP/2.0" 403 3161 "https://www.linkedin.com" "Mozilla/5.0 (X11; Linux x86_64; rv:89.0) Gecko/20100101 Firefox/89.0"
192.168.1.2 - - [21/May/2025:13:02:32 +0000] "POST /products.html HTTP/1.0" 200 8172 "https://www.linkedin.com" "Mozilla/5.0 (compatible; Googlebot/2.1; +http://www.google.com/bot.html)"
172.16.0.1 - - [21/May/2025:13:02:33 +0000] "POST /services.html HTTP/2.0" 200 7951 "https://www.twitter.com" "Mozilla/5.0 (X11; Linux x86_64; rv:89.0) Gecko/20100101 Firefox/89.0"
192.168.1.2 - - [21/May/2025:13:02:33 +0000] "DELETE /products.html HTTP/2.0" 500 1873 "https://www.facebook.com" "Mozilla/5.0 (Windows NT 10.0; Win64; x64) AppleWebKit/537.36 (KHTML, like Gecko) Chrome/91.0.4472.124 Safari/537.36"
8.8.8.8 - - [21/May/2025:13:02:33 +0000] "POST /products.html HTTP/1.0" 200 5926 "-" "Mozilla/5.0 (iPhone; CPU iPhone OS 14_6 like Mac OS X) AppleWebKit/605.1.15 (KHTML, like Gecko) Version/14.0 Mobile/15E148 Safari/604.1"
192.168.1.1 - - [21/May/2025:13:02:33 +0000] "DELETE /index.html HTTP/1.0" 400 6029 "https://www.twitter.com" "Mozilla/5.0 (iPhone; CPU iPhone OS 14_6 like Mac OS X) AppleWebKit/605.1.15 (KHTML, like Gecko) Version/14.0 Mobile/15E148 Safari/604.1"
172.16.0.1 - - [21/May/2025:13:02:33 +0000] "PUT /index.html HTTP/1.1" 200 4306 "https://www.linkedin.com" "Mozilla/5.0 (iPhone; CPU iPhone OS 14_6 like Mac OS X) AppleWebKit/605.1.15 (KHTML, like Gecko) Version/14.0 Mobile/15E148 Safari/604.1"
10.0.0.1 - - [21/May/2025:13:02:35 +0000] "DELETE /js/app.js HTTP/2.0" 302 941 "https://www.google.com" "Mozilla/5.0 (compatible; Googlebot/2.1; +http://www.google.com/bot.html)"
172.16.0.1 - - [21/May/2025:13:02:38 +0000] "GET /api/v1/products HTTP/1.1" 301 2762 "https://www.bing.com" "Mozilla/5.0 (compatible; Googlebot/2.1; +http://www.google.com/bot.html)"
10.0.0.1 - - [21/May/2025:13:02:38 +0000] "GET /products.html HTTP/2.0" 200 107 "-" "Mozilla/5.0 (compatible; Googlebot/2.1; +http://www.google.com/bot.html)"
192.168.1.4 - - [21/May/2025:13:02:38 +0000] "POST /api/v1/products HTTP/2.0" 301 8662 "https://www.facebook.com" "Mozilla/5.0 (Windows NT 10.0; Win64; x64) AppleWebKit/537.36 (KHTML, like Gecko) Chrome/91.0.4472.124 Safari/537.36"
10.0.0.2 - - [21/May/2025:13:02:41 +0000] "DELETE /services.html HTTP/2.0" 403 1132 "https://www.twitter.com" "Mozilla/5.0 (iPhone; CPU iPhone OS 14_6 like Mac OS X) AppleWebKit/605.1.15 (KHTML, like Gecko) Version/14.0 Mobile/15E148 Safari/604.1"
192.168.1.1 - - [21/May/2025:13:02:41 +0000] "DELETE /css/main.css HTTP/2.0" 403 671 "-" "Mozilla/5.0 (Macintosh; Intel Mac OS X 10_15_7) AppleWebKit/605.1.15 (KHTML, like Gecko) Version/14.1.1 Safari/605.1.15"
192.168.1.4 - - [21/May/2025:13:02:41 +0000] "POST /products.html HTTP/1.0" 301 9951 "https://www.google.com" "Mozilla/5.0 (Windows NT 10.0; Win64; x64) AppleWebKit/537.36 (KHTML, like Gecko) Chrome/91.0.4472.124 Safari/537.36"
192.168.1.3 - - [21/May/2025:13:02:41 +0000] "PUT /css/main.css HTTP/2.0" 200 1051 "https://www.facebook.com" "Mozilla/5.0 (Macintosh; Intel Mac OS X 10_15_7) AppleWebKit/605.1.15 (KHTML, like Gecko) Version/14.1.1 Safari/605.1.15"
172.16.0.1 - - [21/May/2025:13:02:44 +0000] "DELETE /css/main.css HTTP/1.1" 200 8227 "-" "Mozilla/5.0 (compatible; Googlebot/2.1; +http://www.google.com/bot.html)"
10.0.0.2 - - [21/May/2025:13:02:44 +0000] "GET /index.html HTTP/2.0" 200 4160 "https://www.google.com" "Mozilla/5.0 (iPhone; CPU iPhone OS 14_6 like Mac OS X) AppleWebKit/605.1.15 (KHTML, like Gecko) Version/14.0 Mobile/15E148 Safari/604.1"
8.8.4.4 - - [21/May/2025:13:02:44 +0000] "DELETE /api/v1/products HTTP/1.0" 302 7512 "https://www.facebook.com" "Mozilla/5.0 (iPhone; CPU iPhone OS 14_6 like Mac OS X) AppleWebKit/605.1.15 (KHTML, like Gecko) Version/14.0 Mobile/15E148 Safari/604.1"
192.168.1.4 - - [21/May/2025:13:02:44 +0000] "PUT /js/app.js HTTP/1.0" 401 2304 "https://www.google.com" "Mozilla/5.0 (Windows NT 10.0; Win64; x64) AppleWebKit/537.36 (KHTML, like Gecko) Chrome/91.0.4472.124 Safari/537.36"
192.168.1.1 - - [21/May/2025:13:02:46 +0000] "DELETE /contact.html HTTP/1.0" 400 2017 "https://www.bing.com" "Mozilla/5.0 (Macintosh; Intel Mac OS X 10_15_7) AppleWebKit/605.1.15 (KHTML, like Gecko) Version/14.1.1 Safari/605.1.15"
8.8.4.4 - - [21/May/2025:13:02:46 +0000] "POST /images/logo.png HTTP/1.0" 302 7083 "https://www.google.com" "Mozilla/5.0 (iPhone; CPU iPhone OS 14_6 like Mac OS X) AppleWebKit/605.1.15 (KHTML, like Gecko) Version/14.0 Mobile/15E148 Safari/604.1"
192.168.1.4 - - [21/May/2025:13:02:47 +0000] "PUT /index.html HTTP/2.0" 403 4995 "https://www.google.com" "Mozilla/5.0 (Macintosh; Intel Mac OS X 10_15_7) AppleWebKit/605.1.15 (KHTML, like Gecko) Version/14.1.1 Safari/605.1.15"
192.168.1.5 - - [21/May/2025:13:02:50 +0000] "PUT /products.html HTTP/1.0" 404 6268 "-" "Mozilla/5.0 (Macintosh; Intel Mac OS X 10_15_7) AppleWebKit/605.1.15 (KHTML, like Gecko) Version/14.1.1 Safari/605.1.15"
192.168.1.3 - - [21/May/2025:13:02:50 +0000] "GET /services.html HTTP/1.0" 304 6922 "https://www.twitter.com" "Mozilla/5.0 (Macintosh; Intel Mac OS X 10_15_7) AppleWebKit/605.1.15 (KHTML, like Gecko) Version/14.1.1 Safari/605.1.15"
10.0.0.2 - - [21/May/2025:13:02:51 +0000] "PUT /services.html HTTP/1.1" 302 9749 "https://www.linkedin.com" "Mozilla/5.0 (compatible; Googlebot/2.1; +http://www.google.com/bot.html)"
8.8.8.8 - - [21/May/2025:13:02:51 +0000] "DELETE /contact.html HTTP/1.1" 401 3027 "https://www.facebook.com" "Mozilla/5.0 (iPhone; CPU iPhone OS 14_6 like Mac OS X) AppleWebKit/605.1.15 (KHTML, like Gecko) Version/14.0 Mobile/15E148 Safari/604.1"
192.168.1.3 - - [21/May/2025:13:02:51 +0000] "DELETE /index.html HTTP/1.0" 304 2546 "https://www.linkedin.com" "Mozilla/5.0 (X11; Linux x86_64; rv:89.0) Gecko/20100101 Firefox/89.0"
192.168.1.5 - - [21/May/2025:13:02:51 +0000] "POST /api/v1/users HTTP/1.0" 403 7077 "https://www.bing.com" "Mozilla/5.0 (compatible; Googlebot/2.1; +http://www.google.com/bot.html)"
192.168.1.1 - - [21/May/2025:13:02:54 +0000] "DELETE /css/main.css HTTP/1.1" 200 9974 "https://www.twitter.com" "Mozilla/5.0 (compatible; Googlebot/2.1; +http://www.google.com/bot.html)"
8.8.8.8 - - [21/May/2025:13:02:54 +0000] "PUT /css/main.css HTTP/1.1" 500 9299 "https://www.twitter.com" "Mozilla/5.0 (X11; Linux x86_64; rv:89.0) Gecko/20100101 Firefox/89.0"
192.168.1.4 - - [21/May/2025:13:02:54 +0000] "GET /products.html HTTP/2.0" 302 1326 "https://www.twitter.com" "Mozilla/5.0 (compatible; Googlebot/2.1; +http://www.google.com/bot.html)"
10.0.0.2 - - [21/May/2025:13:02:54 +0000] "POST /index.html HTTP/1.0" 304 2641 "https://www.facebook.com" "Mozilla/5.0 (Windows NT 10.0; Win64; x64) AppleWebKit/537.36 (KHTML, like Gecko) Chrome/91.0.4472.124 Safari/537.36"
172.16.0.1 - - [21/May/2025:13:02:55 +0000] "POST /index.html HTTP/1.1" 304 4083 "https://www.google.com" "Mozilla/5.0 (Windows NT 10.0; Win64; x64) AppleWebKit/537.36 (KHTML, like Gecko) Chrome/91.0.4472.124 Safari/537.36"
10.0.0.1 - - [21/May/2025:13:02:55 +0000] "GET /index.html HTTP/2.0" 404 7881 "https://www.twitter.com" "Mozilla/5.0 (Macintosh; Intel Mac OS X 10_15_7) AppleWebKit/605.1.15 (KHTML, like Gecko) Version/14.1.1 Safari/605.1.15"
192.168.1.2 - - [21/May/2025:13:02:55 +0000] "PUT /css/main.css HTTP/1.0" 200 3024 "https://www.google.com" "Mozilla/5.0 (Windows NT 10.0; Win64; x64) AppleWebKit/537.36 (KHTML, like Gecko) Chrome/91.0.4472.124 Safari/537.36"
192.168.1.4 - - [21/May/2025:13:02:58 +0000] "POST /contact.html HTTP/1.1" 200 5523 "-" "Mozilla/5.0 (Windows NT 10.0; Win64; x64) AppleWebKit/537.36 (KHTML, like Gecko) Chrome/91.0.4472.124 Safari/537.36"
10.0.0.1 - - [21/May/2025:13:02:58 +0000] "DELETE /api/v1/users HTTP/1.0" 200 6006 "https://www.twitter.com" "Mozilla/5.0 (iPhone; CPU iPhone OS 14_6 like Mac OS X) AppleWebKit/605.1.15 (KHTML, like Gecko) Version/14.0 Mobile/15E148 Safari/604.1"
192.168.1.2 - - [21/May/2025:13:02:58 +0000] "POST /contact.html HTTP/1.0" 200 7107 "https://www.linkedin.com" "Mozilla/5.0 (compatible; Googlebot/2.1; +http://www.google.com/bot.html)"
10.0.0.2 - - [21/May/2025:13:03:01 +0000] "PUT /services.html HTTP/1.0" 401 6820 "https://www.linkedin.com" "Mozilla/5.0 (compatible; Googlebot/2.1; +http://www.google.com/bot.html)"
8.8.4.4 - - [21/May/2025:13:03:01 +0000] "POST /css/main.css HTTP/1.1" 302 9930 "https://www.linkedin.com" "Mozilla/5.0 (X11; Linux x86_64; rv:89.0) Gecko/20100101 Firefox/89.0"
10.0.0.2 - - [21/May/2025:13:03:02 +0000] "PUT /images/logo.png HTTP/2.0" 302 2167 "https://www.twitter.com" "Mozilla/5.0 (iPhone; CPU iPhone OS 14_6 like Mac OS X) AppleWebKit/605.1.15 (KHTML, like Gecko) Version/14.0 Mobile/15E148 Safari/604.1"
192.168.1.3 - - [21/May/2025:13:03:02 +0000] "POST /api/v1/products HTTP/1.1" 304 1161 "https://www.bing.com" "Mozilla/5.0 (Windows NT 10.0; Win64; x64) AppleWebKit/537.36 (KHTML, like Gecko) Chrome/91.0.4472.124 Safari/537.36"
8.8.8.8 - - [21/May/2025:13:03:02 +0000] "GET /images/logo.png HTTP/2.0" 304 1392 "https://www.bing.com" "Mozilla/5.0 (Macintosh; Intel Mac OS X 10_15_7) AppleWebKit/605.1.15 (KHTML, like Gecko) Version/14.1.1 Safari/605.1.15"
8.8.4.4 - - [21/May/2025:13:03:02 +0000] "POST /api/v1/products HTTP/1.1" 200 3460 "https://www.bing.com" "Mozilla/5.0 (X11; Linux x86_64; rv:89.0) Gecko/20100101 Firefox/89.0"
10.0.0.1 - - [21/May/2025:13:03:03 +0000] "PUT /css/main.css HTTP/2.0" 401 4039 "https://www.linkedin.com" "Mozilla/5.0 (iPhone; CPU iPhone OS 14_6 like Mac OS X) AppleWebKit/605.1.15 (KHTML, like Gecko) Version/14.0 Mobile/15E148 Safari/604.1"
192.168.1.5 - - [21/May/2025:13:03:04 +0000] "POST /about.html HTTP/2.0" 200 3257 "https://www.twitter.com" "Mozilla/5.0 (X11; Linux x86_64; rv:89.0) Gecko/20100101 Firefox/89.0"
192.168.1.2 - - [21/May/2025:13:03:04 +0000] "GET /products.html HTTP/2.0" 200 2172 "https://www.google.com" "Mozilla/5.0 (X11; Linux x86_64; rv:89.0) Gecko/20100101 Firefox/89.0"
